Component: ARM Compiler 5.06 update 7 (build 960) Tool: armlink [4d3601]

==============================================================================

Section Cross References

    startup_stm32f103xb.o(RESET) refers to startup_stm32f103xb.o(STACK) for __initial_sp
    startup_stm32f103xb.o(RESET) refers to startup_stm32f103xb.o(.text) for Reset_Handler
    startup_stm32f103xb.o(RESET) refers to stm32f1xx_it.o(i.NMI_Handler) for NMI_Handler
    startup_stm32f103xb.o(RESET) refers to stm32f1xx_it.o(i.HardFault_Handler) for HardFault_Handler
    startup_stm32f103xb.o(RESET) refers to stm32f1xx_it.o(i.MemManage_Handler) for MemManage_Handler
    startup_stm32f103xb.o(RESET) refers to stm32f1xx_it.o(i.BusFault_Handler) for BusFault_Handler
    startup_stm32f103xb.o(RESET) refers to stm32f1xx_it.o(i.UsageFault_Handler) for UsageFault_Handler
    startup_stm32f103xb.o(RESET) refers to stm32f1xx_it.o(i.SVC_Handler) for SVC_Handler
    startup_stm32f103xb.o(RESET) refers to stm32f1xx_it.o(i.DebugMon_Handler) for DebugMon_Handler
    startup_stm32f103xb.o(RESET) refers to stm32f1xx_it.o(i.PendSV_Handler) for PendSV_Handler
    startup_stm32f103xb.o(RESET) refers to stm32f1xx_it.o(i.SysTick_Handler) for SysTick_Handler
    startup_stm32f103xb.o(RESET) refers to stm32f1xx_it.o(i.RTC_IRQHandler) for RTC_IRQHandler
    startup_stm32f103xb.o(RESET) refers to stm32f1xx_it.o(i.EXTI0_IRQHandler) for EXTI0_IRQHandler
    startup_stm32f103xb.o(RESET) refers to stm32f1xx_it.o(i.RTC_Alarm_IRQHandler) for RTC_Alarm_IRQHandler
    startup_stm32f103xb.o(.text) refers to system_stm32f1xx.o(i.SystemInit) for SystemInit
    startup_stm32f103xb.o(.text) refers to entry.o(.ARM.Collect$$$$00000000) for __main
    main.o(i.Error_Handler) refers to stm32f1xx_hal.o(i.HAL_Delay) for HAL_Delay
    main.o(i.LCD_RESET_SET) refers to stm32f1xx_hal_gpio.o(i.HAL_GPIO_WritePin) for HAL_GPIO_WritePin
    main.o(i.LCD_RESET_SET) refers to stm32f1xx_hal.o(i.HAL_Delay) for HAL_Delay
    main.o(i.SystemClock_Config) refers to memseta.o(.text) for __aeabi_memclr4
    main.o(i.SystemClock_Config) refers to stm32f1xx_hal_rcc.o(i.HAL_RCC_OscConfig) for HAL_RCC_OscConfig
    main.o(i.SystemClock_Config) refers to main.o(i.Error_Handler) for Error_Handler
    main.o(i.SystemClock_Config) refers to stm32f1xx_hal_rcc.o(i.HAL_RCC_ClockConfig) for HAL_RCC_ClockConfig
    main.o(i.SystemClock_Config) refers to stm32f1xx_hal_rcc_ex.o(i.HAL_RCCEx_PeriphCLKConfig) for HAL_RCCEx_PeriphCLKConfig
    main.o(i.__backspace) refers to main.o(.data) for .data
    main.o(i.fgetc) refers to main.o(i.ITM_SendChar) for ITM_SendChar
    main.o(i.fgetc) refers to main.o(.data) for .data
    main.o(i.fgetc) refers to retarget_io.o(.data) for ITM_RxBuffer
    main.o(i.fputc) refers to main.o(i.ITM_SendChar) for ITM_SendChar
    main.o(i.main) refers to stm32f1xx_hal.o(i.HAL_Init) for HAL_Init
    main.o(i.main) refers to main.o(i.SystemClock_Config) for SystemClock_Config
    main.o(i.main) refers to stm32f1xx_nucleo.o(i.LCD_IO_Init) for LCD_IO_Init
    main.o(i.main) refers to stm32f1xx_nucleo.o(i.SPIx_MspInit) for SPIx_MspInit
    main.o(i.main) refers to stm32f1xx_nucleo.o(i.SPIx_Init) for SPIx_Init
    main.o(i.main) refers to printf6.o(i.__0printf$6) for __2printf
    main.o(i.main) refers to stm32_adafruit_lcd.o(i.BSP_LCD_Init) for BSP_LCD_Init
    main.o(i.main) refers to st7789.o(i.ST7789_WriteChar) for ST7789_WriteChar
    main.o(i.main) refers to st7789.o(i.ST7789_Test) for ST7789_Test
    main.o(i.main) refers to stm32f1xx_hal.o(i.HAL_Delay) for HAL_Delay
    main.o(i.main) refers to fonts.o(.data) for Font_16x26
    retarget.o(i._ttywrch) refers to serial.o(i.SER_PutChar) for SER_PutChar
    stm32f1xx_it.o(i.EXTI0_IRQHandler) refers to stm32f1xx_hal_gpio.o(i.HAL_GPIO_EXTI_IRQHandler) for HAL_GPIO_EXTI_IRQHandler
    stm32f1xx_it.o(i.RTC_Alarm_IRQHandler) refers to stm32f1xx_hal_rtc.o(i.HAL_RTC_AlarmIRQHandler) for HAL_RTC_AlarmIRQHandler
    stm32f1xx_it.o(i.RTC_Alarm_IRQHandler) refers to main.o(.bss) for RtcHandle
    stm32f1xx_it.o(i.RTC_IRQHandler) refers to stm32f1xx_hal_rtc_ex.o(i.HAL_RTCEx_RTCIRQHandler) for HAL_RTCEx_RTCIRQHandler
    stm32f1xx_it.o(i.RTC_IRQHandler) refers to main.o(.bss) for RtcHandle
    stm32f1xx_it.o(i.SysTick_Handler) refers to stm32f1xx_hal.o(i.HAL_IncTick) for HAL_IncTick
    stm32f1xx_hal_msp.o(i.HAL_RTC_MspDeInit) refers to stm32f1xx_hal_cortex.o(i.HAL_NVIC_DisableIRQ) for HAL_NVIC_DisableIRQ
    stm32f1xx_hal_msp.o(i.HAL_RTC_MspInit) refers to stm32f1xx_hal_pwr.o(i.HAL_PWR_EnableBkUpAccess) for HAL_PWR_EnableBkUpAccess
    stm32f1xx_hal_msp.o(i.HAL_RTC_MspInit) refers to stm32f1xx_hal_rcc.o(i.HAL_RCC_OscConfig) for HAL_RCC_OscConfig
    stm32f1xx_hal_msp.o(i.HAL_RTC_MspInit) refers to main.o(i.Error_Handler) for Error_Handler
    stm32f1xx_hal_msp.o(i.HAL_RTC_MspInit) refers to stm32f1xx_hal_rcc_ex.o(i.HAL_RCCEx_PeriphCLKConfig) for HAL_RCCEx_PeriphCLKConfig
[...]
    uldiv.o(.text) refers to llshl.o(.text) for __aeabi_llsl
    dadd.o(.text) refers to llshl.o(.text) for __aeabi_llsl
    dadd.o(.text) refers to llsshr.o(.text) for __aeabi_lasr
    dadd.o(.text) refers to depilogue.o(.text) for _double_epilogue
    dmul.o(.text) refers to depilogue.o(.text) for _double_epilogue
    ddiv.o(.text) refers to depilogue.o(.text) for _double_round
    dfixul.o(.text) refers to llushr.o(.text) for __aeabi_llsr
    dfixul.o(.text) refers to llshl.o(.text) for __aeabi_llsl
    init.o(.text) refers to entry5.o(.ARM.Collect$$$$00000004) for __main_after_scatterload
    depilogue.o(.text) refers to llshl.o(.text) for __aeabi_llsl
    depilogue.o(.text) refers to llushr.o(.text) for __aeabi_llsr


==============================================================================

Removing Unused input sections from the image.

    Removing startup_stm32f103xb.o(HEAP), (512 bytes).
    Removing main.o(.rev16_text), (4 bytes).
    Removing main.o(.revsh_text), (4 bytes).
    Removing main.o(.rrx_text), (6 bytes).
    Removing main.o(i.__backspace), (16 bytes).
    Removing main.o(i.fgetc), (68 bytes).
    Removing main.o(.bss), (50 bytes).
    Removing main.o(.bss), (20 bytes).
    Removing main.o(.bss), (100 bytes).
    Removing main.o(.bss), (560 bytes).
    Removing main.o(.bss), (20 bytes).
    Removing main.o(.data), (1 bytes).
    Removing main.o(.data), (1 bytes).
    Removing main.o(.data), (4 bytes).
    Removing main.o(.data), (2 bytes).
    Removing main.o(.data), (2 bytes).
    Removing main.o(.data), (2 bytes).
    Removing main.o(.data), (2 bytes).
    Removing main.o(.data), (2 bytes).
    Removing main.o(.data), (2 bytes).
    Removing main.o(.data), (4 bytes).
    Removing main.o(.data), (8 bytes).
    Removing retarget.o(i._sys_exit), (2 bytes).
    Removing retarget.o(i._ttywrch), (4 bytes).
    Removing retarget.o(i.ferror), (6 bytes).
    Removing serial.o(.rev16_text), (4 bytes).
    Removing serial.o(.revsh_text), (4 bytes).
    Removing serial.o(.rrx_text), (6 bytes).
    Removing serial.o(i.SER_Init), (2 bytes).
    Removing serial.o(i.SER_PutChar), (40 bytes).
    Removing stm32f1xx_it.o(.rev16_text), (4 bytes).
    Removing stm32f1xx_it.o(.revsh_text), (4 bytes).
    Removing stm32f1xx_it.o(.rrx_text), (6 bytes).
    Removing stm32f1xx_hal_msp.o(.rev16_text), (4 bytes).
    Removing stm32f1xx_hal_msp.o(.revsh_text), (4 bytes).
    Removing stm32f1xx_hal_msp.o(.rrx_text), (6 bytes).
    Removing stm32f1xx_hal_msp.o(i.HAL_RTC_MspDeInit), (32 bytes).
    Removing stm32f1xx_hal_msp.o(i.HAL_RTC_MspInit), (104 bytes).
    Removing stm32f1xx_hal_msp.o(i.HAL_SPI_MspDeInit), (44 bytes).
    Removing stm32f1xx_hal_msp.o(i.HAL_SPI_MspInit), (116 bytes).
    Removing stm32f1xx_hal_msp.o(i.HAL_UART_MspDeInit), (52 bytes).
    Removing stm32f1xx_hal_msp.o(i.HAL_UART_MspInit), (108 bytes).
    Removing stm32f1xx_hal.o(.rev16_text), (4 bytes).
    Removing stm32f1xx_hal.o(.revsh_text), (4 bytes).
    Removing stm32f1xx_hal.o(.rrx_text), (6 bytes).
    Removing stm32f1xx_hal.o(i.HAL_DBGMCU_DisableDBGSleepMode), (16 bytes).
    Removing stm32f1xx_hal.o(i.HAL_DBGMCU_DisableDBGStandbyMode), (16 bytes).
    Removing stm32f1xx_hal.o(i.HAL_DBGMCU_DisableDBGStopMode), (16 bytes).
    Removing stm32f1xx_hal.o(i.HAL_DBGMCU_EnableDBGSleepMode), (16 bytes).
    Removing stm32f1xx_hal.o(i.HAL_DBGMCU_EnableDBGStandbyMode), (16 bytes).
    Removing stm32f1xx_hal.o(i.HAL_DBGMCU_EnableDBGStopMode), (16 bytes).
    Removing stm32f1xx_hal.o(i.HAL_DeInit), (32 bytes).
    Removing stm32f1xx_hal.o(i.HAL_GetDEVID), (16 bytes).
    Removing stm32f1xx_hal.o(i.HAL_GetHalVersion), (8 bytes).
    Removing stm32f1xx_hal.o(i.HAL_GetREVID), (12 bytes).
    Removing stm32f1xx_hal.o(i.HAL_GetTickFreq), (12 bytes).
    Removing stm32f1xx_hal.o(i.HAL_GetTickPrio), (12 bytes).
    Removing stm32f1xx_hal.o(i.HAL_GetUIDw0), (12 bytes).
    Removing stm32f1xx_hal.o(i.HAL_GetUIDw1), (12 bytes).
    Removing stm32f1xx_hal.o(i.HAL_GetUIDw2), (12 bytes).
    Removing stm32f1xx_hal.o(i.HAL_MspDeInit), (2 bytes).
    Removing stm32f1xx_hal.o(i.HAL_MspInit), (2 bytes).
    Removing stm32f1xx_hal.o(i.HAL_ResumeTick), (14 bytes).
    Removing stm32f1xx_hal.o(i.HAL_SetTickFreq), (36 bytes).
    Removing stm32f1xx_hal.o(i.HAL_SuspendTick), (14 bytes).
    Removing stm32f1xx_hal_spi.o(.rev16_text), (4 bytes).
    Removing stm32f1xx_hal_spi.o(.revsh_text), (4 bytes).
    Removing stm32f1xx_hal_spi.o(.rrx_text), (6 bytes).
    Removing stm32f1xx_hal_spi.o(i.HAL_SPI_Abort), (292 bytes).
    Removing stm32f1xx_hal_spi.o(i.HAL_SPI_AbortCpltCallback), (2 bytes).
    Removing stm32f1xx_hal_spi.o(i.HAL_SPI_Abort_IT), (300 bytes).
    Removing stm32f1xx_hal_spi.o(i.HAL_SPI_DMAPause), (38 bytes).
    Removing stm32f1xx_hal_spi.o(i.HAL_SPI_DMAResume), (38 bytes).
    Removing stm32f1xx_hal_spi.o(i.HAL_SPI_DMAStop), (68 bytes).
    Removing stm32f1xx_hal_spi.o(i.HAL_SPI_DeInit), (46 bytes).
    Removing stm32f1xx_hal_spi.o(i.HAL_SPI_ErrorCallback), (2 bytes).
    Removing stm32f1xx_hal_spi.o(i.HAL_SPI_GetError), (4 bytes).
    Removing stm32f1xx_hal_spi.o(i.HAL_SPI_IRQHandler), (240 bytes).
    Removing stm32f1xx_hal_spi.o(i.HAL_SPI_MspDeInit), (2 bytes).
    Removing stm32f1xx_hal_spi.o(i.HAL_SPI_MspInit), (2 bytes).
    Removing stm32f1xx_hal_spi.o(i.HAL_SPI_Receive), (570 bytes).
    Removing stm32f1xx_hal_spi.o(i.HAL_SPI_Receive_DMA), (264 bytes).
    Removing stm32f1xx_hal_spi.o(i.HAL_SPI_Receive_IT), (204 bytes).
    Removing stm32f1xx_hal_spi.o(i.HAL_SPI_RxCpltCallback), (2 bytes).
    Removing stm32f1xx_hal_spi.o(i.HAL_SPI_RxHalfCpltCallback), (2 bytes).
    Removing stm32f1xx_hal_spi.o(i.HAL_SPI_TransmitReceive), (740 bytes).
    Removing stm32f1xx_hal_spi.o(i.HAL_SPI_TransmitReceive_DMA), (324 bytes).
    Removing stm32f1xx_hal_spi.o(i.HAL_SPI_TransmitReceive_IT), (188 bytes).
    Removing stm32f1xx_hal_spi.o(i.HAL_SPI_Transmit_DMA), (236 bytes).
    Removing stm32f1xx_hal_spi.o(i.HAL_SPI_Transmit_IT), (176 bytes).
    Removing stm32f1xx_hal_spi.o(i.HAL_SPI_TxCpltCallback), (2 bytes).
    Removing stm32f1xx_hal_spi.o(i.HAL_SPI_TxHalfCpltCallback), (2 bytes).
    Removing stm32f1xx_hal_spi.o(i.HAL_SPI_TxRxCpltCallback), (2 bytes).
    Removing stm32f1xx_hal_spi.o(i.HAL_SPI_TxRxHalfCpltCallback), (2 bytes).
    Removing stm32f1xx_hal_spi.o(i.SPI_2linesRxISR_16BIT), (64 bytes).
    Removing stm32f1xx_hal_spi.o(i.SPI_2linesRxISR_16BITCRC), (22 bytes).
    Removing stm32f1xx_hal_spi.o(i.SPI_2linesRxISR_8BIT), (64 bytes).
    Removing stm32f1xx_hal_spi.o(i.SPI_2linesRxISR_8BITCRC), (44 bytes).
    Removing stm32f1xx_hal_spi.o(i.SPI_2linesTxISR_16BIT), (76 bytes).
    Removing stm32f1xx_hal_spi.o(i.SPI_2linesTxISR_8BIT), (76 bytes).
    Removing stm32f1xx_hal_spi.o(i.SPI_AbortRx_ISR), (88 bytes).
    Removing stm32f1xx_hal_spi.o(i.SPI_AbortTx_ISR), (28 bytes).
    Removing stm32f1xx_hal_spi.o(i.SPI_CloseRxTx_ISR), (224 bytes).
    Removing stm32f1xx_hal_spi.o(i.SPI_CloseRx_ISR), (142 bytes).
    Removing stm32f1xx_hal_spi.o(i.SPI_CloseTx_ISR), (128 bytes).
    Removing stm32f1xx_hal_spi.o(i.SPI_DMAAbortOnError), (16 bytes).
    Removing stm32f1xx_hal_spi.o(i.SPI_DMAError), (34 bytes).
    Removing stm32f1xx_hal_spi.o(i.SPI_DMAHalfReceiveCplt), (10 bytes).
    Removing stm32f1xx_hal_spi.o(i.SPI_DMAHalfTransmitCplt), (10 bytes).
    Removing stm32f1xx_hal_spi.o(i.SPI_DMAHalfTransmitReceiveCplt), (10 bytes).
    Removing stm32f1xx_hal_spi.o(i.SPI_DMAReceiveCplt), (212 bytes).
    Removing stm32f1xx_hal_spi.o(i.SPI_DMARxAbortCallback), (98 bytes).
    Removing stm32f1xx_hal_spi.o(i.SPI_DMATransmitCplt), (100 bytes).
    Removing stm32f1xx_hal_spi.o(i.SPI_DMATransmitReceiveCplt), (194 bytes).
    Removing stm32f1xx_hal_spi.o(i.SPI_DMATxAbortCallback), (112 bytes).
    Removing stm32f1xx_hal_spi.o(i.SPI_EndRxTransaction), (112 bytes).
    Removing stm32f1xx_hal_spi.o(i.SPI_ISCRCErrorValid), (4 bytes).
    Removing stm32f1xx_hal_spi.o(i.SPI_RxISR_16BIT), (88 bytes).
    Removing stm32f1xx_hal_spi.o(i.SPI_RxISR_16BITCRC), (22 bytes).
    Removing stm32f1xx_hal_spi.o(i.SPI_RxISR_8BIT), (88 bytes).
    Removing stm32f1xx_hal_spi.o(i.SPI_RxISR_8BITCRC), (22 bytes).
    Removing stm32f1xx_hal_spi.o(i.SPI_TxISR_16BIT), (50 bytes).
    Removing stm32f1xx_hal_spi.o(i.SPI_TxISR_8BIT), (50 bytes).
    Removing stm32f1xx_hal_gpio.o(.rev16_text), (4 bytes).
    Removing stm32f1xx_hal_gpio.o(.revsh_text), (4 bytes).
    Removing stm32f1xx_hal_gpio.o(.rrx_text), (6 bytes).
    Removing stm32f1xx_hal_gpio.o(i.HAL_GPIO_DeInit), (236 bytes).
    Removing stm32f1xx_hal_gpio.o(i.HAL_GPIO_LockPin), (36 bytes).
    Removing stm32f1xx_hal_gpio.o(i.HAL_GPIO_ReadPin), (14 bytes).
    Removing stm32f1xx_hal_gpio.o(i.HAL_GPIO_TogglePin), (16 bytes).
    Removing stm32f1xx_hal_gpio_ex.o(.rev16_text), (4 bytes).
    Removing stm32f1xx_hal_gpio_ex.o(.revsh_text), (4 bytes).
    Removing stm32f1xx_hal_gpio_ex.o(.rrx_text), (6 bytes).
    Removing stm32f1xx_hal_gpio_ex.o(i.HAL_GPIOEx_ConfigEventout), (20 bytes).
    Removing stm32f1xx_hal_gpio_ex.o(i.HAL_GPIOEx_DisableEventout), (16 bytes).
    Removing stm32f1xx_hal_gpio_ex.o(i.HAL_GPIOEx_EnableEventout), (16 bytes).
    Removing stm32f1xx_hal_rcc.o(.rev16_text), (4 bytes).
    Removing stm32f1xx_hal_rcc.o(.revsh_text), (4 bytes).
    Removing stm32f1xx_hal_rcc.o(.rrx_text), (6 bytes).
    Removing stm32f1xx_hal_rcc.o(i.HAL_RCC_CSSCallback), (2 bytes).
    Removing stm32f1xx_hal_rcc.o(i.HAL_RCC_DeInit), (228 bytes).
    Removing stm32f1xx_hal_rcc.o(i.HAL_RCC_DisableCSS), (12 bytes).
    Removing stm32f1xx_hal_rcc.o(i.HAL_RCC_EnableCSS), (12 bytes).
    Removing stm32f1xx_hal_rcc.o(i.HAL_RCC_GetClockConfig), (60 bytes).
    Removing stm32f1xx_hal_rcc.o(i.HAL_RCC_GetHCLKFreq), (12 bytes).
    Removing stm32f1xx_hal_rcc.o(i.HAL_RCC_GetOscConfig), (148 bytes).
    Removing stm32f1xx_hal_rcc.o(i.HAL_RCC_GetPCLK1Freq), (32 bytes).
    Removing stm32f1xx_hal_rcc.o(i.HAL_RCC_GetPCLK2Freq), (32 bytes).
    Removing stm32f1xx_hal_rcc.o(i.HAL_RCC_MCOConfig), (72 bytes).
    Removing stm32f1xx_hal_rcc.o(i.HAL_RCC_NMI_IRQHandler), (24 bytes).
    Removing stm32f1xx_hal_rtc.o(.rev16_text), (4 bytes).
    Removing stm32f1xx_hal_rtc.o(.revsh_text), (4 bytes).
    Removing stm32f1xx_hal_rtc.o(.rrx_text), (6 bytes).
    Removing stm32f1xx_hal_rtc.o(i.HAL_RTC_DeInit), (110 bytes).
    Removing stm32f1xx_hal_rtc.o(i.HAL_RTC_DeactivateAlarm), (124 bytes).
    Removing stm32f1xx_hal_rtc.o(i.HAL_RTC_GetAlarm), (104 bytes).
    Removing stm32f1xx_hal_rtc.o(i.HAL_RTC_GetDate), (82 bytes).
    Removing stm32f1xx_hal_rtc.o(i.HAL_RTC_GetState), (4 bytes).
    Removing stm32f1xx_hal_rtc.o(i.HAL_RTC_GetTime), (234 bytes).
    Removing stm32f1xx_hal_rtc.o(i.HAL_RTC_Init), (172 bytes).
    Removing stm32f1xx_hal_rtc.o(i.HAL_RTC_MspDeInit), (2 bytes).
    Removing stm32f1xx_hal_rtc.o(i.HAL_RTC_MspInit), (2 bytes).
    Removing stm32f1xx_hal_rtc.o(i.HAL_RTC_PollForAlarmAEvent), (66 bytes).
    Removing stm32f1xx_hal_rtc.o(i.HAL_RTC_SetAlarm), (196 bytes).
    Removing stm32f1xx_hal_rtc.o(i.HAL_RTC_SetAlarm_IT), (244 bytes).
    Removing stm32f1xx_hal_rtc.o(i.HAL_RTC_SetDate), (212 bytes).
    Removing stm32f1xx_hal_rtc.o(i.HAL_RTC_SetTime), (184 bytes).
    Removing stm32f1xx_hal_rtc.o(i.HAL_RTC_WaitForSynchro), (60 bytes).
    Removing stm32f1xx_hal_rtc.o(i.RTC_Bcd2ToByte), (18 bytes).
    Removing stm32f1xx_hal_rtc.o(i.RTC_ByteToBcd2), (22 bytes).
    Removing stm32f1xx_hal_rtc.o(i.RTC_DateUpdate), (174 bytes).
    Removing stm32f1xx_hal_rtc.o(i.RTC_EnterInitMode), (52 bytes).
    Removing stm32f1xx_hal_rtc.o(i.RTC_ExitInitMode), (52 bytes).
    Removing stm32f1xx_hal_rtc.o(i.RTC_IsLeapYear), (46 bytes).
    Removing stm32f1xx_hal_rtc.o(i.RTC_ReadAlarmCounter), (14 bytes).
    Removing stm32f1xx_hal_rtc.o(i.RTC_ReadTimeCounter), (32 bytes).
    Removing stm32f1xx_hal_rtc.o(i.RTC_WeekDayNum), (102 bytes).
    Removing stm32f1xx_hal_rtc.o(i.RTC_WriteAlarmCounter), (46 bytes).
    Removing stm32f1xx_hal_rtc.o(i.RTC_WriteTimeCounter), (46 bytes).
    Removing stm32f1xx_hal_rtc_ex.o(.rev16_text), (4 bytes).
    Removing stm32f1xx_hal_rtc_ex.o(.revsh_text), (4 bytes).
    Removing stm32f1xx_hal_rtc_ex.o(.rrx_text), (6 bytes).
    Removing stm32f1xx_hal_rtc_ex.o(i.HAL_RTCEx_BKUPRead), (16 bytes).
    Removing stm32f1xx_hal_rtc_ex.o(i.HAL_RTCEx_BKUPWrite), (16 bytes).
    Removing stm32f1xx_hal_rtc_ex.o(i.HAL_RTCEx_DeactivateSecond), (46 bytes).
    Removing stm32f1xx_hal_rtc_ex.o(i.HAL_RTCEx_DeactivateTamper), (76 bytes).
    Removing stm32f1xx_hal_rtc_ex.o(i.HAL_RTCEx_PollForTamper1Event), (76 bytes).
    Removing stm32f1xx_hal_rtc_ex.o(i.HAL_RTCEx_SetSecond_IT), (46 bytes).
    Removing stm32f1xx_hal_rtc_ex.o(i.HAL_RTCEx_SetSmoothCalib), (56 bytes).
    Removing stm32f1xx_hal_rtc_ex.o(i.HAL_RTCEx_SetTamper), (88 bytes).
    Removing stm32f1xx_hal_rtc_ex.o(i.HAL_RTCEx_SetTamper_IT), (96 bytes).
    Removing stm32f1xx_hal_rtc_ex.o(i.HAL_RTCEx_Tamper1EventCallback), (2 bytes).
    Removing stm32f1xx_hal_rtc_ex.o(i.HAL_RTCEx_TamperIRQHandler), (44 bytes).
    Removing stm32f1xx_hal_cortex.o(.rev16_text), (4 bytes).
    Removing stm32f1xx_hal_cortex.o(.revsh_text), (4 bytes).
    Removing stm32f1xx_hal_cortex.o(.rrx_text), (6 bytes).
    Removing stm32f1xx_hal_cortex.o(i.HAL_NVIC_ClearPendingIRQ), (26 bytes).
    Removing stm32f1xx_hal_cortex.o(i.HAL_NVIC_DisableIRQ), (34 bytes).
    Removing stm32f1xx_hal_cortex.o(i.HAL_NVIC_EnableIRQ), (26 bytes).
    Removing stm32f1xx_hal_cortex.o(i.HAL_NVIC_GetActive), (40 bytes).
    Removing stm32f1xx_hal_cortex.o(i.HAL_NVIC_GetPendingIRQ), (40 bytes).
    Removing stm32f1xx_hal_cortex.o(i.HAL_NVIC_GetPriority), (86 bytes).
    Removing stm32f1xx_hal_cortex.o(i.HAL_NVIC_GetPriorityGrouping), (16 bytes).
    Removing stm32f1xx_hal_cortex.o(i.HAL_NVIC_SetPendingIRQ), (26 bytes).
    Removing stm32f1xx_hal_cortex.o(i.HAL_NVIC_SystemReset), (36 bytes).
    Removing stm32f1xx_hal_cortex.o(i.HAL_SYSTICK_CLKSourceConfig), (28 bytes).
    Removing stm32f1xx_hal_cortex.o(i.HAL_SYSTICK_Callback), (2 bytes).
    Removing stm32f1xx_hal_cortex.o(i.HAL_SYSTICK_IRQHandler), (8 bytes).
    Removing stm32f1xx_hal_pwr.o(.rev16_text), (4 bytes).
    Removing stm32f1xx_hal_pwr.o(.revsh_text), (4 bytes).
    Removing stm32f1xx_hal_pwr.o(.rrx_text), (6 bytes).
    Removing stm32f1xx_hal_pwr.o(i.HAL_PWR_ConfigPVD), (124 bytes).
    Removing stm32f1xx_hal_pwr.o(i.HAL_PWR_DeInit), (24 bytes).
    Removing stm32f1xx_hal_pwr.o(i.HAL_PWR_DisableBkUpAccess), (12 bytes).
    Removing stm32f1xx_hal_pwr.o(i.HAL_PWR_DisablePVD), (12 bytes).
    Removing stm32f1xx_hal_pwr.o(i.HAL_PWR_DisableSEVOnPend), (16 bytes).
    Removing stm32f1xx_hal_pwr.o(i.HAL_PWR_DisableSleepOnExit), (16 bytes).
    Removing stm32f1xx_hal_pwr.o(i.HAL_PWR_DisableWakeUpPin), (28 bytes).
    Removing stm32f1xx_hal_pwr.o(i.HAL_PWR_EnableBkUpAccess), (12 bytes).
    Removing stm32f1xx_hal_pwr.o(i.HAL_PWR_EnablePVD), (12 bytes).
    Removing stm32f1xx_hal_pwr.o(i.HAL_PWR_EnableSEVOnPend), (16 bytes).
    Removing stm32f1xx_hal_pwr.o(i.HAL_PWR_EnableSleepOnExit), (16 bytes).
    Removing stm32f1xx_hal_pwr.o(i.HAL_PWR_EnableWakeUpPin), (28 bytes).
    Removing stm32f1xx_hal_pwr.o(i.HAL_PWR_EnterSLEEPMode), (32 bytes).
    Removing stm32f1xx_hal_pwr.o(i.HAL_PWR_EnterSTANDBYMode), (32 bytes).
    Removing stm32f1xx_hal_pwr.o(i.HAL_PWR_EnterSTOPMode), (68 bytes).
    Removing stm32f1xx_hal_pwr.o(i.HAL_PWR_PVDCallback), (2 bytes).
    Removing stm32f1xx_hal_pwr.o(i.HAL_PWR_PVD_IRQHandler), (28 bytes).
    Removing stm32f1xx_hal_pwr.o(i.PWR_OverloadWfe), (6 bytes).
    Removing stm32f1xx_hal_rcc_ex.o(.rev16_text), (4 bytes).
    Removing stm32f1xx_hal_rcc_ex.o(.revsh_text), (4 bytes).
    Removing stm32f1xx_hal_rcc_ex.o(.rrx_text), (6 bytes).
    Removing stm32f1xx_hal_rcc_ex.o(i.HAL_RCCEx_GetPeriphCLKConfig), (44 bytes).
    Removing stm32f1xx_hal_rcc_ex.o(i.HAL_RCCEx_GetPeriphCLKFreq), (168 bytes).
    Removing stm32f1xx_hal_rcc_ex.o(.constdata), (18 bytes).
    Removing stm32f1xx_hal_dma.o(.rev16_text), (4 bytes).
    Removing stm32f1xx_hal_dma.o(.revsh_text), (4 bytes).
    Removing stm32f1xx_hal_dma.o(.rrx_text), (6 bytes).
    Removing stm32f1xx_hal_dma.o(i.DMA_SetConfig), (44 bytes).
    Removing stm32f1xx_hal_dma.o(i.HAL_DMA_Abort), (70 bytes).
    Removing stm32f1xx_hal_dma.o(i.HAL_DMA_Abort_IT), (152 bytes).
    Removing stm32f1xx_hal_dma.o(i.HAL_DMA_DeInit), (96 bytes).
    Removing stm32f1xx_hal_dma.o(i.HAL_DMA_GetError), (4 bytes).
    Removing stm32f1xx_hal_dma.o(i.HAL_DMA_GetState), (6 bytes).
    Removing stm32f1xx_hal_dma.o(i.HAL_DMA_IRQHandler), (360 bytes).
    Removing stm32f1xx_hal_dma.o(i.HAL_DMA_Init), (100 bytes).
    Removing stm32f1xx_hal_dma.o(i.HAL_DMA_PollForTransfer), (556 bytes).
    Removing stm32f1xx_hal_dma.o(i.HAL_DMA_RegisterCallback), (76 bytes).
    Removing stm32f1xx_hal_dma.o(i.HAL_DMA_Start), (80 bytes).
    Removing stm32f1xx_hal_dma.o(i.HAL_DMA_Start_IT), (116 bytes).
    Removing stm32f1xx_hal_dma.o(i.HAL_DMA_UnRegisterCallback), (86 bytes).
    Removing stm32f1xx_hal_adc.o(.rev16_text), (4 bytes).
    Removing stm32f1xx_hal_adc.o(.revsh_text), (4 bytes).
    Removing stm32f1xx_hal_adc.o(.rrx_text), (6 bytes).
    Removing stm32f1xx_hal_adc.o(i.ADC_ConversionStop_Disable), (84 bytes).
    Removing stm32f1xx_hal_adc.o(i.ADC_DMAConvCplt), (78 bytes).
    Removing stm32f1xx_hal_adc.o(i.ADC_DMAError), (26 bytes).
    Removing stm32f1xx_hal_adc.o(i.ADC_DMAHalfConvCplt), (10 bytes).
    Removing stm32f1xx_hal_adc.o(i.ADC_Enable), (128 bytes).
    Removing stm32f1xx_hal_adc.o(i.HAL_ADC_AnalogWDGConfig), (120 bytes).
    Removing stm32f1xx_hal_adc.o(i.HAL_ADC_ConfigChannel), (264 bytes).
    Removing stm32f1xx_hal_adc.o(i.HAL_ADC_ConvCpltCallback), (2 bytes).
    Removing stm32f1xx_hal_adc.o(i.HAL_ADC_ConvHalfCpltCallback), (2 bytes).
    Removing stm32f1xx_hal_adc.o(i.HAL_ADC_DeInit), (228 bytes).
    Removing stm32f1xx_hal_adc.o(i.HAL_ADC_ErrorCallback), (2 bytes).
    Removing stm32f1xx_hal_adc.o(i.HAL_ADC_GetError), (4 bytes).
    Removing stm32f1xx_hal_adc.o(i.HAL_ADC_GetState), (4 bytes).
    Removing stm32f1xx_hal_adc.o(i.HAL_ADC_GetValue), (6 bytes).
    Removing stm32f1xx_hal_adc.o(i.HAL_ADC_IRQHandler), (220 bytes).
    Removing stm32f1xx_hal_adc.o(i.HAL_ADC_Init), (280 bytes).
    Removing stm32f1xx_hal_adc.o(i.HAL_ADC_LevelOutOfWindowCallback), (2 bytes).
    Removing stm32f1xx_hal_adc.o(i.HAL_ADC_MspDeInit), (2 bytes).
    Removing stm32f1xx_hal_adc.o(i.HAL_ADC_MspInit), (2 bytes).
    Removing stm32f1xx_hal_adc.o(i.HAL_ADC_PollForConversion), (332 bytes).
    Removing stm32f1xx_hal_adc.o(i.HAL_ADC_PollForEvent), (94 bytes).
    Removing stm32f1xx_hal_adc.o(i.HAL_ADC_Start), (208 bytes).
    Removing stm32f1xx_hal_adc.o(i.HAL_ADC_Start_DMA), (288 bytes).
    Removing stm32f1xx_hal_adc.o(i.HAL_ADC_Start_IT), (220 bytes).
    Removing stm32f1xx_hal_adc.o(i.HAL_ADC_Stop), (52 bytes).
    Removing stm32f1xx_hal_adc.o(i.HAL_ADC_Stop_DMA), (90 bytes).
    Removing stm32f1xx_hal_adc.o(i.HAL_ADC_Stop_IT), (62 bytes).
    Removing stm32f1xx_hal_adc_ex.o(.rev16_text), (4 bytes).
    Removing stm32f1xx_hal_adc_ex.o(.revsh_text), (4 bytes).
    Removing stm32f1xx_hal_adc_ex.o(.rrx_text), (6 bytes).
    Removing stm32f1xx_hal_adc_ex.o(i.HAL_ADCEx_Calibration_Start), (244 bytes).
    Removing stm32f1xx_hal_adc_ex.o(i.HAL_ADCEx_InjectedConfigChannel), (492 bytes).
    Removing stm32f1xx_hal_adc_ex.o(i.HAL_ADCEx_InjectedConvCpltCallback), (2 bytes).
    Removing stm32f1xx_hal_adc_ex.o(i.HAL_ADCEx_InjectedGetValue), (30 bytes).
    Removing stm32f1xx_hal_adc_ex.o(i.HAL_ADCEx_InjectedPollForConversion), (320 bytes).
    Removing stm32f1xx_hal_adc_ex.o(i.HAL_ADCEx_InjectedStart), (172 bytes).
    Removing stm32f1xx_hal_adc_ex.o(i.HAL_ADCEx_InjectedStart_IT), (180 bytes).
    Removing stm32f1xx_hal_adc_ex.o(i.HAL_ADCEx_InjectedStop), (78 bytes).
    Removing stm32f1xx_hal_adc_ex.o(i.HAL_ADCEx_InjectedStop_IT), (88 bytes).
    Removing stm32f1xx_hal_adc_ex.o(i.HAL_ADCEx_MultiModeConfigChannel), (112 bytes).
    Removing stm32f1xx_hal_adc_ex.o(i.HAL_ADCEx_MultiModeGetValue), (32 bytes).
    Removing stm32f1xx_hal_adc_ex.o(i.HAL_ADCEx_MultiModeStart_DMA), (244 bytes).
    Removing stm32f1xx_hal_adc_ex.o(i.HAL_ADCEx_MultiModeStop_DMA), (124 bytes).
    Removing system_stm32f1xx.o(.rev16_text), (4 bytes).
    Removing system_stm32f1xx.o(.revsh_text), (4 bytes).
    Removing system_stm32f1xx.o(.rrx_text), (6 bytes).
    Removing system_stm32f1xx.o(i.SystemCoreClockUpdate), (124 bytes).
    Removing system_stm32f1xx.o(.constdata), (8 bytes).
    Removing diskio.o(i.disk_initialize), (44 bytes).
    Removing diskio.o(i.disk_ioctl), (28 bytes).
    Removing diskio.o(i.disk_read), (28 bytes).
    Removing diskio.o(i.disk_status), (24 bytes).
    Removing diskio.o(i.disk_write), (28 bytes).
    Removing diskio.o(i.get_fattime), (4 bytes).
    Removing ff.o(i.check_fs), (128 bytes).
    Removing ff.o(i.chk_chr), (16 bytes).
    Removing ff.o(i.chk_lock), (112 bytes).
    Removing ff.o(i.clear_lock), (36 bytes).
    Removing ff.o(i.clmt_clust), (44 bytes).
    Removing ff.o(i.clust2sect), (30 bytes).
    Removing ff.o(i.create_chain), (186 bytes).
    Removing ff.o(i.create_name), (280 bytes).
    Removing ff.o(i.dec_lock), (56 bytes).
    Removing ff.o(i.dir_alloc), (74 bytes).
    Removing ff.o(i.dir_find), (80 bytes).
    Removing ff.o(i.dir_next), (312 bytes).
    Removing ff.o(i.dir_read), (100 bytes).
    Removing ff.o(i.dir_register), (68 bytes).
    Removing ff.o(i.dir_remove), (66 bytes).
    Removing ff.o(i.dir_sdi), (168 bytes).
    Removing ff.o(i.enq_lock), (40 bytes).
    Removing ff.o(i.f_chmod), (82 bytes).
    Removing ff.o(i.f_close), (44 bytes).
    Removing ff.o(i.f_closedir), (38 bytes).
    Removing ff.o(i.f_getfree), (234 bytes).
    Removing ff.o(i.f_gets), (72 bytes).
    Removing ff.o(i.f_lseek), (702 bytes).
    Removing ff.o(i.f_mkdir), (356 bytes).
    Removing ff.o(i.f_mkfs), (1318 bytes).
    Removing ff.o(i.f_mount), (96 bytes).
    Removing ff.o(i.f_open), (410 bytes).
    Removing ff.o(i.f_opendir), (150 bytes).
    Removing ff.o(i.f_printf), (562 bytes).
    Removing ff.o(i.f_putc), (60 bytes).
    Removing ff.o(i.f_puts), (70 bytes).
    Removing ff.o(i.f_read), (426 bytes).
    Removing ff.o(i.f_readdir), (86 bytes).
    Removing ff.o(i.f_rename), (300 bytes).
    Removing ff.o(i.f_stat), (64 bytes).
    Removing ff.o(i.f_sync), (168 bytes).
    Removing ff.o(i.f_truncate), (222 bytes).
    Removing ff.o(i.f_unlink), (196 bytes).
    Removing ff.o(i.f_utime), (86 bytes).
    Removing ff.o(i.f_write), (506 bytes).
    Removing ff.o(i.find_volume), (792 bytes).
    Removing ff.o(i.follow_path), (118 bytes).
    Removing ff.o(i.get_fat), (216 bytes).
    Removing ff.o(i.get_fileinfo), (106 bytes).
    Removing ff.o(i.get_ldnumber), (66 bytes).
    Removing ff.o(i.inc_lock), (172 bytes).
    Removing ff.o(i.ld_clust), (32 bytes).
    Removing ff.o(i.mem_cmp), (26 bytes).
    Removing ff.o(i.mem_cpy), (18 bytes).
    Removing ff.o(i.mem_set), (16 bytes).
    Removing ff.o(i.move_window), (56 bytes).
    Removing ff.o(i.put_fat), (260 bytes).
    Removing ff.o(i.putc_bfd), (72 bytes).
    Removing ff.o(i.remove_chain), (114 bytes).
    Removing ff.o(i.st_clust), (16 bytes).
    Removing ff.o(i.sync_fs), (186 bytes).
    Removing ff.o(i.sync_window), (98 bytes).
    Removing ff.o(i.validate), (50 bytes).
    Removing ff.o(.bss), (144 bytes).
    Removing ff.o(.constdata), (172 bytes).
    Removing ff.o(.data), (8 bytes).
    Removing ff_gen_drv.o(i.FATFS_GetAttachedDriversNbr), (12 bytes).
    Removing ff_gen_drv.o(i.FATFS_LinkDriver), (6 bytes).
    Removing ff_gen_drv.o(i.FATFS_LinkDriverEx), (64 bytes).
    Removing ff_gen_drv.o(i.FATFS_UnLinkDriver), (6 bytes).
    Removing ff_gen_drv.o(i.FATFS_UnLinkDriverEx), (52 bytes).
    Removing ff_gen_drv.o(.bss), (12 bytes).
    Removing stm32f1xx_nucleo.o(.rev16_text), (4 bytes).
    Removing stm32f1xx_nucleo.o(.revsh_text), (4 bytes).
    Removing stm32f1xx_nucleo.o(.rrx_text), (6 bytes).
    Removing stm32f1xx_nucleo.o(i.ADCx_DeInit), (32 bytes).
    Removing stm32f1xx_nucleo.o(i.ADCx_Init), (80 bytes).
    Removing stm32f1xx_nucleo.o(i.ADCx_MspDeInit), (28 bytes).
    Removing stm32f1xx_nucleo.o(i.ADCx_MspInit), (72 bytes).
    Removing stm32f1xx_nucleo.o(i.BSP_GetVersion), (8 bytes).
    Removing stm32f1xx_nucleo.o(i.BSP_JOY_DeInit), (4 bytes).
    Removing stm32f1xx_nucleo.o(i.BSP_JOY_GetState), (104 bytes).
    Removing stm32f1xx_nucleo.o(i.BSP_JOY_Init), (44 bytes).
    Removing stm32f1xx_nucleo.o(i.BSP_LED_DeInit), (52 bytes).
    Removing stm32f1xx_nucleo.o(i.BSP_LED_Init), (92 bytes).
    Removing stm32f1xx_nucleo.o(i.BSP_LED_Off), (28 bytes).
    Removing stm32f1xx_nucleo.o(i.BSP_LED_On), (28 bytes).
    Removing stm32f1xx_nucleo.o(i.BSP_LED_Toggle), (24 bytes).
    Removing stm32f1xx_nucleo.o(i.BSP_PB_DeInit), (48 bytes).
    Removing stm32f1xx_nucleo.o(i.BSP_PB_GetState), (24 bytes).
    Removing stm32f1xx_nucleo.o(i.BSP_PB_Init), (120 bytes).
    Removing stm32f1xx_nucleo.o(i.LCD_Delay), (4 bytes).
    Removing stm32f1xx_nucleo.o(i.LCD_IO_WriteMultipleData), (112 bytes).
    Removing stm32f1xx_nucleo.o(i.LCD_IO_WriteReg), (56 bytes).
    Removing stm32f1xx_nucleo.o(i.SD_IO_CSState), (32 bytes).
    Removing stm32f1xx_nucleo.o(i.SD_IO_Init), (132 bytes).
    Removing stm32f1xx_nucleo.o(i.SD_IO_ReadData), (8 bytes).
    Removing stm32f1xx_nucleo.o(i.SD_IO_WriteByte), (20 bytes).
    Removing stm32f1xx_nucleo.o(i.SD_IO_WriteData), (4 bytes).
    Removing stm32f1xx_nucleo.o(i.SD_IO_WriteReadData), (4 bytes).
    Removing stm32f1xx_nucleo.o(i.SPIx_Error), (20 bytes).
    Removing stm32f1xx_nucleo.o(i.SPIx_Write), (40 bytes).
    Removing stm32f1xx_nucleo.o(i.SPIx_WriteData), (40 bytes).
    Removing stm32f1xx_nucleo.o(i.SPIx_WriteReadData), (44 bytes).
    Removing stm32f1xx_nucleo.o(.bss), (60 bytes).
    Removing stm32f1xx_nucleo.o(.constdata), (6 bytes).
    Removing stm32f1xx_nucleo.o(.data), (12 bytes).
    Removing stm32_adafruit_lcd.o(.rev16_text), (4 bytes).
    Removing stm32_adafruit_lcd.o(.revsh_text), (4 bytes).
    Removing stm32_adafruit_lcd.o(.rrx_text), (6 bytes).
    Removing stm32_adafruit_lcd.o(i.BSP_LCD_Clear), (52 bytes).
    Removing stm32_adafruit_lcd.o(i.BSP_LCD_ClearStringLine), (52 bytes).
    Removing stm32_adafruit_lcd.o(i.BSP_LCD_DisplayChar), (36 bytes).
    Removing stm32_adafruit_lcd.o(i.BSP_LCD_DisplayOff), (12 bytes).
    Removing stm32_adafruit_lcd.o(i.BSP_LCD_DisplayOn), (12 bytes).
    Removing stm32_adafruit_lcd.o(i.BSP_LCD_DisplayStringAt), (172 bytes).
    Removing stm32_adafruit_lcd.o(i.BSP_LCD_DisplayStringAtLine), (28 bytes).
    Removing stm32_adafruit_lcd.o(i.BSP_LCD_DrawBitmap), (108 bytes).
    Removing stm32_adafruit_lcd.o(i.BSP_LCD_DrawCircle), (228 bytes).
    Removing stm32_adafruit_lcd.o(i.BSP_LCD_DrawEllipse), (192 bytes).
    Removing stm32_adafruit_lcd.o(i.BSP_LCD_DrawHLine), (76 bytes).
    Removing stm32_adafruit_lcd.o(i.BSP_LCD_DrawLine), (196 bytes).
    Removing stm32_adafruit_lcd.o(i.BSP_LCD_DrawPixel), (20 bytes).
    Removing stm32_adafruit_lcd.o(i.BSP_LCD_DrawPolygon), (58 bytes).
    Removing stm32_adafruit_lcd.o(i.BSP_LCD_DrawRect), (60 bytes).
    Removing stm32_adafruit_lcd.o(i.BSP_LCD_DrawVLine), (76 bytes).
    Removing stm32_adafruit_lcd.o(i.BSP_LCD_FillCircle), (172 bytes).
    Removing stm32_adafruit_lcd.o(i.BSP_LCD_FillEllipse), (148 bytes).
    Removing stm32_adafruit_lcd.o(i.BSP_LCD_FillPolygon), (272 bytes).
    Removing stm32_adafruit_lcd.o(i.BSP_LCD_FillRect), (52 bytes).
    Removing stm32_adafruit_lcd.o(i.BSP_LCD_GetBackColor), (12 bytes).
    Removing stm32_adafruit_lcd.o(i.BSP_LCD_GetFont), (12 bytes).
    Removing stm32_adafruit_lcd.o(i.BSP_LCD_GetTextColor), (12 bytes).
    Removing stm32_adafruit_lcd.o(i.BSP_LCD_GetXSize), (12 bytes).
    Removing stm32_adafruit_lcd.o(i.BSP_LCD_GetYSize), (12 bytes).
    Removing stm32_adafruit_lcd.o(i.BSP_LCD_SetBackColor), (12 bytes).
    Removing stm32_adafruit_lcd.o(i.BSP_LCD_SetTextColor), (12 bytes).
    Removing stm32_adafruit_lcd.o(i.DrawChar), (248 bytes).
    Removing stm32_adafruit_lcd.o(i.FillTriangle), (192 bytes).
    Removing stm32_adafruit_lcd.o(i.SetDisplayWindow), (28 bytes).
    Removing stm32_adafruit_lcd.o(.constdata), (3800 bytes).
    Removing stm32_adafruit_lcd.o(.constdata), (3040 bytes).
    Removing stm32_adafruit_lcd.o(.constdata), (1140 bytes).
    Removing stm32_adafruit_lcd.o(.data), (8 bytes).
    Removing stm32_adafruit_lcd.o(.data), (8 bytes).
    Removing stm32_adafruit_lcd.o(.data), (8 bytes).
    Removing st7789.o(.rev16_text), (4 bytes).
    Removing st7789.o(.revsh_text), (4 bytes).
    Removing st7789.o(.rrx_text), (6 bytes).
    Removing st7789.o(i.ST7789_DrawPixel_4px), (88 bytes).
    Removing st7789.o(i.ST7789_Fill), (120 bytes).
    Removing st7789.o(i.ST7789_InvertColors), (52 bytes).
    Removing st7789.o(i.ST7789_TearEffect), (52 bytes).
    Removing retarget_io.o(i.ITM_ReceiveChar), (28 bytes).
    Removing retarget_io.o(i.ITM_SendChar), (40 bytes).
    Removing retarget_io.o(i.__aeabi_assert), (144 bytes).
    Removing retarget_io.o(i.__backspace), (44 bytes).
    Removing retarget_io.o(i.abort), (2 bytes).
    Removing retarget_io.o(i.fgetc), (48 bytes).
    Removing retarget_io.o(i.fputc), (36 bytes).
    Removing retarget_io.o(i.stderr_putchar), (4 bytes).
    Removing retarget_io.o(i.stdin_getchar), (12 bytes).
    Removing retarget_io.o(i.stdout_putchar), (4 bytes).
    Removing retarget_io.o(.data), (12 bytes).
    Removing fdiv.o(.text), (124 bytes).
    Removing fflti.o(.text), (18 bytes).
    Removing ffixui.o(.text), (40 bytes).
    Removing fepilogue.o(.text), (110 bytes).
    Removing dadd.o(.text), (334 bytes).
    Removing dmul.o(.text), (228 bytes).
    Removing ddiv.o(.text), (222 bytes).
    Removing dfixul.o(.text), (48 bytes).
    Removing cdrcmple.o(.text), (48 bytes).
    Removing depilogue.o(.text), (186 bytes).

477 unused section(s) (total 45340 bytes) removed from the image.

==============================================================================

Image Symbol Table

    Local Symbols

    Symbol Name                              Value     Ov Type        Size  Object(Section)

    ../clib/microlib/division.c              0x00000000   Number         0  uldiv.o ABSOLUTE
    ../clib/microlib/division.c              0x00000000   Number         0  uidiv.o ABSOLUTE
    ../clib/microlib/init/entry.s            0x00000000   Number         0  entry2.o ABSOLUTE
    ../clib/microlib/init/entry.s            0x00000000   Number         0  entry9a.o ABSOLUTE
    ../clib/microlib/init/entry.s            0x00000000   Number         0  entry5.o ABSOLUTE
    ../clib/microlib/init/entry.s            0x00000000   Number         0  entry.o ABSOLUTE
    ../clib/microlib/init/entry.s            0x00000000   Number         0  entry12b.o ABSOLUTE
    ../clib/microlib/init/entry.s            0x00000000   Number         0  entry12a.o ABSOLUTE
    ../clib/microlib/init/entry.s            0x00000000   Number         0  entry8b.o ABSOLUTE
    ../clib/microlib/init/entry.s            0x00000000   Number         0  entry11b.o ABSOLUTE
    ../clib/microlib/init/entry.s            0x00000000   Number         0  entry8a.o ABSOLUTE
    ../clib/microlib/init/entry.s            0x00000000   Number         0  entry7a.o ABSOLUTE
    ../clib/microlib/init/entry.s            0x00000000   Number         0  entry10b.o ABSOLUTE
    ../clib/microlib/init/entry.s            0x00000000   Number         0  entry10a.o ABSOLUTE
    ../clib/microlib/init/entry.s            0x00000000   Number         0  entry9b.o ABSOLUTE
    ../clib/microlib/init/entry.s            0x00000000   Number         0  entry11a.o ABSOLUTE
    ../clib/microlib/init/entry.s            0x00000000   Number         0  entry7b.o ABSOLUTE
    ../clib/microlib/longlong.c              0x00000000   Number         0  llushr.o ABSOLUTE
    ../clib/microlib/longlong.c              0x00000000   Number         0  llshl.o ABSOLUTE
    ../clib/microlib/longlong.c              0x00000000   Number         0  llsshr.o ABSOLUTE
    ../clib/microlib/printf/printf.c         0x00000000   Number         0  printf5.o ABSOLUTE
    ../clib/microlib/printf/printf.c         0x00000000   Number         0  printfb.o ABSOLUTE
    ../clib/microlib/printf/printf.c         0x00000000   Number         0  printf3.o ABSOLUTE
    ../clib/microlib/printf/printf.c         0x00000000   Number         0  printf2.o ABSOLUTE
    ../clib/microlib/printf/printf.c         0x00000000   Number         0  printf1.o ABSOLUTE
    ../clib/microlib/printf/printf.c         0x00000000   Number         0  printf4.o ABSOLUTE
    ../clib/microlib/printf/printf.c         0x00000000   Number         0  printf0.o ABSOLUTE
    ../clib/microlib/printf/printf.c         0x00000000   Number         0  printfa.o ABSOLUTE
    ../clib/microlib/printf/printf.c         0x00000000   Number         0  printf8.o ABSOLUTE
    ../clib/microlib/printf/printf.c         0x00000000   Number         0  printf7.o ABSOLUTE
    ../clib/microlib/printf/printf.c         0x00000000   Number         0  printf6.o ABSOLUTE
    ../clib/microlib/printf/stubs.s          0x00000000   Number         0  stubs.o ABSOLUTE
    ../clib/microlib/stdio/fputs.c           0x00000000   Number         0  fputs.o ABSOLUTE
    ../clib/microlib/stdio/fputs.c           0x00000000   Number         0  fputs_e.o ABSOLUTE
    ../clib/microlib/stdio/streams.c         0x00000000   Number         0  stderr.o ABSOLUTE
    ../clib/microlib/string/memset.c         0x00000000   Number         0  memseta.o ABSOLUTE
    ../clib/microlib/stubs.s                 0x00000000   Number         0  iusefp.o ABSOLUTE
    ../clib/microlib/stubs.s                 0x00000000   Number         0  useno.o ABSOLUTE
    ../fplib/microlib/fpadd.c                0x00000000   Number         0  dadd.o ABSOLUTE
    ../fplib/microlib/fpdiv.c                0x00000000   Number         0  ddiv.o ABSOLUTE
    ../fplib/microlib/fpdiv.c                0x00000000   Number         0  fdiv.o ABSOLUTE
    ../fplib/microlib/fpepilogue.c           0x00000000   Number         0  fepilogue.o ABSOLUTE
    ../fplib/microlib/fpepilogue.c           0x00000000   Number         0  depilogue.o ABSOLUTE
    ../fplib/microlib/fpfix.c                0x00000000   Number         0  dfixul.o ABSOLUTE
    ../fplib/microlib/fpfix.c                0x00000000   Number         0  ffixui.o ABSOLUTE
    ../fplib/microlib/fpflt.c                0x00000000   Number         0  fflti.o ABSOLUTE
    ../fplib/microlib/fpmul.c                0x00000000   Number         0  dmul.o ABSOLUTE
    ..\Drivers\BSP\Adafruit_Shield\stm32_adafruit_lcd.c 0x00000000   Number         0  stm32_adafruit_lcd.o ABSOLUTE
    ..\Drivers\BSP\Components\st7789\fonts.c 0x00000000   Number         0  fonts.o ABSOLUTE
    ..\Drivers\BSP\Components\st7789\st7789.c 0x00000000   Number         0  st7789.o ABSOLUTE
    ..\Drivers\BSP\STM32F1xx_Nucleo\stm32f1xx_nucleo.c 0x00000000   Number         0  stm32f1xx_nucleo.o ABSOLUTE
    ..\Drivers\STM32F1xx_HAL_Driver\Src\stm32f1xx_hal.c 0x00000000   Number         0  stm32f1xx_hal.o ABSOLUTE
    ..\Drivers\STM32F1xx_HAL_Driver\Src\stm32f1xx_hal_adc.c 0x00000000   Number         0  stm32f1xx_hal_adc.o ABSOLUTE
    ..\Drivers\STM32F1xx_HAL_Driver\Src\stm32f1xx_hal_adc_ex.c 0x00000000   Number         0  stm32f1xx_hal_adc_ex.o ABSOLUTE
    ..\Drivers\STM32F1xx_HAL_Driver\Src\stm32f1xx_hal_cortex.c 0x00000000   Number         0  stm32f1xx_hal_cortex.o ABSOLUTE
    ..\Drivers\STM32F1xx_HAL_Driver\Src\stm32f1xx_hal_dma.c 0x00000000   Number         0  stm32f1xx_hal_dma.o ABSOLUTE
    ..\Drivers\STM32F1xx_HAL_Driver\Src\stm32f1xx_hal_gpio.c 0x00000000   Number         0  stm32f1xx_hal_gpio.o ABSOLUTE
    ..\Drivers\STM32F1xx_HAL_Driver\Src\stm32f1xx_hal_gpio_ex.c 0x00000000   Number         0  stm32f1xx_hal_gpio_ex.o ABSOLUTE
    ..\Drivers\STM32F1xx_HAL_Driver\Src\stm32f1xx_hal_pwr.c 0x00000000   Number         0  stm32f1xx_hal_pwr.o ABSOLUTE
    ..\Drivers\STM32F1xx_HAL_Driver\Src\stm32f1xx_hal_rcc.c 0x00000000   Number         0  stm32f1xx_hal_rcc.o ABSOLUTE
    ..\Drivers\STM32F1xx_HAL_Driver\Src\stm32f1xx_hal_rcc_ex.c 0x00000000   Number         0  stm32f1xx_hal_rcc_ex.o ABSOLUTE
    ..\Drivers\STM32F1xx_HAL_Driver\Src\stm32f1xx_hal_rtc.c 0x00000000   Number         0  stm32f1xx_hal_rtc.o ABSOLUTE
    ..\Drivers\STM32F1xx_HAL_Driver\Src\stm32f1xx_hal_rtc_ex.c 0x00000000   Number         0  stm32f1xx_hal_rtc_ex.o ABSOLUTE
    ..\Drivers\STM32F1xx_HAL_Driver\Src\stm32f1xx_hal_spi.c 0x00000000   Number         0  stm32f1xx_hal_spi.o ABSOLUTE
    ..\Middlewares\Third_Party\FatFs\src\diskio.c 0x00000000   Number         0  diskio.o ABSOLUTE
    ..\Middlewares\Third_Party\FatFs\src\ff.c 0x00000000   Number         0  ff.o ABSOLUTE
    ..\Middlewares\Third_Party\FatFs\src\ff_gen_drv.c 0x00000000   Number         0  ff_gen_drv.o ABSOLUTE
    ..\Src\Retarget.c                        0x00000000   Number         0  retarget.o ABSOLUTE
    ..\Src\Serial.c                          0x00000000   Number         0  serial.o ABSOLUTE
    ..\Src\main.c                            0x00000000   Number         0  main.o ABSOLUTE
    ..\Src\stm32f1xx_hal_msp.c               0x00000000   Number         0  stm32f1xx_hal_msp.o ABSOLUTE
    ..\Src\stm32f1xx_it.c                    0x00000000   Number         0  stm32f1xx_it.o ABSOLUTE
    ..\Src\system_stm32f1xx.c                0x00000000   Number         0  system_stm32f1xx.o ABSOLUTE
    ..\\Drivers\\BSP\\Adafruit_Shield\\stm32_adafruit_lcd.c 0x00000000   Number         0  stm32_adafruit_lcd.o ABSOLUTE
    ..\\Drivers\\BSP\\Components\\st7789\\st7789.c 0x00000000   Number         0  st7789.o ABSOLUTE
    ..\\Drivers\\BSP\\STM32F1xx_Nucleo\\stm32f1xx_nucleo.c 0x00000000   Number         0  stm32f1xx_nucleo.o ABSOLUTE
    ..\\Drivers\\STM32F1xx_HAL_Driver\\Src\\stm32f1xx_hal.c 0x00000000   Number         0  stm32f1xx_hal.o ABSOLUTE
    ..\\Drivers\\STM32F1xx_HAL_Driver\\Src\\stm32f1xx_hal_adc.c 0x00000000   Number         0  stm32f1xx_hal_adc.o ABSOLUTE
    ..\\Drivers\\STM32F1xx_HAL_Driver\\Src\\stm32f1xx_hal_adc_ex.c 0x00000000   Number         0  stm32f1xx_hal_adc_ex.o ABSOLUTE
    ..\\Drivers\\STM32F1xx_HAL_Driver\\Src\\stm32f1xx_hal_cortex.c 0x00000000   Number         0  stm32f1xx_hal_cortex.o ABSOLUTE
    ..\\Drivers\\STM32F1xx_HAL_Driver\\Src\\stm32f1xx_hal_dma.c 0x00000000   Number         0  stm32f1xx_hal_dma.o ABSOLUTE
    ..\\Drivers\\STM32F1xx_HAL_Driver\\Src\\stm32f1xx_hal_gpio.c 0x00000000   Number         0  stm32f1xx_hal_gpio.o ABSOLUTE
    ..\\Drivers\\STM32F1xx_HAL_Driver\\Src\\stm32f1xx_hal_gpio_ex.c 0x00000000   Number         0  stm32f1xx_hal_gpio_ex.o ABSOLUTE
    ..\\Drivers\\STM32F1xx_HAL_Driver\\Src\\stm32f1xx_hal_pwr.c 0x00000000   Number         0  stm32f1xx_hal_pwr.o ABSOLUTE
    ..\\Drivers\\STM32F1xx_HAL_Driver\\Src\\stm32f1xx_hal_rcc.c 0x00000000   Number         0  stm32f1xx_hal_rcc.o ABSOLUTE
    ..\\Drivers\\STM32F1xx_HAL_Driver\\Src\\stm32f1xx_hal_rcc_ex.c 0x00000000   Number         0  stm32f1xx_hal_rcc_ex.o ABSOLUTE
    ..\\Drivers\\STM32F1xx_HAL_Driver\\Src\\stm32f1xx_hal_rtc.c 0x00000000   Number         0  stm32f1xx_hal_rtc.o ABSOLUTE
    ..\\Drivers\\STM32F1xx_HAL_Driver\\Src\\stm32f1xx_hal_rtc_ex.c 0x00000000   Number         0  stm32f1xx_hal_rtc_ex.o ABSOLUTE
    ..\\Drivers\\STM32F1xx_HAL_Driver\\Src\\stm32f1xx_hal_spi.c 0x00000000   Number         0  stm32f1xx_hal_spi.o ABSOLUTE
    ..\\Src\\Serial.c                        0x00000000   Number         0  serial.o ABSOLUTE
    ..\\Src\\main.c                          0x00000000   Number         0  main.o ABSOLUTE
    ..\\Src\\stm32f1xx_hal_msp.c             0x00000000   Number         0  stm32f1xx_hal_msp.o ABSOLUTE
    ..\\Src\\stm32f1xx_it.c                  0x00000000   Number         0  stm32f1xx_it.o ABSOLUTE
    ..\\Src\\system_stm32f1xx.c              0x00000000   Number         0  system_stm32f1xx.o ABSOLUTE
    C:\Keil_v5\ARM\PACK\Keil\ARM_Compiler\1.6.3\Source\retarget_io.c 0x00000000   Number         0  retarget_io.o ABSOLUTE
    cdrcmple.s                               0x00000000   Number         0  cdrcmple.o ABSOLUTE
    dc.s                                     0x00000000   Number         0  dc.o ABSOLUTE
    handlers.s                               0x00000000   Number         0  handlers.o ABSOLUTE
    init.s                                   0x00000000   Number         0  init.o ABSOLUTE
    startup_stm32f103xb.s                    0x00000000   Number         0  startup_stm32f103xb.o ABSOLUTE
    RESET                                    0x08000000   Section      236  startup_stm32f103xb.o(RESET)
    .ARM.Collect$$$$00000000                 0x080000ec   Section        0  entry.o(.ARM.Collect$$$$00000000)
    .ARM.Collect$$$$00000001                 0x080000ec   Section        4  entry2.o(.ARM.Collect$$$$00000001)
    .ARM.Collect$$$$00000004                 0x080000f0   Section        4  entry5.o(.ARM.Collect$$$$00000004)
    .ARM.Collect$$$$00000008                 0x080000f4   Section        0  entry7b.o(.ARM.Collect$$$$00000008)
    .ARM.Collect$$$$0000000A                 0x080000f4   Section        0  entry8b.o(.ARM.Collect$$$$0000000A)
    .ARM.Collect$$$$0000000B                 0x080000f4   Section        8  entry9a.o(.ARM.Collect$$$$0000000B)
    .ARM.Collect$$$$0000000E                 0x080000fc   Section        4  entry12b.o(.ARM.Collect$$$$0000000E)
    .ARM.Collect$$$$0000000F                 0x08000100   Section        0  entry10a.o(.ARM.Collect$$$$0000000F)
    .ARM.Collect$$$$00000011                 0x08000100   Section        0  entry11a.o(.ARM.Collect$$$$00000011)
    .ARM.Collect$$$$00002712                 0x08000100   Section        4  entry2.o(.ARM.Collect$$$$00002712)
    __lit__00000000                          0x08000100   Data           4  entry2.o(.ARM.Collect$$$$00002712)
    .text                                    0x08000104   Section       36  startup_stm32f103xb.o(.text)
    .text                                    0x08000128   Section        0  memseta.o(.text)
    .text                                    0x0800014c   Section        0  uidiv.o(.text)
    .text                                    0x08000178   Section       36  init.o(.text)
    i.BSP_LCD_Init                           0x0800019c   Section        0  stm32_adafruit_lcd.o(i.BSP_LCD_Init)
    i.BSP_LCD_SetFont                        0x080001d8   Section        0  stm32_adafruit_lcd.o(i.BSP_LCD_SetFont)
    i.BusFault_Handler                       0x080001e4   Section        0  stm32f1xx_it.o(i.BusFault_Handler)
    i.DebugMon_Handler                       0x080001e6   Section        0  stm32f1xx_it.o(i.DebugMon_Handler)
    i.EXTI0_IRQHandler                       0x080001e8   Section        0  stm32f1xx_it.o(i.EXTI0_IRQHandler)
    i.Error_Handler                          0x080001ee   Section        0  main.o(i.Error_Handler)
    i.HAL_Delay                              0x080001fc   Section        0  stm32f1xx_hal.o(i.HAL_Delay)
    i.HAL_GPIO_EXTI_Callback                 0x08000220   Section        0  stm32f1xx_hal_gpio.o(i.HAL_GPIO_EXTI_Callback)
    i.HAL_GPIO_EXTI_IRQHandler               0x08000224   Section        0  stm32f1xx_hal_gpio.o(i.HAL_GPIO_EXTI_IRQHandler)
    i.HAL_GPIO_Init                          0x0800023c   Section        0  stm32f1xx_hal_gpio.o(i.HAL_GPIO_Init)
    i.HAL_GPIO_WritePin                      0x0800042c   Section        0  stm32f1xx_hal_gpio.o(i.HAL_GPIO_WritePin)
    i.HAL_GetTick                            0x0800043c   Section        0  stm32f1xx_hal.o(i.HAL_GetTick)
    i.HAL_IncTick                            0x08000448   Section        0  stm32f1xx_hal.o(i.HAL_IncTick)
    i.HAL_Init                               0x08000458   Section        0  stm32f1xx_hal.o(i.HAL_Init)
    i.HAL_InitTick                           0x0800047c   Section        0  stm32f1xx_hal.o(i.HAL_InitTick)
    i.HAL_MspInit                            0x080004c0   Section        0  stm32f1xx_hal_msp.o(i.HAL_MspInit)
    i.HAL_NVIC_SetPriority                   0x080004fc   Section        0  stm32f1xx_hal_cortex.o(i.HAL_NVIC_SetPriority)
    i.HAL_NVIC_SetPriorityGrouping           0x0800053c   Section        0  stm32f1xx_hal_cortex.o(i.HAL_NVIC_SetPriorityGrouping)
    i.HAL_RCCEx_PeriphCLKConfig              0x08000560   Section        0  stm32f1xx_hal_rcc_ex.o(i.HAL_RCCEx_PeriphCLKConfig)
    i.HAL_RCC_ClockConfig                    0x0800066c   Section        0  stm32f1xx_hal_rcc.o(i.HAL_RCC_ClockConfig)
    i.HAL_RCC_GetSysClockFreq                0x080007c0   Section        0  stm32f1xx_hal_rcc.o(i.HAL_RCC_GetSysClockFreq)
    i.HAL_RCC_OscConfig                      0x0800080c   Section        0  stm32f1xx_hal_rcc.o(i.HAL_RCC_OscConfig)
    i.HAL_RTCEx_RTCEventCallback             0x08000b90   Section        0  stm32f1xx_hal_rtc_ex.o(i.HAL_RTCEx_RTCEventCallback)
    i.HAL_RTCEx_RTCEventErrorCallback        0x08000b92   Section        0  stm32f1xx_hal_rtc_ex.o(i.HAL_RTCEx_RTCEventErrorCallback)
    i.HAL_RTCEx_RTCIRQHandler                0x08000b94   Section        0  stm32f1xx_hal_rtc_ex.o(i.HAL_RTCEx_RTCIRQHandler)
    i.HAL_RTC_AlarmAEventCallback            0x08000bd6   Section        0  stm32f1xx_hal_rtc.o(i.HAL_RTC_AlarmAEventCallback)
    i.HAL_RTC_AlarmIRQHandler                0x08000bd8   Section        0  stm32f1xx_hal_rtc.o(i.HAL_RTC_AlarmIRQHandler)
    i.HAL_SPI_GetState                       0x08000c0c   Section        0  stm32f1xx_hal_spi.o(i.HAL_SPI_GetState)
    i.HAL_SPI_Init                           0x08000c12   Section        0  stm32f1xx_hal_spi.o(i.HAL_SPI_Init)
    i.HAL_SPI_Transmit                       0x08000cd0   Section        0  stm32f1xx_hal_spi.o(i.HAL_SPI_Transmit)
    i.HAL_SYSTICK_Config                     0x08000e8c   Section        0  stm32f1xx_hal_cortex.o(i.HAL_SYSTICK_Config)
    i.HardFault_Handler                      0x08000eb4   Section        0  stm32f1xx_it.o(i.HardFault_Handler)
    i.ITM_SendChar                           0x08000eb8   Section        0  main.o(i.ITM_SendChar)
    ITM_SendChar                             0x08000eb9   Thumb Code    36  main.o(i.ITM_SendChar)
    i.LCD_IO_Init                            0x08000ee0   Section        0  stm32f1xx_nucleo.o(i.LCD_IO_Init)
    i.LCD_RESET_SET                          0x08000f68   Section        0  main.o(i.LCD_RESET_SET)
    i.MemManage_Handler                      0x08000f98   Section        0  stm32f1xx_it.o(i.MemManage_Handler)
    i.NMI_Handler                            0x08000f9a   Section        0  stm32f1xx_it.o(i.NMI_Handler)
    i.PendSV_Handler                         0x08000f9c   Section        0  stm32f1xx_it.o(i.PendSV_Handler)
    i.RCC_Delay                              0x08000fa0   Section        0  stm32f1xx_hal_rcc.o(i.RCC_Delay)
    RCC_Delay                                0x08000fa1   Thumb Code    30  stm32f1xx_hal_rcc.o(i.RCC_Delay)
    i.RTC_Alarm_IRQHandler                   0x08000fc4   Section        0  stm32f1xx_it.o(i.RTC_Alarm_IRQHandler)
    i.RTC_IRQHandler                         0x08000fd0   Section        0  stm32f1xx_it.o(i.RTC_IRQHandler)
    i.SPI_EndRxTxTransaction                 0x08000fdc   Section        0  stm32f1xx_hal_spi.o(i.SPI_EndRxTxTransaction)
    SPI_EndRxTxTransaction                   0x08000fdd   Thumb Code    68  stm32f1xx_hal_spi.o(i.SPI_EndRxTxTransaction)
    i.SPI_WaitFlagStateUntilTimeout          0x08001020   Section        0  stm32f1xx_hal_spi.o(i.SPI_WaitFlagStateUntilTimeout)
    SPI_WaitFlagStateUntilTimeout            0x08001021   Thumb Code   184  stm32f1xx_hal_spi.o(i.SPI_WaitFlagStateUntilTimeout)
    i.SPIx_Init                              0x080010dc   Section        0  stm32f1xx_nucleo.o(i.SPIx_Init)
    i.SPIx_MspInit                           0x08001128   Section        0  stm32f1xx_nucleo.o(i.SPIx_MspInit)
    i.ST7789_DrawCircle                      0x080011a4   Section        0  st7789.o(i.ST7789_DrawCircle)
    i.ST7789_DrawFilledCircle                0x080012cc   Section        0  st7789.o(i.ST7789_DrawFilledCircle)
    i.ST7789_DrawFilledRectangle             0x080013e4   Section        0  st7789.o(i.ST7789_DrawFilledRectangle)
    i.ST7789_DrawFilledTriangle              0x08001464   Section        0  st7789.o(i.ST7789_DrawFilledTriangle)
    i.ST7789_DrawImage                       0x08001540   Section        0  st7789.o(i.ST7789_DrawImage)
    i.ST7789_DrawLine                        0x080015ac   Section        0  st7789.o(i.ST7789_DrawLine)
    i.ST7789_DrawPixel                       0x08001650   Section        0  st7789.o(i.ST7789_DrawPixel)
    i.ST7789_DrawRectangle                   0x08001698   Section        0  st7789.o(i.ST7789_DrawRectangle)
    i.ST7789_DrawTriangle                    0x08001700   Section        0  st7789.o(i.ST7789_DrawTriangle)
    i.ST7789_Fill_Color                      0x08001764   Section        0  st7789.o(i.ST7789_Fill_Color)
    i.ST7789_Init                            0x080017ec   Section        0  st7789.o(i.ST7789_Init)
    i.ST7789_SetAddressWindow                0x08001908   Section        0  st7789.o(i.ST7789_SetAddressWindow)
    ST7789_SetAddressWindow                  0x08001909   Thumb Code   118  st7789.o(i.ST7789_SetAddressWindow)
    i.ST7789_SetRotation                     0x08001984   Section        0  st7789.o(i.ST7789_SetRotation)
    i.ST7789_Test                            0x080019b4   Section        0  st7789.o(i.ST7789_Test)
    i.ST7789_WriteChar                       0x08001bf4   Section        0  st7789.o(i.ST7789_WriteChar)
    i.ST7789_WriteCommand                    0x08001ca8   Section        0  st7789.o(i.ST7789_WriteCommand)
    ST7789_WriteCommand                      0x08001ca9   Thumb Code    54  st7789.o(i.ST7789_WriteCommand)
    i.ST7789_WriteData                       0x08001ce8   Section        0  st7789.o(i.ST7789_WriteData)
    ST7789_WriteData                         0x08001ce9   Thumb Code    94  st7789.o(i.ST7789_WriteData)
    i.ST7789_WriteSmallData                  0x08001d50   Section        0  st7789.o(i.ST7789_WriteSmallData)
    ST7789_WriteSmallData                    0x08001d51   Thumb Code    54  st7789.o(i.ST7789_WriteSmallData)
    i.ST7789_WriteString                     0x08001d90   Section        0  st7789.o(i.ST7789_WriteString)
    i.SVC_Handler                            0x08001e0c   Section        0  stm32f1xx_it.o(i.SVC_Handler)
    i.SysTick_Handler                        0x08001e0e   Section        0  stm32f1xx_it.o(i.SysTick_Handler)
    i.SystemClock_Config                     0x08001e12   Section        0  main.o(i.SystemClock_Config)
    i.SystemInit                             0x08001e92   Section        0  system_stm32f1xx.o(i.SystemInit)
    i.UsageFault_Handler                     0x08001e94   Section        0  stm32f1xx_it.o(i.UsageFault_Handler)
    i.__0printf$6                            0x08001e98   Section        0  printf6.o(i.__0printf$6)
    i.__NVIC_SetPriority                     0x08001eb8   Section        0  stm32f1xx_hal_cortex.o(i.__NVIC_SetPriority)
    __NVIC_SetPriority                       0x08001eb9   Thumb Code    32  stm32f1xx_hal_cortex.o(i.__NVIC_SetPriority)
    i.__scatterload_copy                     0x08001ed8   Section       14  handlers.o(i.__scatterload_copy)
    i.__scatterload_null                     0x08001ee6   Section        2  handlers.o(i.__scatterload_null)
    i.__scatterload_zeroinit                 0x08001ee8   Section       14  handlers.o(i.__scatterload_zeroinit)
    i._printf_core                           0x08001ef8   Section        0  printf6.o(i._printf_core)
    _printf_core                             0x08001ef9   Thumb Code   748  printf6.o(i._printf_core)
    i._printf_post_padding                   0x080021e8   Section        0  printf6.o(i._printf_post_padding)
    _printf_post_padding                     0x080021e9   Thumb Code    36  printf6.o(i._printf_post_padding)
    i._printf_pre_padding                    0x0800220c   Section        0  printf6.o(i._printf_pre_padding)
    _printf_pre_padding                      0x0800220d   Thumb Code    46  printf6.o(i._printf_pre_padding)
    i.fputc                                  0x0800223a   Section        0  main.o(i.fputc)
    i.main                                   0x08002240   Section        0  main.o(i.main)
    .constdata                               0x08002304   Section       18  stm32f1xx_hal_rcc.o(.constdata)
    aPredivFactorTable                       0x08002304   Data           2  stm32f1xx_hal_rcc.o(.constdata)
    aPLLMULFactorTable                       0x08002306   Data          16  stm32f1xx_hal_rcc.o(.constdata)
    .constdata                               0x08002316   Section       16  system_stm32f1xx.o(.constdata)
    .constdata                               0x08002326   Section     6840  stm32_adafruit_lcd.o(.constdata)
    .constdata                               0x08003dde   Section      760  stm32_adafruit_lcd.o(.constdata)
    .constdata                               0x080040d6   Section     1900  fonts.o(.constdata)
    Font7x10                                 0x080040d6   Data        1900  fonts.o(.constdata)
    .constdata                               0x08004842   Section     3420  fonts.o(.constdata)
    Font11x18                                0x08004842   Data        3420  fonts.o(.constdata)
    .constdata                               0x0800559e   Section     4940  fonts.o(.constdata)
    Font16x26                                0x0800559e   Data        4940  fonts.o(.constdata)
    .constdata                               0x080068ea   Section    32768  fonts.o(.constdata)
    .data                                    0x20000000   Section        4  main.o(.data)
    .data                                    0x20000004   Section       12  stm32f1xx_hal.o(.data)
    .data                                    0x20000010   Section        4  system_stm32f1xx.o(.data)
    .data                                    0x20000014   Section       20  stm32_adafruit_lcd.o(.data)
    .data                                    0x20000028   Section        8  fonts.o(.data)
    .data                                    0x20000030   Section        8  fonts.o(.data)
    .data                                    0x20000038   Section        8  fonts.o(.data)
    .bss                                     0x20000040   Section       20  main.o(.bss)
    .bss                                     0x20000054   Section       88  main.o(.bss)
    .bss                                     0x200000ac   Section      882  stm32_adafruit_lcd.o(.bss)
    bitmap                                   0x200000ac   Data         870  stm32_adafruit_lcd.o(.bss)
    STACK                                    0x20000420   Section     1024  startup_stm32f103xb.o(STACK)

    Global Symbols

    Symbol Name                              Value     Ov Type        Size  Object(Section)

    BuildAttributes$$THM_ISAv4$P$D$K$B$S$PE$A:L22UL41UL21$X:L11$S22US41US21$IEEE1$IW$USESV6$~STKCKD$USESV7$~SHL$OTIME$ROPI$EBA8$MICROLIB$REQ8$PRES8$EABIv2 0x00000000   Number         0  anon$$obj.o ABSOLUTE
    __ARM_use_no_argv                        0x00000000   Number         0  main.o ABSOLUTE
    __use_no_errno                           0x00000000   Number         0  useno.o ABSOLUTE
    __use_no_exception_handling              0x00000000   Number         0  useno.o ABSOLUTE
    __use_no_fp                              0x00000000   Number         0  useno.o ABSOLUTE
    __use_no_heap                            0x00000000   Number         0  useno.o ABSOLUTE
    __use_no_heap_region                     0x00000000   Number         0  useno.o ABSOLUTE
    __use_no_semihosting                     0x00000000   Number         0  useno.o ABSOLUTE
    __use_no_semihosting_swi                 0x00000000   Number         0  useno.o ABSOLUTE
    __use_no_signal_handling                 0x00000000   Number         0  useno.o ABSOLUTE
    _printf_a                                0x00000000   Number         0  stubs.o ABSOLUTE
    _printf_c                                0x00000000   Number         0  stubs.o ABSOLUTE
    _printf_charcount                        0x00000000   Number         0  stubs.o ABSOLUTE
    _printf_d                                0x00000000   Number         0  stubs.o ABSOLUTE
    _printf_e                                0x00000000   Number         0  stubs.o ABSOLUTE
    _printf_f                                0x00000000   Number         0  stubs.o ABSOLUTE
    _printf_flags                            0x00000000   Number         0  stubs.o ABSOLUTE
    _printf_fp_dec                           0x00000000   Number         0  stubs.o ABSOLUTE
    _printf_fp_hex                           0x00000000   Number         0  stubs.o ABSOLUTE
    _printf_g                                0x00000000   Number         0  stubs.o ABSOLUTE
    _printf_i                                0x00000000   Number         0  stubs.o ABSOLUTE
    _printf_int_dec                          0x00000000   Number         0  stubs.o ABSOLUTE
    _printf_l                                0x00000000   Number         0  stubs.o ABSOLUTE
    _printf_lc                               0x00000000   Number         0  stubs.o ABSOLUTE
    _printf_ll                               0x00000000   Number         0  stubs.o ABSOLUTE
    _printf_lld                              0x00000000   Number         0  stubs.o ABSOLUTE
    _printf_lli                              0x00000000   Number         0  stubs.o ABSOLUTE
    _printf_llo                              0x00000000   Number         0  stubs.o ABSOLUTE
    _printf_llu                              0x00000000   Number         0  stubs.o ABSOLUTE
    _printf_llx                              0x00000000   Number         0  stubs.o ABSOLUTE
    _printf_longlong_dec                     0x00000000   Number         0  stubs.o ABSOLUTE
    _printf_longlong_hex                     0x00000000   Number         0  stubs.o ABSOLUTE
    _printf_longlong_oct                     0x00000000   Number         0  stubs.o ABSOLUTE
    _printf_ls                               0x00000000   Number         0  stubs.o ABSOLUTE
    _printf_mbtowc                           0x00000000   Number         0  stubs.o ABSOLUTE
    _printf_n                                0x00000000   Number         0  stubs.o ABSOLUTE
    _printf_o                                0x00000000   Number         0  stubs.o ABSOLUTE
    _printf_p                                0x00000000   Number         0  stubs.o ABSOLUTE
    _printf_percent                          0x00000000   Number         0  stubs.o ABSOLUTE
    _printf_pre_padding                      0x00000000   Number         0  stubs.o ABSOLUTE
    _printf_return_value                     0x00000000   Number         0  stubs.o ABSOLUTE
    _printf_s                                0x00000000   Number         0  stubs.o ABSOLUTE
    _printf_sizespec                         0x00000000   Number         0  stubs.o ABSOLUTE
    _printf_str                              0x00000000   Number         0  stubs.o ABSOLUTE
    _printf_truncate_signed                  0x00000000   Number         0  stubs.o ABSOLUTE
    _printf_truncate_unsigned                0x00000000   Number         0  stubs.o ABSOLUTE
    _printf_u                                0x00000000   Number         0  stubs.o ABSOLUTE
    _printf_wc                               0x00000000   Number         0  stubs.o ABSOLUTE
    _printf_wctomb                           0x00000000   Number         0  stubs.o ABSOLUTE
    _printf_widthprec                        0x00000000   Number         0  stubs.o ABSOLUTE
    _printf_x                                0x00000000   Number         0  stubs.o ABSOLUTE
    __arm_fini_                               - Undefined Weak Reference
    __cpp_initialize__aeabi_                  - Undefined Weak Reference
    __cxa_finalize                            - Undefined Weak Reference
    __decompress                              - Undefined Weak Reference
    _clock_init                               - Undefined Weak Reference
    _microlib_exit                            - Undefined Weak Reference
    __Vectors_Size                           0x000000ec   Number         0  startup_stm32f103xb.o ABSOLUTE
    __Vectors                                0x08000000   Data           4  startup_stm32f103xb.o(RESET)
    __Vectors_End                            0x080000ec   Data           0  startup_stm32f103xb.o(RESET)
    __main                                   0x080000ed   Thumb Code     0  entry.o(.ARM.Collect$$$$00000000)
    _main_stk                                0x080000ed   Thumb Code     0  entry2.o(.ARM.Collect$$$$00000001)
    _main_scatterload                        0x080000f1   Thumb Code     0  entry5.o(.ARM.Collect$$$$00000004)
    __main_after_scatterload                 0x080000f5   Thumb Code     0  entry5.o(.ARM.Collect$$$$00000004)
    _main_clock                              0x080000f5   Thumb Code     0  entry7b.o(.ARM.Collect$$$$00000008)
    _main_cpp_init                           0x080000f5   Thumb Code     0  entry8b.o(.ARM.Collect$$$$0000000A)
    _main_init                               0x080000f5   Thumb Code     0  entry9a.o(.ARM.Collect$$$$0000000B)
    __rt_lib_shutdown_fini                   0x080000fd   Thumb Code     0  entry12b.o(.ARM.Collect$$$$0000000E)
    __rt_final_cpp                           0x08000101   Thumb Code     0  entry10a.o(.ARM.Collect$$$$0000000F)
    __rt_final_exit                          0x08000101   Thumb Code     0  entry11a.o(.ARM.Collect$$$$00000011)
    Reset_Handler                            0x08000105   Thumb Code     8  startup_stm32f103xb.o(.text)
    ADC1_2_IRQHandler                        0x0800011f   Thumb Code     0  startup_stm32f103xb.o(.text)
    CAN1_RX1_IRQHandler                      0x0800011f   Thumb Code     0  startup_stm32f103xb.o(.text)
    CAN1_SCE_IRQHandler                      0x0800011f   Thumb Code     0  startup_stm32f103xb.o(.text)
    DMA1_Channel1_IRQHandler                 0x0800011f   Thumb Code     0  startup_stm32f103xb.o(.text)
    DMA1_Channel2_IRQHandler                 0x0800011f   Thumb Code     0  startup_stm32f103xb.o(.text)
    DMA1_Channel3_IRQHandler                 0x0800011f   Thumb Code     0  startup_stm32f103xb.o(.text)
    DMA1_Channel4_IRQHandler                 0x0800011f   Thumb Code     0  startup_stm32f103xb.o(.text)
    DMA1_Channel5_IRQHandler                 0x0800011f   Thumb Code     0  startup_stm32f103xb.o(.text)
    DMA1_Channel6_IRQHandler                 0x0800011f   Thumb Code     0  startup_stm32f103xb.o(.text)
    DMA1_Channel7_IRQHandler                 0x0800011f   Thumb Code     0  startup_stm32f103xb.o(.text)
    EXTI15_10_IRQHandler                     0x0800011f   Thumb Code     0  startup_stm32f103xb.o(.text)
    EXTI1_IRQHandler                         0x0800011f   Thumb Code     0  startup_stm32f103xb.o(.text)
    EXTI2_IRQHandler                         0x0800011f   Thumb Code     0  startup_stm32f103xb.o(.text)
    EXTI3_IRQHandler                         0x0800011f   Thumb Code     0  startup_stm32f103xb.o(.text)
    EXTI4_IRQHandler                         0x0800011f   Thumb Code     0  startup_stm32f103xb.o(.text)
    EXTI9_5_IRQHandler                       0x0800011f   Thumb Code     0  startup_stm32f103xb.o(.text)
    FLASH_IRQHandler                         0x0800011f   Thumb Code     0  startup_stm32f103xb.o(.text)
    I2C1_ER_IRQHandler                       0x0800011f   Thumb Code     0  startup_stm32f103xb.o(.text)
    I2C1_EV_IRQHandler                       0x0800011f   Thumb Code     0  startup_stm32f103xb.o(.text)
    I2C2_ER_IRQHandler                       0x0800011f   Thumb Code     0  startup_stm32f103xb.o(.text)
    I2C2_EV_IRQHandler                       0x0800011f   Thumb Code     0  startup_stm32f103xb.o(.text)
    PVD_IRQHandler                           0x0800011f   Thumb Code     0  startup_stm32f103xb.o(.text)
    RCC_IRQHandler                           0x0800011f   Thumb Code     0  startup_stm32f103xb.o(.text)
    SPI1_IRQHandler                          0x0800011f   Thumb Code     0  startup_stm32f103xb.o(.text)
    SPI2_IRQHandler                          0x0800011f   Thumb Code     0  startup_stm32f103xb.o(.text)
    TAMPER_IRQHandler                        0x0800011f   Thumb Code     0  startup_stm32f103xb.o(.text)
    TIM1_BRK_IRQHandler                      0x0800011f   Thumb Code     0  startup_stm32f103xb.o(.text)
    TIM1_CC_IRQHandler                       0x0800011f   Thumb Code     0  startup_stm32f103xb.o(.text)
    TIM1_TRG_COM_IRQHandler                  0x0800011f   Thumb Code     0  startup_stm32f103xb.o(.text)
    TIM1_UP_IRQHandler                       0x0800011f   Thumb Code     0  startup_stm32f103xb.o(.text)
    TIM2_IRQHandler                          0x0800011f   Thumb Code     0  startup_stm32f103xb.o(.text)
    TIM3_IRQHandler                          0x0800011f   Thumb Code     0  startup_stm32f103xb.o(.text)
    TIM4_IRQHandler                          0x0800011f   Thumb Code     0  startup_stm32f103xb.o(.text)
    USART1_IRQHandler                        0x0800011f   Thumb Code     0  startup_stm32f103xb.o(.text)
    USART2_IRQHandler                        0x0800011f   Thumb Code     0  startup_stm32f103xb.o(.text)
    USART3_IRQHandler                        0x0800011f   Thumb Code     0  startup_stm32f103xb.o(.text)
    USBWakeUp_IRQHandler                     0x0800011f   Thumb Code     0  startup_stm32f103xb.o(.text)
    USB_HP_CAN1_TX_IRQHandler                0x0800011f   Thumb Code     0  startup_stm32f103xb.o(.text)
    USB_LP_CAN1_RX0_IRQHandler               0x0800011f   Thumb Code     0  startup_stm32f103xb.o(.text)
    WWDG_IRQHandler                          0x0800011f   Thumb Code     0  startup_stm32f103xb.o(.text)
    __aeabi_memset                           0x08000129   Thumb Code    14  memseta.o(.text)
    __aeabi_memset4                          0x08000129   Thumb Code     0  memseta.o(.text)
    __aeabi_memset8                          0x08000129   Thumb Code     0  memseta.o(.text)
    __aeabi_memclr                           0x08000137   Thumb Code     4  memseta.o(.text)
    __aeabi_memclr4                          0x08000137   Thumb Code     0  memseta.o(.text)
    __aeabi_memclr8                          0x08000137   Thumb Code     0  memseta.o(.text)
    _memset$wrapper                          0x0800013b   Thumb Code    18  memseta.o(.text)
    __aeabi_uidiv                            0x0800014d   Thumb Code     0  uidiv.o(.text)
    __aeabi_uidivmod                         0x0800014d   Thumb Code    44  uidiv.o(.text)
    __scatterload                            0x08000179   Thumb Code    28  init.o(.text)
    __scatterload_rt2                        0x08000179   Thumb Code     0  init.o(.text)
    BSP_LCD_Init                             0x0800019d   Thumb Code    50  stm32_adafruit_lcd.o(i.BSP_LCD_Init)
    BSP_LCD_SetFont                          0x080001d9   Thumb Code     6  stm32_adafruit_lcd.o(i.BSP_LCD_SetFont)
    BusFault_Handler                         0x080001e5   Thumb Code     2  stm32f1xx_it.o(i.BusFault_Handler)
    DebugMon_Handler                         0x080001e7   Thumb Code     2  stm32f1xx_it.o(i.DebugMon_Handler)
    EXTI0_IRQHandler                         0x080001e9   Thumb Code     6  stm32f1xx_it.o(i.EXTI0_IRQHandler)
    Error_Handler                            0x080001ef   Thumb Code    12  main.o(i.Error_Handler)
    HAL_Delay                                0x080001fd   Thumb Code    32  stm32f1xx_hal.o(i.HAL_Delay)
    HAL_GPIO_EXTI_Callback                   0x08000221   Thumb Code     2  stm32f1xx_hal_gpio.o(i.HAL_GPIO_EXTI_Callback)
    HAL_GPIO_EXTI_IRQHandler                 0x08000225   Thumb Code    18  stm32f1xx_hal_gpio.o(i.HAL_GPIO_EXTI_IRQHandler)
    HAL_GPIO_Init                            0x0800023d   Thumb Code   464  stm32f1xx_hal_gpio.o(i.HAL_GPIO_Init)
    HAL_GPIO_WritePin                        0x0800042d   Thumb Code    14  stm32f1xx_hal_gpio.o(i.HAL_GPIO_WritePin)
    HAL_GetTick                              0x0800043d   Thumb Code     6  stm32f1xx_hal.o(i.HAL_GetTick)
    HAL_IncTick                              0x08000449   Thumb Code    12  stm32f1xx_hal.o(i.HAL_IncTick)
    HAL_Init                                 0x08000459   Thumb Code    32  stm32f1xx_hal.o(i.HAL_Init)
    HAL_InitTick                             0x0800047d   Thumb Code    58  stm32f1xx_hal.o(i.HAL_InitTick)
    HAL_MspInit                              0x080004c1   Thumb Code    52  stm32f1xx_hal_msp.o(i.HAL_MspInit)
    HAL_NVIC_SetPriority                     0x080004fd   Thumb Code    60  stm32f1xx_hal_cortex.o(i.HAL_NVIC_SetPriority)
    HAL_NVIC_SetPriorityGrouping             0x0800053d   Thumb Code    26  stm32f1xx_hal_cortex.o(i.HAL_NVIC_SetPriorityGrouping)
    HAL_RCCEx_PeriphCLKConfig                0x08000561   Thumb Code   256  stm32f1xx_hal_rcc_ex.o(i.HAL_RCCEx_PeriphCLKConfig)
    HAL_RCC_ClockConfig                      0x0800066d   Thumb Code   318  stm32f1xx_hal_rcc.o(i.HAL_RCC_ClockConfig)
    HAL_RCC_GetSysClockFreq                  0x080007c1   Thumb Code    58  stm32f1xx_hal_rcc.o(i.HAL_RCC_GetSysClockFreq)
    HAL_RCC_OscConfig                        0x0800080d   Thumb Code   882  stm32f1xx_hal_rcc.o(i.HAL_RCC_OscConfig)
    HAL_RTCEx_RTCEventCallback               0x08000b91   Thumb Code     2  stm32f1xx_hal_rtc_ex.o(i.HAL_RTCEx_RTCEventCallback)
    HAL_RTCEx_RTCEventErrorCallback          0x08000b93   Thumb Code     2  stm32f1xx_hal_rtc_ex.o(i.HAL_RTCEx_RTCEventErrorCallback)
    HAL_RTCEx_RTCIRQHandler                  0x08000b95   Thumb Code    66  stm32f1xx_hal_rtc_ex.o(i.HAL_RTCEx_RTCIRQHandler)
    HAL_RTC_AlarmAEventCallback              0x08000bd7   Thumb Code     2  stm32f1xx_hal_rtc.o(i.HAL_RTC_AlarmAEventCallback)
    HAL_RTC_AlarmIRQHandler                  0x08000bd9   Thumb Code    48  stm32f1xx_hal_rtc.o(i.HAL_RTC_AlarmIRQHandler)
    HAL_SPI_GetState                         0x08000c0d   Thumb Code     6  stm32f1xx_hal_spi.o(i.HAL_SPI_GetState)
    HAL_SPI_Init                             0x08000c13   Thumb Code   190  stm32f1xx_hal_spi.o(i.HAL_SPI_Init)
    HAL_SPI_Transmit                         0x08000cd1   Thumb Code   444  stm32f1xx_hal_spi.o(i.HAL_SPI_Transmit)
    HAL_SYSTICK_Config                       0x08000e8d   Thumb Code    40  stm32f1xx_hal_cortex.o(i.HAL_SYSTICK_Config)
    HardFault_Handler                        0x08000eb5   Thumb Code     2  stm32f1xx_it.o(i.HardFault_Handler)
    LCD_IO_Init                              0x08000ee1   Thumb Code   128  stm32f1xx_nucleo.o(i.LCD_IO_Init)
    LCD_RESET_SET                            0x08000f69   Thumb Code    44  main.o(i.LCD_RESET_SET)
    MemManage_Handler                        0x08000f99   Thumb Code     2  stm32f1xx_it.o(i.MemManage_Handler)
    NMI_Handler                              0x08000f9b   Thumb Code     2  stm32f1xx_it.o(i.NMI_Handler)
    PendSV_Handler                           0x08000f9d   Thumb Code     2  stm32f1xx_it.o(i.PendSV_Handler)
    RTC_Alarm_IRQHandler                     0x08000fc5   Thumb Code     6  stm32f1xx_it.o(i.RTC_Alarm_IRQHandler)
    RTC_IRQHandler                           0x08000fd1   Thumb Code     6  stm32f1xx_it.o(i.RTC_IRQHandler)
    SPIx_Init                                0x080010dd   Thumb Code    66  stm32f1xx_nucleo.o(i.SPIx_Init)
    SPIx_MspInit                             0x08001129   Thumb Code   116  stm32f1xx_nucleo.o(i.SPIx_MspInit)
    ST7789_DrawCircle                        0x080011a5   Thumb Code   290  st7789.o(i.ST7789_DrawCircle)
    ST7789_DrawFilledCircle                  0x080012cd   Thumb Code   274  st7789.o(i.ST7789_DrawFilledCircle)
    ST7789_DrawFilledRectangle               0x080013e5   Thumb Code   122  st7789.o(i.ST7789_DrawFilledRectangle)
    ST7789_DrawFilledTriangle                0x08001465   Thumb Code   216  st7789.o(i.ST7789_DrawFilledTriangle)
    ST7789_DrawImage                         0x08001541   Thumb Code   102  st7789.o(i.ST7789_DrawImage)
    ST7789_DrawLine                          0x080015ad   Thumb Code   164  st7789.o(i.ST7789_DrawLine)
    ST7789_DrawPixel                         0x08001651   Thumb Code    66  st7789.o(i.ST7789_DrawPixel)
    ST7789_DrawRectangle                     0x08001699   Thumb Code   100  st7789.o(i.ST7789_DrawRectangle)
    ST7789_DrawTriangle                      0x08001701   Thumb Code    94  st7789.o(i.ST7789_DrawTriangle)
    ST7789_Fill_Color                        0x08001765   Thumb Code   106  st7789.o(i.ST7789_Fill_Color)
    ST7789_Init                              0x080017ed   Thumb Code   244  st7789.o(i.ST7789_Init)
    ST7789_SetRotation                       0x08001985   Thumb Code    48  st7789.o(i.ST7789_SetRotation)
    ST7789_Test                              0x080019b5   Thumb Code   530  st7789.o(i.ST7789_Test)
    ST7789_WriteChar                         0x08001bf5   Thumb Code   176  st7789.o(i.ST7789_WriteChar)
    ST7789_WriteString                       0x08001d91   Thumb Code   120  st7789.o(i.ST7789_WriteString)
    SVC_Handler                              0x08001e0d   Thumb Code     2  stm32f1xx_it.o(i.SVC_Handler)
    SysTick_Handler                          0x08001e0f   Thumb Code     4  stm32f1xx_it.o(i.SysTick_Handler)
    SystemClock_Config                       0x08001e13   Thumb Code   128  main.o(i.SystemClock_Config)
    SystemInit                               0x08001e93   Thumb Code     2  system_stm32f1xx.o(i.SystemInit)
    UsageFault_Handler                       0x08001e95   Thumb Code     2  stm32f1xx_it.o(i.UsageFault_Handler)
    __0printf$6                              0x08001e99   Thumb Code    22  printf6.o(i.__0printf$6)
    __1printf$6                              0x08001e99   Thumb Code     0  printf6.o(i.__0printf$6)
    __2printf                                0x08001e99   Thumb Code     0  printf6.o(i.__0printf$6)
    __scatterload_copy                       0x08001ed9   Thumb Code    14  handlers.o(i.__scatterload_copy)
    __scatterload_null                       0x08001ee7   Thumb Code     2  handlers.o(i.__scatterload_null)
    __scatterload_zeroinit                   0x08001ee9   Thumb Code    14  handlers.o(i.__scatterload_zeroinit)
    fputc                                    0x0800223b   Thumb Code     4  main.o(i.fputc)
    main                                     0x08002241   Thumb Code    92  main.o(i.main)
    AHBPrescTable                            0x08002316   Data          16  system_stm32f1xx.o(.constdata)
    Font24_Table                             0x08002326   Data        6840  stm32_adafruit_lcd.o(.constdata)
    Font8_Table                              0x08003dde   Data         760  stm32_adafruit_lcd.o(.constdata)
    saber                                    0x080068ea   Data       32768  fonts.o(.constdata)
    Region$$Table$$Base                      0x0800e8ec   Number         0  anon$$obj.o(Region$$Table)
    Region$$Table$$Limit                     0x0800e90c   Number         0  anon$$obj.o(Region$$Table)
    __stdout                                 0x20000000   Data           4  main.o(.data)
    uwTickFreq                               0x20000004   Data           1  stm32f1xx_hal.o(.data)
    uwTickPrio                               0x20000008   Data           4  stm32f1xx_hal.o(.data)
    uwTick                                   0x2000000c   Data           4  stm32f1xx_hal.o(.data)
    SystemCoreClock                          0x20000010   Data           4  system_stm32f1xx.o(.data)
    lcd_drv                                  0x20000014   Data           4  stm32_adafruit_lcd.o(.data)
    Font24                                   0x20000018   Data           8  stm32_adafruit_lcd.o(.data)
    Font8                                    0x20000020   Data           8  stm32_adafruit_lcd.o(.data)
    Font_7x10                                0x20000028   Data           8  fonts.o(.data)
    Font_11x18                               0x20000030   Data           8  fonts.o(.data)
    Font_16x26                               0x20000038   Data           8  fonts.o(.data)
    RtcHandle                                0x20000040   Data          20  main.o(.bss)
    SpiHandle                                0x20000054   Data          88  main.o(.bss)
    DrawProp                                 0x20000412   Data          12  stm32_adafruit_lcd.o(.bss)
    __initial_sp                             0x20000820   Data           0  startup_stm32f103xb.o(STACK)



==============================================================================

Memory Map of the image

  Image Entry point : 0x080000ed

  Load Region LR_IROM1 (Base: 0x08000000, Size: 0x0000e94c, Max: 0x00100000, ABSOLUTE)

    Execution Region ER_IROM1 (Exec base: 0x08000000, Load base: 0x08000000, Size: 0x0000e90c, Max: 0x00100000, ABSOLUTE)

    Exec Addr    Load Addr    Size         Type   Attr      Idx    E Section Name        Object

    0x08000000   0x08000000   0x000000ec   Data   RO            3    RESET               startup_stm32f103xb.o
    0x080000ec   0x080000ec   0x00000000   Code   RO         3317  * .ARM.Collect$$$$00000000  mc_w.l(entry.o)
    0x080000ec   0x080000ec   0x00000004   Code   RO         3594    .ARM.Collect$$$$00000001  mc_w.l(entry2.o)
    0x080000f0   0x080000f0   0x00000004   Code   RO         3597    .ARM.Collect$$$$00000004  mc_w.l(entry5.o)
    0x080000f4   0x080000f4   0x00000000   Code   RO         3599    .ARM.Collect$$$$00000008  mc_w.l(entry7b.o)
    0x080000f4   0x080000f4   0x00000000   Code   RO         3601    .ARM.Collect$$$$0000000A  mc_w.l(entry8b.o)
    0x080000f4   0x080000f4   0x00000008   Code   RO         3602    .ARM.Collect$$$$0000000B  mc_w.l(entry9a.o)
    0x080000fc   0x080000fc   0x00000004   Code   RO         3609    .ARM.Collect$$$$0000000E  mc_w.l(entry12b.o)
    0x08000100   0x08000100   0x00000000   Code   RO         3604    .ARM.Collect$$$$0000000F  mc_w.l(entry10a.o)
    0x08000100   0x08000100   0x00000000   Code   RO         3606    .ARM.Collect$$$$00000011  mc_w.l(entry11a.o)
    0x08000100   0x08000100   0x00000004   Code   RO         3595    .ARM.Collect$$$$00002712  mc_w.l(entry2.o)
    0x08000104   0x08000104   0x00000024   Code   RO            4    .text               startup_stm32f103xb.o
    0x08000128   0x08000128   0x00000024   Code   RO         3325    .text               mc_w.l(memseta.o)
    0x0800014c   0x0800014c   0x0000002c   Code   RO         3610    .text               mc_w.l(uidiv.o)
    0x08000178   0x08000178   0x00000024   Code   RO         3627    .text               mc_w.l(init.o)
    0x0800019c   0x0800019c   0x0000003c   Code   RO         2842    i.BSP_LCD_Init      stm32_adafruit_lcd.o
    0x080001d8   0x080001d8   0x0000000c   Code   RO         2844    i.BSP_LCD_SetFont   stm32_adafruit_lcd.o
    0x080001e4   0x080001e4   0x00000002   Code   RO          336    i.BusFault_Handler  stm32f1xx_it.o
    0x080001e6   0x080001e6   0x00000002   Code   RO          337    i.DebugMon_Handler  stm32f1xx_it.o
    0x080001e8   0x080001e8   0x00000006   Code   RO          338    i.EXTI0_IRQHandler  stm32f1xx_it.o
    0x080001ee   0x080001ee   0x0000000c   Code   RO           13    i.Error_Handler     main.o
    0x080001fa   0x080001fa   0x00000002   PAD
    0x080001fc   0x080001fc   0x00000024   Code   RO          501    i.HAL_Delay         stm32f1xx_hal.o
    0x08000220   0x08000220   0x00000002   Code   RO         1017    i.HAL_GPIO_EXTI_Callback  stm32f1xx_hal_gpio.o
    0x08000222   0x08000222   0x00000002   PAD
    0x08000224   0x08000224   0x00000018   Code   RO         1018    i.HAL_GPIO_EXTI_IRQHandler  stm32f1xx_hal_gpio.o
    0x0800023c   0x0800023c   0x000001f0   Code   RO         1019    i.HAL_GPIO_Init     stm32f1xx_hal_gpio.o
    0x0800042c   0x0800042c   0x0000000e   Code   RO         1023    i.HAL_GPIO_WritePin  stm32f1xx_hal_gpio.o
    0x0800043a   0x0800043a   0x00000002   PAD
    0x0800043c   0x0800043c   0x0000000c   Code   RO          505    i.HAL_GetTick       stm32f1xx_hal.o
    0x08000448   0x08000448   0x00000010   Code   RO          511    i.HAL_IncTick       stm32f1xx_hal.o
    0x08000458   0x08000458   0x00000024   Code   RO          512    i.HAL_Init          stm32f1xx_hal.o
    0x0800047c   0x0800047c   0x00000044   Code   RO          513    i.HAL_InitTick      stm32f1xx_hal.o
    0x080004c0   0x080004c0   0x0000003c   Code   RO          434    i.HAL_MspInit       stm32f1xx_hal_msp.o
    0x080004fc   0x080004fc   0x00000040   Code   RO         1511    i.HAL_NVIC_SetPriority  stm32f1xx_hal_cortex.o
    0x0800053c   0x0800053c   0x00000024   Code   RO         1512    i.HAL_NVIC_SetPriorityGrouping  stm32f1xx_hal_cortex.o
    0x08000560   0x08000560   0x0000010c   Code   RO         1747    i.HAL_RCCEx_PeriphCLKConfig  stm32f1xx_hal_rcc_ex.o
    0x0800066c   0x0800066c   0x00000154   Code   RO         1119    i.HAL_RCC_ClockConfig  stm32f1xx_hal_rcc.o
    0x080007c0   0x080007c0   0x0000004c   Code   RO         1128    i.HAL_RCC_GetSysClockFreq  stm32f1xx_hal_rcc.o
    0x0800080c   0x0800080c   0x00000384   Code   RO         1131    i.HAL_RCC_OscConfig  stm32f1xx_hal_rcc.o
    0x08000b90   0x08000b90   0x00000002   Code   RO         1406    i.HAL_RTCEx_RTCEventCallback  stm32f1xx_hal_rtc_ex.o
    0x08000b92   0x08000b92   0x00000002   Code   RO         1407    i.HAL_RTCEx_RTCEventErrorCallback  stm32f1xx_hal_rtc_ex.o
    0x08000b94   0x08000b94   0x00000042   Code   RO         1408    i.HAL_RTCEx_RTCIRQHandler  stm32f1xx_hal_rtc_ex.o
    0x08000bd6   0x08000bd6   0x00000002   Code   RO         1226    i.HAL_RTC_AlarmAEventCallback  stm32f1xx_hal_rtc.o
    0x08000bd8   0x08000bd8   0x00000034   Code   RO         1227    i.HAL_RTC_AlarmIRQHandler  stm32f1xx_hal_rtc.o
    0x08000c0c   0x08000c0c   0x00000006   Code   RO          677    i.HAL_SPI_GetState  stm32f1xx_hal_spi.o
    0x08000c12   0x08000c12   0x000000be   Code   RO          679    i.HAL_SPI_Init      stm32f1xx_hal_spi.o
    0x08000cd0   0x08000cd0   0x000001bc   Code   RO          687    i.HAL_SPI_Transmit  stm32f1xx_hal_spi.o
    0x08000e8c   0x08000e8c   0x00000028   Code   RO         1516    i.HAL_SYSTICK_Config  stm32f1xx_hal_cortex.o
    0x08000eb4   0x08000eb4   0x00000002   Code   RO          339    i.HardFault_Handler  stm32f1xx_it.o
    0x08000eb6   0x08000eb6   0x00000002   PAD
    0x08000eb8   0x08000eb8   0x00000028   Code   RO           14    i.ITM_SendChar      main.o
    0x08000ee0   0x08000ee0   0x00000088   Code   RO         2622    i.LCD_IO_Init       stm32f1xx_nucleo.o
    0x08000f68   0x08000f68   0x00000030   Code   RO           15    i.LCD_RESET_SET     main.o
    0x08000f98   0x08000f98   0x00000002   Code   RO          340    i.MemManage_Handler  stm32f1xx_it.o
    0x08000f9a   0x08000f9a   0x00000002   Code   RO          341    i.NMI_Handler       stm32f1xx_it.o
    0x08000f9c   0x08000f9c   0x00000002   Code   RO          342    i.PendSV_Handler    stm32f1xx_it.o
    0x08000f9e   0x08000f9e   0x00000002   PAD
    0x08000fa0   0x08000fa0   0x00000024   Code   RO         1132    i.RCC_Delay         stm32f1xx_hal_rcc.o
    0x08000fc4   0x08000fc4   0x0000000c   Code   RO          343    i.RTC_Alarm_IRQHandler  stm32f1xx_it.o
    0x08000fd0   0x08000fd0   0x0000000c   Code   RO          344    i.RTC_IRQHandler    stm32f1xx_it.o
    0x08000fdc   0x08000fdc   0x00000044   Code   RO          719    i.SPI_EndRxTxTransaction  stm32f1xx_hal_spi.o
    0x08001020   0x08001020   0x000000bc   Code   RO          727    i.SPI_WaitFlagStateUntilTimeout  stm32f1xx_hal_spi.o
    0x080010dc   0x080010dc   0x0000004c   Code   RO         2632    i.SPIx_Init         stm32f1xx_nucleo.o
    0x08001128   0x08001128   0x0000007c   Code   RO         2633    i.SPIx_MspInit      stm32f1xx_nucleo.o
    0x080011a4   0x080011a4   0x00000128   Code   RO         3077    i.ST7789_DrawCircle  st7789.o
    0x080012cc   0x080012cc   0x00000118   Code   RO         3078    i.ST7789_DrawFilledCircle  st7789.o
    0x080013e4   0x080013e4   0x00000080   Code   RO         3079    i.ST7789_DrawFilledRectangle  st7789.o
    0x08001464   0x08001464   0x000000dc   Code   RO         3080    i.ST7789_DrawFilledTriangle  st7789.o
    0x08001540   0x08001540   0x0000006c   Code   RO         3081    i.ST7789_DrawImage  st7789.o
    0x080015ac   0x080015ac   0x000000a4   Code   RO         3082    i.ST7789_DrawLine   st7789.o
    0x08001650   0x08001650   0x00000048   Code   RO         3083    i.ST7789_DrawPixel  st7789.o
    0x08001698   0x08001698   0x00000068   Code   RO         3085    i.ST7789_DrawRectangle  st7789.o
    0x08001700   0x08001700   0x00000064   Code   RO         3086    i.ST7789_DrawTriangle  st7789.o
    0x08001764   0x08001764   0x00000088   Code   RO         3088    i.ST7789_Fill_Color  st7789.o
    0x080017ec   0x080017ec   0x0000011c   Code   RO         3089    i.ST7789_Init       st7789.o
    0x08001908   0x08001908   0x0000007c   Code   RO         3091    i.ST7789_SetAddressWindow  st7789.o
    0x08001984   0x08001984   0x00000030   Code   RO         3092    i.ST7789_SetRotation  st7789.o
    0x080019b4   0x080019b4   0x00000240   Code   RO         3094    i.ST7789_Test       st7789.o
    0x08001bf4   0x08001bf4   0x000000b4   Code   RO         3095    i.ST7789_WriteChar  st7789.o
    0x08001ca8   0x08001ca8   0x00000040   Code   RO         3096    i.ST7789_WriteCommand  st7789.o
    0x08001ce8   0x08001ce8   0x00000068   Code   RO         3097    i.ST7789_WriteData  st7789.o
    0x08001d50   0x08001d50   0x00000040   Code   RO         3098    i.ST7789_WriteSmallData  st7789.o
    0x08001d90   0x08001d90   0x0000007c   Code   RO         3099    i.ST7789_WriteString  st7789.o
    0x08001e0c   0x08001e0c   0x00000002   Code   RO          345    i.SVC_Handler       stm32f1xx_it.o
    0x08001e0e   0x08001e0e   0x00000004   Code   RO          346    i.SysTick_Handler   stm32f1xx_it.o
    0x08001e12   0x08001e12   0x00000080   Code   RO           16    i.SystemClock_Config  main.o
    0x08001e92   0x08001e92   0x00000002   Code   RO         2154    i.SystemInit        system_stm32f1xx.o
    0x08001e94   0x08001e94   0x00000002   Code   RO          347    i.UsageFault_Handler  stm32f1xx_it.o
    0x08001e96   0x08001e96   0x00000002   PAD
    0x08001e98   0x08001e98   0x00000020   Code   RO         3482    i.__0printf$6       mc_w.l(printf6.o)
    0x08001eb8   0x08001eb8   0x00000020   Code   RO         1518    i.__NVIC_SetPriority  stm32f1xx_hal_cortex.o
    0x08001ed8   0x08001ed8   0x0000000e   Code   RO         3639    i.__scatterload_copy  mc_w.l(handlers.o)
    0x08001ee6   0x08001ee6   0x00000002   Code   RO         3640    i.__scatterload_null  mc_w.l(handlers.o)
    0x08001ee8   0x08001ee8   0x0000000e   Code   RO         3641    i.__scatterload_zeroinit  mc_w.l(handlers.o)
    0x08001ef6   0x08001ef6   0x00000002   PAD
    0x08001ef8   0x08001ef8   0x000002f0   Code   RO         3489    i._printf_core      mc_w.l(printf6.o)
    0x080021e8   0x080021e8   0x00000024   Code   RO         3490    i._printf_post_padding  mc_w.l(printf6.o)
    0x0800220c   0x0800220c   0x0000002e   Code   RO         3491    i._printf_pre_padding  mc_w.l(printf6.o)
    0x0800223a   0x0800223a   0x00000004   Code   RO           19    i.fputc             main.o
    0x0800223e   0x0800223e   0x00000002   PAD
    0x08002240   0x08002240   0x000000c4   Code   RO           20    i.main              main.o
    0x08002304   0x08002304   0x00000012   Data   RO         1133    .constdata          stm32f1xx_hal_rcc.o
    0x08002316   0x08002316   0x00000010   Data   RO         2155    .constdata          system_stm32f1xx.o
    0x08002326   0x08002326   0x00001ab8   Data   RO         2850    .constdata          stm32_adafruit_lcd.o
    0x08003dde   0x08003dde   0x000002f8   Data   RO         2854    .constdata          stm32_adafruit_lcd.o
    0x080040d6   0x080040d6   0x0000076c   Data   RO         3055    .constdata          fonts.o
    0x08004842   0x08004842   0x00000d5c   Data   RO         3056    .constdata          fonts.o
    0x0800559e   0x0800559e   0x0000134c   Data   RO         3057    .constdata          fonts.o
    0x080068ea   0x080068ea   0x00008000   Data   RO         3058    .constdata          fonts.o
    0x0800e8ea   0x0800e8ea   0x00000002   PAD
    0x0800e8ec   0x0800e8ec   0x00000020   Data   RO         3637    Region$$Table       anon$$obj.o


    Execution Region RW_IRAM1 (Exec base: 0x20000000, Load base: 0x0800e90c, Size: 0x00000820, Max: 0x00050000, ABSOLUTE)

    Exec Addr    Load Addr    Size         Type   Attr      Idx    E Section Name        Object

    0x20000000   0x0800e90c   0x00000004   Data   RW           37    .data               main.o
    0x20000004   0x0800e910   0x0000000c   Data   RW          519    .data               stm32f1xx_hal.o
    0x20000010   0x0800e91c   0x00000004   Data   RW         2157    .data               system_stm32f1xx.o
    0x20000014   0x0800e920   0x00000014   Data   RW         2855    .data               stm32_adafruit_lcd.o
    0x20000028   0x0800e934   0x00000008   Data   RW         3059    .data               fonts.o
    0x20000030   0x0800e93c   0x00000008   Data   RW         3060    .data               fonts.o
    0x20000038   0x0800e944   0x00000008   Data   RW         3061    .data               fonts.o
    0x20000040        -       0x00000014   Zero   RW           22    .bss                main.o
    0x20000054        -       0x00000058   Zero   RW           23    .bss                main.o
    0x200000ac        -       0x00000372   Zero   RW         2849    .bss                stm32_adafruit_lcd.o
    0x2000041e   0x0800e94c   0x00000002   PAD
    0x20000420        -       0x00000400   Zero   RW            1    STACK               startup_stm32f103xb.o


==============================================================================

Image component sizes


      Code (inc. data)   RO Data    RW Data    ZI Data      Debug   Object Name

         0          0      43028         24          0       1464   fonts.o
       428        112          0          4        108     434968   main.o
      3176        204          0          0          0      16827   st7789.o
        36          8        236          0       1024        812   startup_stm32f103xb.o
        72         16       7600         20        882       5878   stm32_adafruit_lcd.o
       168         28          0         12          0       5961   stm32f1xx_hal.o
       172         14          0          0          0      28422   stm32f1xx_hal_cortex.o
       536         38          0          0          0       3976   stm32f1xx_hal_gpio.o
        60          8          0          0          0        898   stm32f1xx_hal_msp.o
      1352         64         18          0          0       5012   stm32f1xx_hal_rcc.o
       268         12          0          0          0       1472   stm32f1xx_hal_rcc_ex.o
        54          4          0          0          0       1668   stm32f1xx_hal_rtc.o
        70          0          0          0          0       2173   stm32f1xx_hal_rtc_ex.o
       896          4          0          0          0       4973   stm32f1xx_hal_spi.o
        50         12          0          0          0       5149   stm32f1xx_it.o
       336         26          0          0          0       2969   stm32f1xx_nucleo.o
         2          0         16          4          0       1119   system_stm32f1xx.o

    ----------------------------------------------------------------------
      7690        550      50932         64       2016     523741   Object Totals
         0          0         32          0          0          0   (incl. Generated)
        14          0          2          0          2          0   (incl. Padding)

    ----------------------------------------------------------------------

      Code (inc. data)   RO Data    RW Data    ZI Data      Debug   Library Member Name

         0          0          0          0          0          0   entry.o
         0          0          0          0          0          0   entry10a.o
         0          0          0          0          0          0   entry11a.o
         4          0          0          0          0          0   entry12b.o
         8          4          0          0          0          0   entry2.o
         4          0          0          0          0          0   entry5.o
         0          0          0          0          0          0   entry7b.o
         0          0          0          0          0          0   entry8b.o
         8          4          0          0          0          0   entry9a.o
        30          0          0          0          0          0   handlers.o
        36          8          0          0          0         68   init.o
        36          0          0          0          0        108   memseta.o
       866         14          0          0          0        352   printf6.o
        44          0          0          0          0         80   uidiv.o

    ----------------------------------------------------------------------
      1038         30          0          0          0        608   Library Totals
         2          0          0          0          0          0   (incl. Padding)

    ----------------------------------------------------------------------

      Code (inc. data)   RO Data    RW Data    ZI Data      Debug   Library Name

      1036         30          0          0          0        608   mc_w.l

    ----------------------------------------------------------------------
      1038         30          0          0          0        608   Library Totals

    ----------------------------------------------------------------------

==============================================================================


      Code (inc. data)   RO Data    RW Data    ZI Data      Debug   

      8728        580      50932         64       2016     520809   Grand Totals
      8728        580      50932         64       2016     520809   ELF Image Totals
      8728        580      50932         64          0          0   ROM Totals

==============================================================================

    Total RO  Size (Code + RO Data)                59660 (  58.26kB)
    Total RW  Size (RW Data + ZI Data)              2080 (   2.03kB)
    Total ROM Size (Code + RO Data + RW Data)      59724 (  58.32kB)

==============================================================================

