Component: ARM Compiler 5.06 update 7 (build 960) Tool: armlink [4d3601]

==============================================================================

Section Cross References

    startup_stm32f103xb.o(RESET) refers to startup_stm32f103xb.o(STACK) for __initial_sp
    startup_stm32f103xb.o(RESET) refers to startup_stm32f103xb.o(.text) for Reset_Handler
    startup_stm32f103xb.o(RESET) refers to stm32f1xx_it.o(i.NMI_Handler) for NMI_Handler
    startup_stm32f103xb.o(RESET) refers to stm32f1xx_it.o(i.HardFault_Handler) for HardFault_Handler
    startup_stm32f103xb.o(RESET) refers to stm32f1xx_it.o(i.MemManage_Handler) for MemManage_Handler
    startup_stm32f103xb.o(RESET) refers to stm32f1xx_it.o(i.BusFault_Handler) for BusFault_Handler
    startup_stm32f103xb.o(RESET) refers to stm32f1xx_it.o(i.UsageFault_Handler) for UsageFault_Handler
    startup_stm32f103xb.o(RESET) refers to stm32f1xx_it.o(i.SVC_Handler) for SVC_Handler
    startup_stm32f103xb.o(RESET) refers to stm32f1xx_it.o(i.DebugMon_Handler) for DebugMon_Handler
    startup_stm32f103xb.o(RESET) refers to stm32f1xx_it.o(i.PendSV_Handler) for PendSV_Handler
    startup_stm32f103xb.o(RESET) refers to stm32f1xx_it.o(i.SysTick_Handler) for SysTick_Handler
    startup_stm32f103xb.o(RESET) refers to stm32f1xx_it.o(i.RTC_IRQHandler) for RTC_IRQHandler
    startup_stm32f103xb.o(RESET) refers to stm32f1xx_it.o(i.EXTI0_IRQHandler) for EXTI0_IRQHandler
    startup_stm32f103xb.o(RESET) refers to stm32f1xx_it.o(i.RTC_Alarm_IRQHandler) for RTC_Alarm_IRQHandler
    startup_stm32f103xb.o(.text) refers to system_stm32f1xx.o(i.SystemInit) for SystemInit
    startup_stm32f103xb.o(.text) refers to entry.o(.ARM.Collect$$$$00000000) for __main
    fatfs_storage.o(i.Storage_CheckBitmapFile) refers to ff.o(i.f_open) for f_open
    fatfs_storage.o(i.Storage_CheckBitmapFile) refers to fatfs_storage.o(.bss) for MyFile
    fatfs_storage.o(i.Storage_CopyFile) refers to ff.o(i.f_open) for f_open
    fatfs_storage.o(i.Storage_CopyFile) refers to ff.o(i.f_read) for f_read
    fatfs_storage.o(i.Storage_CopyFile) refers to ff.o(i.f_write) for f_write
    fatfs_storage.o(i.Storage_CopyFile) refers to ff.o(i.f_close) for f_close
    fatfs_storage.o(i.Storage_CopyFile) refers to fatfs_storage.o(.data) for BytesRead
    fatfs_storage.o(i.Storage_CopyFile) refers to fatfs_storage.o(.bss) for aBuffer
    fatfs_storage.o(i.Storage_GetDirectoryBitmapFiles) refers to ff.o(i.f_opendir) for f_opendir
    fatfs_storage.o(i.Storage_GetDirectoryBitmapFiles) refers to ff.o(i.f_readdir) for f_readdir
    fatfs_storage.o(i.Storage_GetDirectoryBitmapFiles) refers to printf6.o(i.__0sprintf$6) for __2sprintf
    fatfs_storage.o(i.Storage_GetDirectoryBitmapFiles) refers to fatfs_storage.o(.bss) for MyDirectory
    fatfs_storage.o(i.Storage_OpenReadFile) refers to ff.o(i.f_open) for f_open
    fatfs_storage.o(i.Storage_OpenReadFile) refers to ff.o(i.f_read) for f_read
    fatfs_storage.o(i.Storage_OpenReadFile) refers to ff.o(i.f_lseek) for f_lseek
    fatfs_storage.o(i.Storage_OpenReadFile) refers to stm32_adafruit_lcd.o(i.BSP_LCD_DrawBitmap) for BSP_LCD_DrawBitmap
    fatfs_storage.o(i.Storage_OpenReadFile) refers to ff.o(i.f_close) for f_close
    fatfs_storage.o(i.Storage_OpenReadFile) refers to fatfs_storage.o(.bss) for aBuffer
    fatfs_storage.o(i.Storage_OpenReadFile) refers to fatfs_storage.o(.data) for BytesRead
    main.o(i.Error_Handler) refers to stm32f1xx_nucleo.o(i.BSP_LED_Toggle) for BSP_LED_Toggle
    main.o(i.Error_Handler) refers to stm32f1xx_hal.o(i.HAL_Delay) for HAL_Delay
    main.o(i.HAL_GPIO_EXTI_Callback) refers to main.o(.data) for BlinkSpeed
    main.o(i.HAL_RTCEx_RTCEventCallback) refers to main.o(i.RTC_TimeShow) for RTC_TimeShow
    main.o(i.HAL_RTCEx_RTCEventCallback) refers to main.o(.bss) for aShowTime
    main.o(i.HAL_RTC_AlarmAEventCallback) refers to stm32f1xx_nucleo.o(i.BSP_LED_On) for BSP_LED_On
    main.o(i.LCD_RESET_SET) refers to stm32f1xx_hal_gpio.o(i.HAL_GPIO_WritePin) for HAL_GPIO_WritePin
    main.o(i.LCD_RESET_SET) refers to stm32f1xx_hal.o(i.HAL_Delay) for HAL_Delay
    main.o(i.LED2_Blink) refers to stm32f1xx_nucleo.o(i.BSP_LED_Toggle) for BSP_LED_Toggle
    main.o(i.LED2_Blink) refers to stm32f1xx_hal.o(i.HAL_Delay) for HAL_Delay
    main.o(i.LED2_Blink) refers to main.o(.data) for BlinkSpeed
    main.o(i.MX_SPI_Init) refers to stm32f1xx_hal_spi.o(i.HAL_SPI_Init) for HAL_SPI_Init
    main.o(i.MX_SPI_Init) refers to main.o(i.Error_Handler) for Error_Handler
    main.o(i.MX_SPI_Init) refers to main.o(.bss) for SpiHandle
    main.o(i.MX_UART1_Init) refers to stm32f1xx_hal_uart.o(i.HAL_UART_Init) for HAL_UART_Init
    main.o(i.MX_UART1_Init) refers to main.o(i.Error_Handler) for Error_Handler
    main.o(i.MX_UART1_Init) refers to main.o(.bss) for huart1
    main.o(i.RTC_AlarmConfig) refers to stm32f1xx_hal_rtc.o(i.HAL_RTC_SetDate) for HAL_RTC_SetDate
    main.o(i.RTC_AlarmConfig) refers to main.o(i.Error_Handler) for Error_Handler
[...]
    Removing st7789.o(.rrx_text), (6 bytes).
    Removing st7789.o(i.LCD_WR_DATA), (28 bytes).
    Removing st7789.o(i.LCD_WR_REG), (28 bytes).
    Removing st7789.o(i.ST7789_DrawCircle), (280 bytes).
    Removing st7789.o(i.ST7789_DrawFilledCircle), (360 bytes).
    Removing st7789.o(i.ST7789_DrawFilledRectangle), (120 bytes).
    Removing st7789.o(i.ST7789_DrawFilledTriangle), (324 bytes).
    Removing st7789.o(i.ST7789_DrawImage), (112 bytes).
    Removing st7789.o(i.ST7789_DrawLine), (198 bytes).
    Removing st7789.o(i.ST7789_DrawPixel), (88 bytes).
    Removing st7789.o(i.ST7789_DrawPixel_4px), (80 bytes).
    Removing st7789.o(i.ST7789_DrawRectangle), (100 bytes).
    Removing st7789.o(i.ST7789_DrawTriangle), (92 bytes).
    Removing st7789.o(i.ST7789_Fill), (132 bytes).
    Removing st7789.o(i.ST7789_InvertColors), (48 bytes).
    Removing st7789.o(i.ST7789_TearEffect), (48 bytes).
    Removing st7789.o(i.ST7789_Test), (936 bytes).
    Removing diskio.o(.rev16_text), (4 bytes).
    Removing diskio.o(.revsh_text), (4 bytes).
    Removing diskio.o(.rrx_text), (6 bytes).
    Removing diskio.o(i.disk_initialize), (44 bytes).
    Removing diskio.o(i.disk_ioctl), (40 bytes).
    Removing diskio.o(i.disk_read), (48 bytes).
    Removing diskio.o(i.disk_status), (28 bytes).
    Removing diskio.o(i.disk_write), (48 bytes).
    Removing diskio.o(i.get_fattime), (4 bytes).
    Removing ff.o(.rev16_text), (4 bytes).
    Removing ff.o(.revsh_text), (4 bytes).
    Removing ff.o(.rrx_text), (6 bytes).
    Removing ff.o(i.check_fs), (152 bytes).
    Removing ff.o(i.chk_chr), (20 bytes).
    Removing ff.o(i.chk_lock), (144 bytes).
    Removing ff.o(i.clear_lock), (48 bytes).
    Removing ff.o(i.clmt_clust), (56 bytes).
    Removing ff.o(i.clust2sect), (32 bytes).
    Removing ff.o(i.create_chain), (234 bytes).
    Removing ff.o(i.create_name), (288 bytes).
    Removing ff.o(i.dec_lock), (76 bytes).
    Removing ff.o(i.dir_alloc), (100 bytes).
    Removing ff.o(i.dir_find), (100 bytes).
    Removing ff.o(i.dir_next), (346 bytes).
    Removing ff.o(i.dir_read), (122 bytes).
    Removing ff.o(i.dir_register), (70 bytes).
    Removing ff.o(i.dir_remove), (68 bytes).
    Removing ff.o(i.dir_sdi), (200 bytes).
    Removing ff.o(i.enq_lock), (40 bytes).
    Removing ff.o(i.f_chmod), (90 bytes).
    Removing ff.o(i.f_close), (46 bytes).
    Removing ff.o(i.f_closedir), (42 bytes).
    Removing ff.o(i.f_getfree), (274 bytes).
    Removing ff.o(i.f_gets), (86 bytes).
    Removing ff.o(i.f_lseek), (834 bytes).
    Removing ff.o(i.f_mkdir), (360 bytes).
    Removing ff.o(i.f_mkfs), (1608 bytes).
    Removing ff.o(i.f_mount), (100 bytes).
    Removing ff.o(i.f_open), (448 bytes).
    Removing ff.o(i.f_opendir), (166 bytes).
    Removing ff.o(i.f_printf), (628 bytes).
    Removing ff.o(i.f_putc), (64 bytes).
    Removing ff.o(i.f_puts), (74 bytes).
    Removing ff.o(i.f_read), (516 bytes).
    Removing ff.o(i.f_readdir), (92 bytes).
    Removing ff.o(i.f_rename), (312 bytes).
    Removing ff.o(i.f_stat), (64 bytes).
    Removing ff.o(i.f_sync), (204 bytes).
    Removing ff.o(i.f_truncate), (236 bytes).
    Removing ff.o(i.f_unlink), (198 bytes).
    Removing ff.o(i.f_utime), (92 bytes).
    Removing ff.o(i.f_write), (598 bytes).
    Removing ff.o(i.find_volume), (988 bytes).
    Removing ff.o(i.follow_path), (156 bytes).
    Removing ff.o(i.get_fat), (238 bytes).
    Removing ff.o(i.get_fileinfo), (114 bytes).
    Removing ff.o(i.get_ldnumber), (72 bytes).
    Removing ff.o(i.inc_lock), (232 bytes).
    Removing ff.o(i.ld_clust), (34 bytes).
    Removing ff.o(i.mem_cmp), (38 bytes).
    Removing ff.o(i.mem_cpy), (26 bytes).
    Removing ff.o(i.mem_set), (20 bytes).
    Removing ff.o(i.move_window), (56 bytes).
    Removing ff.o(i.put_fat), (326 bytes).
    Removing ff.o(i.putc_bfd), (78 bytes).
    Removing ff.o(i.remove_chain), (122 bytes).
    Removing ff.o(i.st_clust), (16 bytes).
    Removing ff.o(i.sync_fs), (244 bytes).
    Removing ff.o(i.sync_window), (96 bytes).
    Removing ff.o(i.validate), (66 bytes).
    Removing ff.o(.bss), (144 bytes).
    Removing ff.o(.constdata), (172 bytes).
    Removing ff.o(.data), (6 bytes).
    Removing ff_gen_drv.o(.rev16_text), (4 bytes).
    Removing ff_gen_drv.o(.revsh_text), (4 bytes).
    Removing ff_gen_drv.o(.rrx_text), (6 bytes).
    Removing ff_gen_drv.o(i.FATFS_GetAttachedDriversNbr), (12 bytes).
    Removing ff_gen_drv.o(i.FATFS_LinkDriver), (18 bytes).
    Removing ff_gen_drv.o(i.FATFS_LinkDriverEx), (84 bytes).
    Removing ff_gen_drv.o(i.FATFS_UnLinkDriver), (14 bytes).
    Removing ff_gen_drv.o(i.FATFS_UnLinkDriverEx), (68 bytes).
    Removing ff_gen_drv.o(.bss), (12 bytes).
    Removing stm32f1xx_nucleo.o(.rev16_text), (4 bytes).
    Removing stm32f1xx_nucleo.o(.revsh_text), (4 bytes).
    Removing stm32f1xx_nucleo.o(.rrx_text), (6 bytes).
    Removing stm32f1xx_nucleo.o(i.ADCx_DeInit), (32 bytes).
    Removing stm32f1xx_nucleo.o(i.ADCx_Init), (88 bytes).
    Removing stm32f1xx_nucleo.o(i.ADCx_MspDeInit), (40 bytes).
    Removing stm32f1xx_nucleo.o(i.ADCx_MspInit), (100 bytes).
    Removing stm32f1xx_nucleo.o(i.BSP_GetVersion), (8 bytes).
    Removing stm32f1xx_nucleo.o(i.BSP_JOY_DeInit), (8 bytes).
    Removing stm32f1xx_nucleo.o(i.BSP_JOY_GetState), (124 bytes).
    Removing stm32f1xx_nucleo.o(i.BSP_JOY_Init), (44 bytes).
    Removing stm32f1xx_nucleo.o(i.BSP_LED_DeInit), (52 bytes).
    Removing stm32f1xx_nucleo.o(i.BSP_PB_DeInit), (48 bytes).
    Removing stm32f1xx_nucleo.o(i.BSP_PB_GetState), (32 bytes).
    Removing stm32f1xx_nucleo.o(i.LCD_Delay), (12 bytes).
    Removing stm32f1xx_nucleo.o(i.LCD_IO_WriteMultipleData), (140 bytes).
    Removing stm32f1xx_nucleo.o(i.LCD_IO_WriteReg), (48 bytes).
    Removing stm32f1xx_nucleo.o(i.SD_IO_CSState), (36 bytes).
    Removing stm32f1xx_nucleo.o(i.SD_IO_Init), (148 bytes).
    Removing stm32f1xx_nucleo.o(i.SD_IO_ReadData), (18 bytes).
    Removing stm32f1xx_nucleo.o(i.SD_IO_WriteByte), (20 bytes).
    Removing stm32f1xx_nucleo.o(i.SD_IO_WriteData), (16 bytes).
    Removing stm32f1xx_nucleo.o(i.SD_IO_WriteReadData), (20 bytes).
    Removing stm32f1xx_nucleo.o(i.SPIx_Error), (20 bytes).
    Removing stm32f1xx_nucleo.o(i.SPIx_MspInit), (164 bytes).
    Removing stm32f1xx_nucleo.o(i.SPIx_Write), (44 bytes).
    Removing stm32f1xx_nucleo.o(i.SPIx_WriteData), (40 bytes).
    Removing stm32f1xx_nucleo.o(i.SPIx_WriteReadData), (48 bytes).
    Removing stm32f1xx_nucleo.o(.bss), (60 bytes).
    Removing stm32_adafruit_lcd.o(.rev16_text), (4 bytes).
    Removing stm32_adafruit_lcd.o(.revsh_text), (4 bytes).
    Removing stm32_adafruit_lcd.o(.rrx_text), (6 bytes).
    Removing stm32_adafruit_lcd.o(i.BSP_LCD_ClearStringLine), (64 bytes).
    Removing stm32_adafruit_lcd.o(i.BSP_LCD_DisplayChar), (64 bytes).
    Removing stm32_adafruit_lcd.o(i.BSP_LCD_DisplayOff), (16 bytes).
    Removing stm32_adafruit_lcd.o(i.BSP_LCD_DisplayOn), (16 bytes).
    Removing stm32_adafruit_lcd.o(i.BSP_LCD_DisplayStringAt), (208 bytes).
    Removing stm32_adafruit_lcd.o(i.BSP_LCD_DisplayStringAtLine), (30 bytes).
    Removing stm32_adafruit_lcd.o(i.BSP_LCD_DrawBitmap), (128 bytes).
    Removing stm32_adafruit_lcd.o(i.BSP_LCD_DrawCircle), (220 bytes).
    Removing stm32_adafruit_lcd.o(i.BSP_LCD_DrawEllipse), (292 bytes).
    Removing stm32_adafruit_lcd.o(i.BSP_LCD_DrawLine), (300 bytes).
    Removing stm32_adafruit_lcd.o(i.BSP_LCD_DrawPolygon), (112 bytes).
    Removing stm32_adafruit_lcd.o(i.BSP_LCD_DrawRect), (60 bytes).
    Removing stm32_adafruit_lcd.o(i.BSP_LCD_DrawVLine), (84 bytes).
    Removing stm32_adafruit_lcd.o(i.BSP_LCD_FillCircle), (164 bytes).
    Removing stm32_adafruit_lcd.o(i.BSP_LCD_FillEllipse), (256 bytes).
    Removing stm32_adafruit_lcd.o(i.BSP_LCD_FillPolygon), (436 bytes).
    Removing stm32_adafruit_lcd.o(i.BSP_LCD_FillRect), (56 bytes).
    Removing stm32_adafruit_lcd.o(i.BSP_LCD_GetBackColor), (12 bytes).
    Removing stm32_adafruit_lcd.o(i.BSP_LCD_GetFont), (12 bytes).
    Removing stm32_adafruit_lcd.o(i.BSP_LCD_GetTextColor), (12 bytes).
    Removing stm32_adafruit_lcd.o(i.BSP_LCD_GetXSize), (16 bytes).
    Removing stm32_adafruit_lcd.o(i.BSP_LCD_GetYSize), (16 bytes).
    Removing stm32_adafruit_lcd.o(i.BSP_LCD_SetBackColor), (12 bytes).
    Removing stm32_adafruit_lcd.o(i.DrawChar), (340 bytes).
    Removing stm32_adafruit_lcd.o(i.FillTriangle), (296 bytes).
    Removing stm32_adafruit_lcd.o(i.SetDisplayWindow), (48 bytes).
    Removing stm32_adafruit_sd.o(i.BSP_SD_Erase), (180 bytes).
    Removing stm32_adafruit_sd.o(i.BSP_SD_GetCardInfo), (132 bytes).
    Removing stm32_adafruit_sd.o(i.BSP_SD_GetCardState), (62 bytes).
    Removing stm32_adafruit_sd.o(i.BSP_SD_Init), (24 bytes).
    Removing stm32_adafruit_sd.o(i.BSP_SD_ReadBlocks), (256 bytes).
    Removing stm32_adafruit_sd.o(i.BSP_SD_WriteBlocks), (260 bytes).
    Removing stm32_adafruit_sd.o(i.SD_GetCIDRegister), (268 bytes).
    Removing stm32_adafruit_sd.o(i.SD_GetCSDRegister), (688 bytes).
    Removing stm32_adafruit_sd.o(i.SD_GetDataResponse), (80 bytes).
    Removing stm32_adafruit_sd.o(i.SD_GoIdleState), (492 bytes).
    Removing stm32_adafruit_sd.o(i.SD_ReadData), (30 bytes).
    Removing stm32_adafruit_sd.o(i.SD_SendCmd), (256 bytes).
    Removing stm32_adafruit_sd.o(i.SD_WaitData), (40 bytes).
    Removing stm32_adafruit_sd.o(.constdata), (5 bytes).
    Removing stm32_adafruit_sd.o(.data), (4 bytes).
    Removing sd_diskio.o(.rev16_text), (4 bytes).
    Removing sd_diskio.o(.revsh_text), (4 bytes).
    Removing sd_diskio.o(.rrx_text), (6 bytes).
    Removing sd_diskio.o(i.SD_initialize), (40 bytes).
    Removing sd_diskio.o(i.SD_ioctl), (104 bytes).
    Removing sd_diskio.o(i.SD_read), (72 bytes).
    Removing sd_diskio.o(i.SD_status), (40 bytes).
    Removing sd_diskio.o(i.SD_write), (72 bytes).
    Removing sd_diskio.o(.constdata), (20 bytes).
    Removing sd_diskio.o(.data), (1 bytes).
    Removing retarget_io.o(i.ITM_ReceiveChar), (36 bytes).
    Removing retarget_io.o(i.ITM_SendChar), (48 bytes).
    Removing retarget_io.o(i.__aeabi_assert), (156 bytes).
    Removing retarget_io.o(i.__backspace), (52 bytes).
    Removing retarget_io.o(i.abort), (4 bytes).
    Removing retarget_io.o(i.fgetc), (72 bytes).
    Removing retarget_io.o(i.fputc), (48 bytes).
    Removing retarget_io.o(i.stderr_putchar), (12 bytes).
    Removing retarget_io.o(i.stdin_getchar), (16 bytes).
    Removing retarget_io.o(i.stdout_putchar), (12 bytes).
    Removing retarget_io.o(.data), (12 bytes).
    Removing fdiv.o(.text), (124 bytes).
    Removing fflti.o(.text), (18 bytes).
    Removing ffixui.o(.text), (40 bytes).
    Removing fepilogue.o(.text), (110 bytes).
    Removing dadd.o(.text), (334 bytes).
    Removing dmul.o(.text), (228 bytes).
    Removing ddiv.o(.text), (222 bytes).
    Removing dfixul.o(.text), (48 bytes).
    Removing cdrcmple.o(.text), (48 bytes).
    Removing depilogue.o(.text), (186 bytes).

648 unused section(s) (total 75015 bytes) removed from the image.

==============================================================================

Image Symbol Table

    Local Symbols

    Symbol Name                              Value     Ov Type        Size  Object(Section)

    ../Drivers/STM32F1xx_HAL_Driver/Src/stm32f1xx_hal.c 0x00000000   Number         0  stm32f1xx_hal.o ABSOLUTE
    ../Drivers/STM32F1xx_HAL_Driver/Src/stm32f1xx_hal_cortex.c 0x00000000   Number         0  stm32f1xx_hal_cortex.o ABSOLUTE
    ../Drivers/STM32F1xx_HAL_Driver/Src/stm32f1xx_hal_dma.c 0x00000000   Number         0  stm32f1xx_hal_dma.o ABSOLUTE
    ../Drivers/STM32F1xx_HAL_Driver/Src/stm32f1xx_hal_exti.c 0x00000000   Number         0  stm32f1xx_hal_exti.o ABSOLUTE
    ../Drivers/STM32F1xx_HAL_Driver/Src/stm32f1xx_hal_flash.c 0x00000000   Number         0  stm32f1xx_hal_flash.o ABSOLUTE
    ../Drivers/STM32F1xx_HAL_Driver/Src/stm32f1xx_hal_flash_ex.c 0x00000000   Number         0  stm32f1xx_hal_flash_ex.o ABSOLUTE
    ../Drivers/STM32F1xx_HAL_Driver/Src/stm32f1xx_hal_gpio.c 0x00000000   Number         0  stm32f1xx_hal_gpio.o ABSOLUTE
    ../Drivers/STM32F1xx_HAL_Driver/Src/stm32f1xx_hal_gpio_ex.c 0x00000000   Number         0  stm32f1xx_hal_gpio_ex.o ABSOLUTE
    ../Drivers/STM32F1xx_HAL_Driver/Src/stm32f1xx_hal_pwr.c 0x00000000   Number         0  stm32f1xx_hal_pwr.o ABSOLUTE
    ../Drivers/STM32F1xx_HAL_Driver/Src/stm32f1xx_hal_rcc.c 0x00000000   Number         0  stm32f1xx_hal_rcc.o ABSOLUTE
    ../Drivers/STM32F1xx_HAL_Driver/Src/stm32f1xx_hal_rcc_ex.c 0x00000000   Number         0  stm32f1xx_hal_rcc_ex.o ABSOLUTE
    ../Drivers/STM32F1xx_HAL_Driver/Src/stm32f1xx_hal_rtc.c 0x00000000   Number         0  stm32f1xx_hal_rtc.o ABSOLUTE
    ../Drivers/STM32F1xx_HAL_Driver/Src/stm32f1xx_hal_rtc_ex.c 0x00000000   Number         0  stm32f1xx_hal_rtc_ex.o ABSOLUTE
    ../Drivers/STM32F1xx_HAL_Driver/Src/stm32f1xx_hal_spi.c 0x00000000   Number         0  stm32f1xx_hal_spi.o ABSOLUTE
    ../Drivers/STM32F1xx_HAL_Driver/Src/stm32f1xx_hal_tim.c 0x00000000   Number         0  stm32f1xx_hal_tim.o ABSOLUTE
    ../Drivers/STM32F1xx_HAL_Driver/Src/stm32f1xx_hal_tim_ex.c 0x00000000   Number         0  stm32f1xx_hal_tim_ex.o ABSOLUTE
    ../clib/microlib/division.c              0x00000000   Number         0  uidiv.o ABSOLUTE
    ../clib/microlib/division.c              0x00000000   Number         0  uldiv.o ABSOLUTE
    ../clib/microlib/init/entry.s            0x00000000   Number         0  entry7b.o ABSOLUTE
    ../clib/microlib/init/entry.s            0x00000000   Number         0  entry8a.o ABSOLUTE
    ../clib/microlib/init/entry.s            0x00000000   Number         0  entry2.o ABSOLUTE
    ../clib/microlib/init/entry.s            0x00000000   Number         0  entry.o ABSOLUTE
    ../clib/microlib/init/entry.s            0x00000000   Number         0  entry11a.o ABSOLUTE
    ../clib/microlib/init/entry.s            0x00000000   Number         0  entry7a.o ABSOLUTE
    ../clib/microlib/init/entry.s            0x00000000   Number         0  entry5.o ABSOLUTE
    ../clib/microlib/init/entry.s            0x00000000   Number         0  entry12b.o ABSOLUTE
    ../clib/microlib/init/entry.s            0x00000000   Number         0  entry12a.o ABSOLUTE
    ../clib/microlib/init/entry.s            0x00000000   Number         0  entry11b.o ABSOLUTE
    ../clib/microlib/init/entry.s            0x00000000   Number         0  entry10b.o ABSOLUTE
    ../clib/microlib/init/entry.s            0x00000000   Number         0  entry10a.o ABSOLUTE
    ../clib/microlib/init/entry.s            0x00000000   Number         0  entry9b.o ABSOLUTE
    ../clib/microlib/init/entry.s            0x00000000   Number         0  entry9a.o ABSOLUTE
    ../clib/microlib/init/entry.s            0x00000000   Number         0  entry8b.o ABSOLUTE
    ../clib/microlib/longlong.c              0x00000000   Number         0  llushr.o ABSOLUTE
    ../clib/microlib/longlong.c              0x00000000   Number         0  llshl.o ABSOLUTE
    ../clib/microlib/longlong.c              0x00000000   Number         0  llsshr.o ABSOLUTE
    ../clib/microlib/malloc/malloc.c         0x00000000   Number         0  mallocra.o ABSOLUTE
    ../clib/microlib/malloc/malloc.c         0x00000000   Number         0  mallocr.o ABSOLUTE
    ../clib/microlib/malloc/malloc.c         0x00000000   Number         0  malloca.o ABSOLUTE
    ../clib/microlib/malloc/malloc.c         0x00000000   Number         0  malloc.o ABSOLUTE
    ../clib/microlib/malloc/mvars.c          0x00000000   Number         0  mvars.o ABSOLUTE
    ../clib/microlib/printf/printf.c         0x00000000   Number         0  printf0.o ABSOLUTE
    ../clib/microlib/printf/printf.c         0x00000000   Number         0  printf1.o ABSOLUTE
    ../clib/microlib/printf/printf.c         0x00000000   Number         0  printf2.o ABSOLUTE
    ../clib/microlib/printf/printf.c         0x00000000   Number         0  printfa.o ABSOLUTE
    ../clib/microlib/printf/printf.c         0x00000000   Number         0  printf4.o ABSOLUTE
    ../clib/microlib/printf/printf.c         0x00000000   Number         0  printf3.o ABSOLUTE
    ../clib/microlib/printf/printf.c         0x00000000   Number         0  printf5.o ABSOLUTE
    ../clib/microlib/printf/printf.c         0x00000000   Number         0  printf8.o ABSOLUTE
    ../clib/microlib/printf/printf.c         0x00000000   Number         0  printf6.o ABSOLUTE
    ../clib/microlib/printf/printf.c         0x00000000   Number         0  printf7.o ABSOLUTE
    ../clib/microlib/printf/printf.c         0x00000000   Number         0  printfb.o ABSOLUTE
    ../clib/microlib/printf/stubs.s          0x00000000   Number         0  stubs.o ABSOLUTE
    ../clib/microlib/stdio/fputs.c           0x00000000   Number         0  fputs_e.o ABSOLUTE
    ../clib/microlib/stdio/fputs.c           0x00000000   Number         0  fputs.o ABSOLUTE
    ../clib/microlib/stdio/streams.c         0x00000000   Number         0  stderr.o ABSOLUTE
    ../clib/microlib/string/memcpy.c         0x00000000   Number         0  memcpyb.o ABSOLUTE
    ../clib/microlib/string/memcpy.c         0x00000000   Number         0  memcpya.o ABSOLUTE
    ../clib/microlib/string/memset.c         0x00000000   Number         0  memseta.o ABSOLUTE
    ../clib/microlib/stubs.s                 0x00000000   Number         0  useno.o ABSOLUTE
    ../clib/microlib/stubs.s                 0x00000000   Number         0  iusefp.o ABSOLUTE
    ../fplib/microlib/fpadd.c                0x00000000   Number         0  dadd.o ABSOLUTE
    ../fplib/microlib/fpdiv.c                0x00000000   Number         0  ddiv.o ABSOLUTE
    ../fplib/microlib/fpdiv.c                0x00000000   Number         0  fdiv.o ABSOLUTE
    ../fplib/microlib/fpepilogue.c           0x00000000   Number         0  depilogue.o ABSOLUTE
    ../fplib/microlib/fpepilogue.c           0x00000000   Number         0  fepilogue.o ABSOLUTE
    ../fplib/microlib/fpfix.c                0x00000000   Number         0  ffixui.o ABSOLUTE
    ../fplib/microlib/fpfix.c                0x00000000   Number         0  dfixul.o ABSOLUTE
    ../fplib/microlib/fpflt.c                0x00000000   Number         0  fflti.o ABSOLUTE
    ../fplib/microlib/fpmul.c                0x00000000   Number         0  dmul.o ABSOLUTE
    ..\Drivers\BSP\Adafruit_Shield\stm32_adafruit_lcd.c 0x00000000   Number         0  stm32_adafruit_lcd.o ABSOLUTE
    ..\Drivers\BSP\Adafruit_Shield\stm32_adafruit_sd.c 0x00000000   Number         0  stm32_adafruit_sd.o ABSOLUTE
    ..\Drivers\BSP\Components\st7735\st7735.c 0x00000000   Number         0  st7735.o ABSOLUTE
    ..\Drivers\BSP\Components\st7789\fonts.c 0x00000000   Number         0  fonts.o ABSOLUTE
    ..\Drivers\BSP\Components\st7789\st7789.c 0x00000000   Number         0  st7789.o ABSOLUTE
    ..\Drivers\BSP\STM32F1xx_Nucleo\stm32f1xx_nucleo.c 0x00000000   Number         0  stm32f1xx_nucleo.o ABSOLUTE
    ..\Drivers\STM32F1xx_HAL_Driver\Src\stm32f1xx_hal.c 0x00000000   Number         0  stm32f1xx_hal.o ABSOLUTE
    ..\Drivers\STM32F1xx_HAL_Driver\Src\stm32f1xx_hal_adc.c 0x00000000   Number         0  stm32f1xx_hal_adc.o ABSOLUTE
    ..\Drivers\STM32F1xx_HAL_Driver\Src\stm32f1xx_hal_adc_ex.c 0x00000000   Number         0  stm32f1xx_hal_adc_ex.o ABSOLUTE
    ..\Drivers\STM32F1xx_HAL_Driver\Src\stm32f1xx_hal_cortex.c 0x00000000   Number         0  stm32f1xx_hal_cortex.o ABSOLUTE
    ..\Drivers\STM32F1xx_HAL_Driver\Src\stm32f1xx_hal_dma.c 0x00000000   Number         0  stm32f1xx_hal_dma.o ABSOLUTE
    ..\Drivers\STM32F1xx_HAL_Driver\Src\stm32f1xx_hal_exti.c 0x00000000   Number         0  stm32f1xx_hal_exti.o ABSOLUTE
    ..\Drivers\STM32F1xx_HAL_Driver\Src\stm32f1xx_hal_flash.c 0x00000000   Number         0  stm32f1xx_hal_flash.o ABSOLUTE
    ..\Drivers\STM32F1xx_HAL_Driver\Src\stm32f1xx_hal_flash_ex.c 0x00000000   Number         0  stm32f1xx_hal_flash_ex.o ABSOLUTE
    ..\Drivers\STM32F1xx_HAL_Driver\Src\stm32f1xx_hal_gpio.c 0x00000000   Number         0  stm32f1xx_hal_gpio.o ABSOLUTE
    ..\Drivers\STM32F1xx_HAL_Driver\Src\stm32f1xx_hal_gpio_ex.c 0x00000000   Number         0  stm32f1xx_hal_gpio_ex.o ABSOLUTE
    ..\Drivers\STM32F1xx_HAL_Driver\Src\stm32f1xx_hal_pwr.c 0x00000000   Number         0  stm32f1xx_hal_pwr.o ABSOLUTE
    ..\Drivers\STM32F1xx_HAL_Driver\Src\stm32f1xx_hal_rcc.c 0x00000000   Number         0  stm32f1xx_hal_rcc.o ABSOLUTE
    ..\Drivers\STM32F1xx_HAL_Driver\Src\stm32f1xx_hal_rcc_ex.c 0x00000000   Number         0  stm32f1xx_hal_rcc_ex.o ABSOLUTE
    ..\Drivers\STM32F1xx_HAL_Driver\Src\stm32f1xx_hal_rtc.c 0x00000000   Number         0  stm32f1xx_hal_rtc.o ABSOLUTE
    ..\Drivers\STM32F1xx_HAL_Driver\Src\stm32f1xx_hal_rtc_ex.c 0x00000000   Number         0  stm32f1xx_hal_rtc_ex.o ABSOLUTE
    ..\Drivers\STM32F1xx_HAL_Driver\Src\stm32f1xx_hal_spi.c 0x00000000   Number         0  stm32f1xx_hal_spi.o ABSOLUTE
    ..\Drivers\STM32F1xx_HAL_Driver\Src\stm32f1xx_hal_tim.c 0x00000000   Number         0  stm32f1xx_hal_tim.o ABSOLUTE
    ..\Drivers\STM32F1xx_HAL_Driver\Src\stm32f1xx_hal_tim_ex.c 0x00000000   Number         0  stm32f1xx_hal_tim_ex.o ABSOLUTE
    ..\Drivers\STM32F1xx_HAL_Driver\Src\stm32f1xx_hal_uart.c 0x00000000   Number         0  stm32f1xx_hal_uart.o ABSOLUTE
    ..\Drivers\STM32F1xx_HAL_Driver\Src\stm32f1xx_ll_rtc.c 0x00000000   Number         0  stm32f1xx_ll_rtc.o ABSOLUTE
    ..\Middlewares\Third_Party\FatFs\src\diskio.c 0x00000000   Number         0  diskio.o ABSOLUTE
    ..\Middlewares\Third_Party\FatFs\src\drivers\sd_diskio.c 0x00000000   Number         0  sd_diskio.o ABSOLUTE
    ..\Middlewares\Third_Party\FatFs\src\ff.c 0x00000000   Number         0  ff.o ABSOLUTE
    ..\Middlewares\Third_Party\FatFs\src\ff_gen_drv.c 0x00000000   Number         0  ff_gen_drv.o ABSOLUTE
    ..\Src\Retarget.c                        0x00000000   Number         0  retarget.o ABSOLUTE
    ..\Src\Serial.c                          0x00000000   Number         0  serial.o ABSOLUTE
    ..\Src\fatfs_storage.c                   0x00000000   Number         0  fatfs_storage.o ABSOLUTE
    ..\Src\main.c                            0x00000000   Number         0  main.o ABSOLUTE
    ..\Src\stm32f1xx_hal_msp.c               0x00000000   Number         0  stm32f1xx_hal_msp.o ABSOLUTE
    ..\Src\stm32f1xx_it.c                    0x00000000   Number         0  stm32f1xx_it.o ABSOLUTE
    ..\Src\system_stm32f1xx.c                0x00000000   Number         0  system_stm32f1xx.o ABSOLUTE
    ..\\Drivers\\BSP\\Adafruit_Shield\\stm32_adafruit_lcd.c 0x00000000   Number         0  stm32_adafruit_lcd.o ABSOLUTE
    ..\\Drivers\\BSP\\Components\\st7735\\st7735.c 0x00000000   Number         0  st7735.o ABSOLUTE
    ..\\Drivers\\BSP\\Components\\st7789\\st7789.c 0x00000000   Number         0  st7789.o ABSOLUTE
    ..\\Drivers\\BSP\\STM32F1xx_Nucleo\\stm32f1xx_nucleo.c 0x00000000   Number         0  stm32f1xx_nucleo.o ABSOLUTE
    ..\\Drivers\\STM32F1xx_HAL_Driver\\Src\\stm32f1xx_hal_adc.c 0x00000000   Number         0  stm32f1xx_hal_adc.o ABSOLUTE
    ..\\Drivers\\STM32F1xx_HAL_Driver\\Src\\stm32f1xx_hal_adc_ex.c 0x00000000   Number         0  stm32f1xx_hal_adc_ex.o ABSOLUTE
    ..\\Drivers\\STM32F1xx_HAL_Driver\\Src\\stm32f1xx_hal_uart.c 0x00000000   Number         0  stm32f1xx_hal_uart.o ABSOLUTE
    ..\\Middlewares\\Third_Party\\FatFs\\src\\diskio.c 0x00000000   Number         0  diskio.o ABSOLUTE
    ..\\Middlewares\\Third_Party\\FatFs\\src\\drivers\\sd_diskio.c 0x00000000   Number         0  sd_diskio.o ABSOLUTE
    ..\\Middlewares\\Third_Party\\FatFs\\src\\ff.c 0x00000000   Number         0  ff.o ABSOLUTE
    ..\\Middlewares\\Third_Party\\FatFs\\src\\ff_gen_drv.c 0x00000000   Number         0  ff_gen_drv.o ABSOLUTE
    ..\\Src\\Serial.c                        0x00000000   Number         0  serial.o ABSOLUTE
    ..\\Src\\fatfs_storage.c                 0x00000000   Number         0  fatfs_storage.o ABSOLUTE
    ..\\Src\\main.c                          0x00000000   Number         0  main.o ABSOLUTE
    ..\\Src\\stm32f1xx_hal_msp.c             0x00000000   Number         0  stm32f1xx_hal_msp.o ABSOLUTE
    ..\\Src\\stm32f1xx_it.c                  0x00000000   Number         0  stm32f1xx_it.o ABSOLUTE
    ..\\Src\\system_stm32f1xx.c              0x00000000   Number         0  system_stm32f1xx.o ABSOLUTE
    C:\Keil_v5\ARM\PACK\Keil\ARM_Compiler\1.6.3\Source\retarget_io.c 0x00000000   Number         0  retarget_io.o ABSOLUTE
    cdrcmple.s                               0x00000000   Number         0  cdrcmple.o ABSOLUTE
    dc.s                                     0x00000000   Number         0  dc.o ABSOLUTE
    handlers.s                               0x00000000   Number         0  handlers.o ABSOLUTE
    init.s                                   0x00000000   Number         0  init.o ABSOLUTE
    startup_stm32f103xb.s                    0x00000000   Number         0  startup_stm32f103xb.o ABSOLUTE
    RESET                                    0x08000000   Section      236  startup_stm32f103xb.o(RESET)
    .ARM.Collect$$$$00000000                 0x080000ec   Section        0  entry.o(.ARM.Collect$$$$00000000)
    .ARM.Collect$$$$00000001                 0x080000ec   Section        4  entry2.o(.ARM.Collect$$$$00000001)
    .ARM.Collect$$$$00000004                 0x080000f0   Section        4  entry5.o(.ARM.Collect$$$$00000004)
    .ARM.Collect$$$$00000008                 0x080000f4   Section        0  entry7b.o(.ARM.Collect$$$$00000008)
    .ARM.Collect$$$$0000000A                 0x080000f4   Section        0  entry8b.o(.ARM.Collect$$$$0000000A)
    .ARM.Collect$$$$0000000B                 0x080000f4   Section        8  entry9a.o(.ARM.Collect$$$$0000000B)
    .ARM.Collect$$$$0000000E                 0x080000fc   Section        4  entry12b.o(.ARM.Collect$$$$0000000E)
    .ARM.Collect$$$$0000000F                 0x08000100   Section        0  entry10a.o(.ARM.Collect$$$$0000000F)
    .ARM.Collect$$$$00000011                 0x08000100   Section        0  entry11a.o(.ARM.Collect$$$$00000011)
    .ARM.Collect$$$$00002712                 0x08000100   Section        4  entry2.o(.ARM.Collect$$$$00002712)
    __lit__00000000                          0x08000100   Data           4  entry2.o(.ARM.Collect$$$$00002712)
    .text                                    0x08000104   Section       36  startup_stm32f103xb.o(.text)
    .text                                    0x08000128   Section        0  memseta.o(.text)
    .text                                    0x0800014c   Section        0  uidiv.o(.text)
    .text                                    0x08000178   Section       36  init.o(.text)
    i.BSP_LCD_Clear                          0x0800019c   Section        0  stm32_adafruit_lcd.o(i.BSP_LCD_Clear)
    i.BSP_LCD_DrawHLine                      0x080001d0   Section        0  stm32_adafruit_lcd.o(i.BSP_LCD_DrawHLine)
    i.BSP_LCD_DrawPixel                      0x08000224   Section        0  stm32_adafruit_lcd.o(i.BSP_LCD_DrawPixel)
    i.BSP_LCD_Init                           0x08000248   Section        0  stm32_adafruit_lcd.o(i.BSP_LCD_Init)
    i.BSP_LCD_SetFont                        0x08000280   Section        0  stm32_adafruit_lcd.o(i.BSP_LCD_SetFont)
    i.BSP_LCD_SetTextColor                   0x0800028c   Section        0  stm32_adafruit_lcd.o(i.BSP_LCD_SetTextColor)
    i.BSP_LED_Init                           0x08000298   Section        0  stm32f1xx_nucleo.o(i.BSP_LED_Init)
    i.BSP_LED_Off                            0x08000304   Section        0  stm32f1xx_nucleo.o(i.BSP_LED_Off)
    i.BSP_LED_On                             0x08000324   Section        0  stm32f1xx_nucleo.o(i.BSP_LED_On)
    i.BSP_LED_Toggle                         0x08000344   Section        0  stm32f1xx_nucleo.o(i.BSP_LED_Toggle)
    i.BSP_PB_Init                            0x08000364   Section        0  stm32f1xx_nucleo.o(i.BSP_PB_Init)
    i.BusFault_Handler                       0x080003f4   Section        0  stm32f1xx_it.o(i.BusFault_Handler)
    i.DebugMon_Handler                       0x080003f8   Section        0  stm32f1xx_it.o(i.DebugMon_Handler)
    i.EXTI0_IRQHandler                       0x080003fa   Section        0  stm32f1xx_it.o(i.EXTI0_IRQHandler)
    i.Error_Handler                          0x08000404   Section        0  main.o(i.Error_Handler)
    i.HAL_Delay                              0x08000418   Section        0  stm32f1xx_hal.o(i.HAL_Delay)
    i.HAL_GPIO_EXTI_Callback                 0x08000440   Section        0  main.o(i.HAL_GPIO_EXTI_Callback)
    i.HAL_GPIO_EXTI_IRQHandler               0x08000460   Section        0  stm32f1xx_hal_gpio.o(i.HAL_GPIO_EXTI_IRQHandler)
    i.HAL_GPIO_Init                          0x0800047c   Section        0  stm32f1xx_hal_gpio.o(i.HAL_GPIO_Init)
    i.HAL_GPIO_TogglePin                     0x0800079c   Section        0  stm32f1xx_hal_gpio.o(i.HAL_GPIO_TogglePin)
    i.HAL_GPIO_WritePin                      0x080007b0   Section        0  stm32f1xx_hal_gpio.o(i.HAL_GPIO_WritePin)
    i.HAL_GetTick                            0x080007bc   Section        0  stm32f1xx_hal.o(i.HAL_GetTick)
    i.HAL_IncTick                            0x080007c8   Section        0  stm32f1xx_hal.o(i.HAL_IncTick)
    i.HAL_Init                               0x080007e0   Section        0  stm32f1xx_hal.o(i.HAL_Init)
    i.HAL_InitTick                           0x08000808   Section        0  stm32f1xx_hal.o(i.HAL_InitTick)
    i.HAL_MspInit                            0x08000854   Section        0  stm32f1xx_hal_msp.o(i.HAL_MspInit)
    i.HAL_NVIC_EnableIRQ                     0x080008a8   Section        0  stm32f1xx_hal_cortex.o(i.HAL_NVIC_EnableIRQ)
    i.HAL_NVIC_SetPriority                   0x080008c8   Section        0  stm32f1xx_hal_cortex.o(i.HAL_NVIC_SetPriority)
    i.HAL_NVIC_SetPriorityGrouping           0x08000944   Section        0  stm32f1xx_hal_cortex.o(i.HAL_NVIC_SetPriorityGrouping)
    i.HAL_PWR_EnableBkUpAccess               0x0800096c   Section        0  stm32f1xx_hal_pwr.o(i.HAL_PWR_EnableBkUpAccess)
    i.HAL_RCCEx_GetPeriphCLKFreq             0x08000978   Section        0  stm32f1xx_hal_rcc_ex.o(i.HAL_RCCEx_GetPeriphCLKFreq)
    i.HAL_RCCEx_PeriphCLKConfig              0x08000a74   Section        0  stm32f1xx_hal_rcc_ex.o(i.HAL_RCCEx_PeriphCLKConfig)
    i.HAL_RCC_ClockConfig                    0x08000ba4   Section        0  stm32f1xx_hal_rcc.o(i.HAL_RCC_ClockConfig)
    i.HAL_RCC_GetHCLKFreq                    0x08000d30   Section        0  stm32f1xx_hal_rcc.o(i.HAL_RCC_GetHCLKFreq)
    i.HAL_RCC_GetPCLK2Freq                   0x08000d3c   Section        0  stm32f1xx_hal_rcc.o(i.HAL_RCC_GetPCLK2Freq)
    i.HAL_RCC_GetSysClockFreq                0x08000d5c   Section        0  stm32f1xx_hal_rcc.o(i.HAL_RCC_GetSysClockFreq)
    i.HAL_RCC_OscConfig                      0x08000dcc   Section        0  stm32f1xx_hal_rcc.o(i.HAL_RCC_OscConfig)
    i.HAL_RTCEx_RTCEventCallback             0x08001230   Section        0  main.o(i.HAL_RTCEx_RTCEventCallback)
    i.HAL_RTCEx_RTCEventErrorCallback        0x08001244   Section        0  stm32f1xx_hal_rtc_ex.o(i.HAL_RTCEx_RTCEventErrorCallback)
    i.HAL_RTCEx_RTCIRQHandler                0x08001246   Section        0  stm32f1xx_hal_rtc_ex.o(i.HAL_RTCEx_RTCIRQHandler)
    i.HAL_RTCEx_SetSecond_IT                 0x08001294   Section        0  stm32f1xx_hal_rtc_ex.o(i.HAL_RTCEx_SetSecond_IT)
    i.HAL_RTC_AlarmAEventCallback            0x080012ce   Section        0  main.o(i.HAL_RTC_AlarmAEventCallback)
    i.HAL_RTC_AlarmIRQHandler                0x080012dc   Section        0  stm32f1xx_hal_rtc.o(i.HAL_RTC_AlarmIRQHandler)
    i.HAL_RTC_GetDate                        0x08001318   Section        0  stm32f1xx_hal_rtc.o(i.HAL_RTC_GetDate)
    i.HAL_RTC_GetTime                        0x0800136a   Section        0  stm32f1xx_hal_rtc.o(i.HAL_RTC_GetTime)
    i.HAL_RTC_Init                           0x08001470   Section        0  stm32f1xx_hal_rtc.o(i.HAL_RTC_Init)
    i.HAL_RTC_MspInit                        0x08001530   Section        0  stm32f1xx_hal_msp.o(i.HAL_RTC_MspInit)
    i.HAL_RTC_SetDate                        0x080015a8   Section        0  stm32f1xx_hal_rtc.o(i.HAL_RTC_SetDate)
    i.HAL_RTC_SetTime                        0x080016a0   Section        0  stm32f1xx_hal_rtc.o(i.HAL_RTC_SetTime)
    i.HAL_RTC_WaitForSynchro                 0x0800177c   Section        0  stm32f1xx_hal_rtc.o(i.HAL_RTC_WaitForSynchro)
    i.HAL_SPI_GetState                       0x080017bc   Section        0  stm32f1xx_hal_spi.o(i.HAL_SPI_GetState)
    i.HAL_SPI_Init                           0x080017c4   Section        0  stm32f1xx_hal_spi.o(i.HAL_SPI_Init)
    i.HAL_SPI_MspInit                        0x08001898   Section        0  stm32f1xx_hal_msp.o(i.HAL_SPI_MspInit)
    i.HAL_SPI_Transmit                       0x08001920   Section        0  stm32f1xx_hal_spi.o(i.HAL_SPI_Transmit)
    i.HAL_SYSTICK_Config                     0x08001b16   Section        0  stm32f1xx_hal_cortex.o(i.HAL_SYSTICK_Config)
    i.HardFault_Handler                      0x08001b4a   Section        0  stm32f1xx_it.o(i.HardFault_Handler)
    i.ITM_SendChar                           0x08001b50   Section        0  main.o(i.ITM_SendChar)
    ITM_SendChar                             0x08001b51   Thumb Code    44  main.o(i.ITM_SendChar)
    i.LCD_IO_Init                            0x08001b80   Section        0  stm32f1xx_nucleo.o(i.LCD_IO_Init)
    i.LCD_RESET_SET                          0x08001c2c   Section        0  main.o(i.LCD_RESET_SET)
    i.MemManage_Handler                      0x08001c58   Section        0  stm32f1xx_it.o(i.MemManage_Handler)
    i.NMI_Handler                            0x08001c5c   Section        0  stm32f1xx_it.o(i.NMI_Handler)
    i.PendSV_Handler                         0x08001c5e   Section        0  stm32f1xx_it.o(i.PendSV_Handler)
    i.RCC_Delay                              0x08001c60   Section        0  stm32f1xx_hal_rcc.o(i.RCC_Delay)
    RCC_Delay                                0x08001c61   Thumb Code    36  stm32f1xx_hal_rcc.o(i.RCC_Delay)
    i.RTC_Alarm_IRQHandler                   0x08001c88   Section        0  stm32f1xx_it.o(i.RTC_Alarm_IRQHandler)
    i.RTC_Bcd2ToByte                         0x08001c98   Section        0  stm32f1xx_hal_rtc.o(i.RTC_Bcd2ToByte)
    RTC_Bcd2ToByte                           0x08001c99   Thumb Code    22  stm32f1xx_hal_rtc.o(i.RTC_Bcd2ToByte)
    i.RTC_ByteToBcd2                         0x08001cae   Section        0  stm32f1xx_hal_rtc.o(i.RTC_ByteToBcd2)
    RTC_ByteToBcd2                           0x08001caf   Thumb Code    26  stm32f1xx_hal_rtc.o(i.RTC_ByteToBcd2)
    i.RTC_DateUpdate                         0x08001cc8   Section        0  stm32f1xx_hal_rtc.o(i.RTC_DateUpdate)
    RTC_DateUpdate                           0x08001cc9   Thumb Code   182  stm32f1xx_hal_rtc.o(i.RTC_DateUpdate)
    i.RTC_EnterInitMode                      0x08001d7e   Section        0  stm32f1xx_hal_rtc.o(i.RTC_EnterInitMode)
    RTC_EnterInitMode                        0x08001d7f   Thumb Code    58  stm32f1xx_hal_rtc.o(i.RTC_EnterInitMode)
    i.RTC_ExitInitMode                       0x08001db8   Section        0  stm32f1xx_hal_rtc.o(i.RTC_ExitInitMode)
    RTC_ExitInitMode                         0x08001db9   Thumb Code    58  stm32f1xx_hal_rtc.o(i.RTC_ExitInitMode)
    i.RTC_IRQHandler                         0x08001df4   Section        0  stm32f1xx_it.o(i.RTC_IRQHandler)
    i.RTC_IsLeapYear                         0x08001e04   Section        0  stm32f1xx_hal_rtc.o(i.RTC_IsLeapYear)
    RTC_IsLeapYear                           0x08001e05   Thumb Code    50  stm32f1xx_hal_rtc.o(i.RTC_IsLeapYear)
    i.RTC_ReadAlarmCounter                   0x08001e36   Section        0  stm32f1xx_hal_rtc.o(i.RTC_ReadAlarmCounter)
    RTC_ReadAlarmCounter                     0x08001e37   Thumb Code    24  stm32f1xx_hal_rtc.o(i.RTC_ReadAlarmCounter)
    i.RTC_ReadTimeCounter                    0x08001e4e   Section        0  stm32f1xx_hal_rtc.o(i.RTC_ReadTimeCounter)
    RTC_ReadTimeCounter                      0x08001e4f   Thumb Code    52  stm32f1xx_hal_rtc.o(i.RTC_ReadTimeCounter)
    i.RTC_SECConfig                          0x08001e84   Section        0  main.o(i.RTC_SECConfig)
    RTC_SECConfig                            0x08001e85   Thumb Code   112  main.o(i.RTC_SECConfig)
    i.RTC_TimeShow                           0x08001ef8   Section        0  main.o(i.RTC_TimeShow)
    RTC_TimeShow                             0x08001ef9   Thumb Code   260  main.o(i.RTC_TimeShow)
    i.RTC_WeekDayNum                         0x08002054   Section        0  stm32f1xx_hal_rtc.o(i.RTC_WeekDayNum)
    RTC_WeekDayNum                           0x08002055   Thumb Code   132  stm32f1xx_hal_rtc.o(i.RTC_WeekDayNum)
    i.RTC_WriteAlarmCounter                  0x080020d8   Section        0  stm32f1xx_hal_rtc.o(i.RTC_WriteAlarmCounter)
    RTC_WriteAlarmCounter                    0x080020d9   Thumb Code    46  stm32f1xx_hal_rtc.o(i.RTC_WriteAlarmCounter)
    i.RTC_WriteTimeCounter                   0x08002106   Section        0  stm32f1xx_hal_rtc.o(i.RTC_WriteTimeCounter)
    RTC_WriteTimeCounter                     0x08002107   Thumb Code    46  stm32f1xx_hal_rtc.o(i.RTC_WriteTimeCounter)
    i.SPI_EndRxTxTransaction                 0x08002134   Section        0  stm32f1xx_hal_spi.o(i.SPI_EndRxTxTransaction)
    SPI_EndRxTxTransaction                   0x08002135   Thumb Code    68  stm32f1xx_hal_spi.o(i.SPI_EndRxTxTransaction)
    i.SPI_WaitFlagStateUntilTimeout          0x08002178   Section        0  stm32f1xx_hal_spi.o(i.SPI_WaitFlagStateUntilTimeout)
    SPI_WaitFlagStateUntilTimeout            0x08002179   Thumb Code   210  stm32f1xx_hal_spi.o(i.SPI_WaitFlagStateUntilTimeout)
    i.SPIx_Init                              0x08002250   Section        0  stm32f1xx_nucleo.o(i.SPIx_Init)
    SPIx_Init                                0x08002251   Thumb Code    66  stm32f1xx_nucleo.o(i.SPIx_Init)
    i.ST7789_Fill_Color                      0x0800229c   Section        0  st7789.o(i.ST7789_Fill_Color)
    i.ST7789_Init                            0x080022f4   Section        0  st7789.o(i.ST7789_Init)
    i.ST7789_SetAddressWindow                0x08002430   Section        0  st7789.o(i.ST7789_SetAddressWindow)
    ST7789_SetAddressWindow                  0x08002431   Thumb Code   152  st7789.o(i.ST7789_SetAddressWindow)
    i.ST7789_SetRotation                     0x080024cc   Section        0  st7789.o(i.ST7789_SetRotation)
    i.ST7789_WriteChar                       0x0800250c   Section        0  st7789.o(i.ST7789_WriteChar)
    i.ST7789_WriteCommand                    0x080025c8   Section        0  st7789.o(i.ST7789_WriteCommand)
    ST7789_WriteCommand                      0x080025c9   Thumb Code    50  st7789.o(i.ST7789_WriteCommand)
    i.ST7789_WriteData                       0x08002604   Section        0  st7789.o(i.ST7789_WriteData)
    ST7789_WriteData                         0x08002605   Thumb Code    82  st7789.o(i.ST7789_WriteData)
    i.ST7789_WriteSmallData                  0x08002660   Section        0  st7789.o(i.ST7789_WriteSmallData)
    ST7789_WriteSmallData                    0x08002661   Thumb Code    50  st7789.o(i.ST7789_WriteSmallData)
    i.ST7789_WriteString                     0x0800269c   Section        0  st7789.o(i.ST7789_WriteString)
    i.SVC_Handler                            0x08002724   Section        0  stm32f1xx_it.o(i.SVC_Handler)
    i.SysTick_Handler                        0x08002726   Section        0  stm32f1xx_it.o(i.SysTick_Handler)
    i.SystemClock_Config                     0x0800272e   Section        0  main.o(i.SystemClock_Config)
    i.SystemInit                             0x080027b6   Section        0  system_stm32f1xx.o(i.SystemInit)
    i.UsageFault_Handler                     0x080027b8   Section        0  stm32f1xx_it.o(i.UsageFault_Handler)
    i.__0printf$6                            0x080027bc   Section        0  printf6.o(i.__0printf$6)
    i.__0sprintf$6                           0x080027dc   Section        0  printf6.o(i.__0sprintf$6)
    i.__NVIC_GetPriorityGrouping             0x08002804   Section        0  stm32f1xx_hal_cortex.o(i.__NVIC_GetPriorityGrouping)
    __NVIC_GetPriorityGrouping               0x08002805   Thumb Code    10  stm32f1xx_hal_cortex.o(i.__NVIC_GetPriorityGrouping)
    i.__NVIC_SetPriority                     0x08002814   Section        0  stm32f1xx_hal_cortex.o(i.__NVIC_SetPriority)
    __NVIC_SetPriority                       0x08002815   Thumb Code    32  stm32f1xx_hal_cortex.o(i.__NVIC_SetPriority)
    i.__scatterload_copy                     0x0800283c   Section       14  handlers.o(i.__scatterload_copy)
    i.__scatterload_null                     0x0800284a   Section        2  handlers.o(i.__scatterload_null)
    i.__scatterload_zeroinit                 0x0800284c   Section       14  handlers.o(i.__scatterload_zeroinit)
    i._printf_core                           0x0800285c   Section        0  printf6.o(i._printf_core)
    _printf_core                             0x0800285d   Thumb Code   748  printf6.o(i._printf_core)
    i._printf_post_padding                   0x08002b4c   Section        0  printf6.o(i._printf_post_padding)
    _printf_post_padding                     0x08002b4d   Thumb Code    36  printf6.o(i._printf_post_padding)
    i._printf_pre_padding                    0x08002b70   Section        0  printf6.o(i._printf_pre_padding)
    _printf_pre_padding                      0x08002b71   Thumb Code    46  printf6.o(i._printf_pre_padding)
    i._sputc                                 0x08002b9e   Section        0  printf6.o(i._sputc)
    _sputc                                   0x08002b9f   Thumb Code    10  printf6.o(i._sputc)
    i.concat_data                            0x08002ba8   Section        0  main.o(i.concat_data)
    i.concat_time                            0x08002c30   Section        0  main.o(i.concat_time)
    i.fputc                                  0x08002ca8   Section        0  main.o(i.fputc)
    i.free                                   0x08002cb8   Section        0  malloc.o(i.free)
    i.main                                   0x08002d08   Section        0  main.o(i.main)
    i.malloc                                 0x08002dc4   Section        0  malloc.o(i.malloc)
    .constdata                               0x08002e30   Section       18  stm32f1xx_hal_rcc.o(.constdata)
    aPLLMULFactorTable                       0x08002e30   Data          16  stm32f1xx_hal_rcc.o(.constdata)
    aPredivFactorTable                       0x08002e40   Data           2  stm32f1xx_hal_rcc.o(.constdata)
    .constdata                               0x08002e42   Section       18  stm32f1xx_hal_rcc_ex.o(.constdata)
    aPLLMULFactorTable                       0x08002e42   Data          16  stm32f1xx_hal_rcc_ex.o(.constdata)
    aPredivFactorTable                       0x08002e52   Data           2  stm32f1xx_hal_rcc_ex.o(.constdata)
    .constdata                               0x08002e54   Section       24  system_stm32f1xx.o(.constdata)
    .constdata                               0x08002e6c   Section    43028  fonts.o(.constdata)
    Font7x10                                 0x08002e6c   Data        1900  fonts.o(.constdata)
    Font11x18                                0x080035d8   Data        3420  fonts.o(.constdata)
    Font16x26                                0x08004334   Data        4940  fonts.o(.constdata)
    .constdata                               0x0800d680   Section        5  stm32f1xx_nucleo.o(.constdata)
    .constdata                               0x0800d685   Section    15580  stm32_adafruit_lcd.o(.constdata)
    .conststring                             0x08011364   Section       80  main.o(.conststring)
    .data                                    0x20000000   Section       32  main.o(.data)
    .data                                    0x20000020   Section        9  stm32f1xx_hal.o(.data)
    .data                                    0x2000002c   Section        4  system_stm32f1xx.o(.data)
    .data                                    0x20000030   Section       24  fonts.o(.data)
    .data                                    0x20000048   Section       12  stm32f1xx_nucleo.o(.data)
    .data                                    0x20000054   Section       44  stm32_adafruit_lcd.o(.data)
    .data                                    0x20000080   Section        4  mvars.o(.data)
    .data                                    0x20000084   Section        4  mvars.o(.data)
    .bss                                     0x20000088   Section      932  main.o(.bss)
    .bss                                     0x2000042c   Section     1058  stm32_adafruit_lcd.o(.bss)
    bitmap                                   0x200004e8   Data         870  stm32_adafruit_lcd.o(.bss)
    HEAP                                     0x20000850   Section      512  startup_stm32f103xb.o(HEAP)
    STACK                                    0x20000a50   Section     1024  startup_stm32f103xb.o(STACK)

    Global Symbols

    Symbol Name                              Value     Ov Type        Size  Object(Section)

    BuildAttributes$$THM_ISAv4$P$D$K$B$S$PE$A:L22UL41UL21$X:L11$S22US41US21$IEEE1$IW$USESV6$~STKCKD$USESV7$~SHL$OTIME$ROPI$EBA8$MICROLIB$REQ8$PRES8$EABIv2 0x00000000   Number         0  anon$$obj.o ABSOLUTE
    __ARM_use_no_argv                        0x00000000   Number         0  main.o ABSOLUTE
    __use_no_errno                           0x00000000   Number         0  useno.o ABSOLUTE
    __use_no_exception_handling              0x00000000   Number         0  useno.o ABSOLUTE
    __use_no_fp                              0x00000000   Number         0  useno.o ABSOLUTE
    __use_no_heap                            0x00000000   Number         0  useno.o ABSOLUTE
    __use_no_heap_region                     0x00000000   Number         0  useno.o ABSOLUTE
    __use_no_semihosting                     0x00000000   Number         0  useno.o ABSOLUTE
    __use_no_semihosting_swi                 0x00000000   Number         0  useno.o ABSOLUTE
    __use_no_signal_handling                 0x00000000   Number         0  useno.o ABSOLUTE
    _printf_a                                0x00000000   Number         0  stubs.o ABSOLUTE
    _printf_c                                0x00000000   Number         0  stubs.o ABSOLUTE
    _printf_charcount                        0x00000000   Number         0  stubs.o ABSOLUTE
    _printf_d                                0x00000000   Number         0  stubs.o ABSOLUTE
    _printf_e                                0x00000000   Number         0  stubs.o ABSOLUTE
    _printf_f                                0x00000000   Number         0  stubs.o ABSOLUTE
    _printf_flags                            0x00000000   Number         0  stubs.o ABSOLUTE
    _printf_fp_dec                           0x00000000   Number         0  stubs.o ABSOLUTE
    _printf_fp_hex                           0x00000000   Number         0  stubs.o ABSOLUTE
    _printf_g                                0x00000000   Number         0  stubs.o ABSOLUTE
    _printf_i                                0x00000000   Number         0  stubs.o ABSOLUTE
    _printf_int_dec                          0x00000000   Number         0  stubs.o ABSOLUTE
    _printf_l                                0x00000000   Number         0  stubs.o ABSOLUTE
    _printf_lc                               0x00000000   Number         0  stubs.o ABSOLUTE
    _printf_ll                               0x00000000   Number         0  stubs.o ABSOLUTE
    _printf_lld                              0x00000000   Number         0  stubs.o ABSOLUTE
    _printf_lli                              0x00000000   Number         0  stubs.o ABSOLUTE
    _printf_llo                              0x00000000   Number         0  stubs.o ABSOLUTE
    _printf_llu                              0x00000000   Number         0  stubs.o ABSOLUTE
    _printf_llx                              0x00000000   Number         0  stubs.o ABSOLUTE
    _printf_longlong_dec                     0x00000000   Number         0  stubs.o ABSOLUTE
    _printf_longlong_hex                     0x00000000   Number         0  stubs.o ABSOLUTE
    _printf_longlong_oct                     0x00000000   Number         0  stubs.o ABSOLUTE
    _printf_ls                               0x00000000   Number         0  stubs.o ABSOLUTE
    _printf_mbtowc                           0x00000000   Number         0  stubs.o ABSOLUTE
    _printf_n                                0x00000000   Number         0  stubs.o ABSOLUTE
    _printf_o                                0x00000000   Number         0  stubs.o ABSOLUTE
    _printf_p                                0x00000000   Number         0  stubs.o ABSOLUTE
    _printf_percent                          0x00000000   Number         0  stubs.o ABSOLUTE
    _printf_pre_padding                      0x00000000   Number         0  stubs.o ABSOLUTE
    _printf_return_value                     0x00000000   Number         0  stubs.o ABSOLUTE
    _printf_s                                0x00000000   Number         0  stubs.o ABSOLUTE
    _printf_sizespec                         0x00000000   Number         0  stubs.o ABSOLUTE
    _printf_str                              0x00000000   Number         0  stubs.o ABSOLUTE
    _printf_truncate_signed                  0x00000000   Number         0  stubs.o ABSOLUTE
    _printf_truncate_unsigned                0x00000000   Number         0  stubs.o ABSOLUTE
    _printf_u                                0x00000000   Number         0  stubs.o ABSOLUTE
    _printf_wc                               0x00000000   Number         0  stubs.o ABSOLUTE
    _printf_wctomb                           0x00000000   Number         0  stubs.o ABSOLUTE
    _printf_widthprec                        0x00000000   Number         0  stubs.o ABSOLUTE
    _printf_x                                0x00000000   Number         0  stubs.o ABSOLUTE
    __arm_fini_                               - Undefined Weak Reference
    __cpp_initialize__aeabi_                  - Undefined Weak Reference
    __cxa_finalize                            - Undefined Weak Reference
    __decompress                              - Undefined Weak Reference
    _clock_init                               - Undefined Weak Reference
    _microlib_exit                            - Undefined Weak Reference
    __Vectors_Size                           0x000000ec   Number         0  startup_stm32f103xb.o ABSOLUTE
    __Vectors                                0x08000000   Data           4  startup_stm32f103xb.o(RESET)
    __Vectors_End                            0x080000ec   Data           0  startup_stm32f103xb.o(RESET)
    __main                                   0x080000ed   Thumb Code     0  entry.o(.ARM.Collect$$$$00000000)
    _main_stk                                0x080000ed   Thumb Code     0  entry2.o(.ARM.Collect$$$$00000001)
    _main_scatterload                        0x080000f1   Thumb Code     0  entry5.o(.ARM.Collect$$$$00000004)
    __main_after_scatterload                 0x080000f5   Thumb Code     0  entry5.o(.ARM.Collect$$$$00000004)
    _main_clock                              0x080000f5   Thumb Code     0  entry7b.o(.ARM.Collect$$$$00000008)
    _main_cpp_init                           0x080000f5   Thumb Code     0  entry8b.o(.ARM.Collect$$$$0000000A)
    _main_init                               0x080000f5   Thumb Code     0  entry9a.o(.ARM.Collect$$$$0000000B)
    __rt_lib_shutdown_fini                   0x080000fd   Thumb Code     0  entry12b.o(.ARM.Collect$$$$0000000E)
    __rt_final_cpp                           0x08000101   Thumb Code     0  entry10a.o(.ARM.Collect$$$$0000000F)
    __rt_final_exit                          0x08000101   Thumb Code     0  entry11a.o(.ARM.Collect$$$$00000011)
    Reset_Handler                            0x08000105   Thumb Code     8  startup_stm32f103xb.o(.text)
    ADC1_2_IRQHandler                        0x0800011f   Thumb Code     0  startup_stm32f103xb.o(.text)
    CAN1_RX1_IRQHandler                      0x0800011f   Thumb Code     0  startup_stm32f103xb.o(.text)
    CAN1_SCE_IRQHandler                      0x0800011f   Thumb Code     0  startup_stm32f103xb.o(.text)
    DMA1_Channel1_IRQHandler                 0x0800011f   Thumb Code     0  startup_stm32f103xb.o(.text)
    DMA1_Channel2_IRQHandler                 0x0800011f   Thumb Code     0  startup_stm32f103xb.o(.text)
    DMA1_Channel3_IRQHandler                 0x0800011f   Thumb Code     0  startup_stm32f103xb.o(.text)
    DMA1_Channel4_IRQHandler                 0x0800011f   Thumb Code     0  startup_stm32f103xb.o(.text)
    DMA1_Channel5_IRQHandler                 0x0800011f   Thumb Code     0  startup_stm32f103xb.o(.text)
    DMA1_Channel6_IRQHandler                 0x0800011f   Thumb Code     0  startup_stm32f103xb.o(.text)
    DMA1_Channel7_IRQHandler                 0x0800011f   Thumb Code     0  startup_stm32f103xb.o(.text)
    EXTI15_10_IRQHandler                     0x0800011f   Thumb Code     0  startup_stm32f103xb.o(.text)
    EXTI1_IRQHandler                         0x0800011f   Thumb Code     0  startup_stm32f103xb.o(.text)
    EXTI2_IRQHandler                         0x0800011f   Thumb Code     0  startup_stm32f103xb.o(.text)
    EXTI3_IRQHandler                         0x0800011f   Thumb Code     0  startup_stm32f103xb.o(.text)
    EXTI4_IRQHandler                         0x0800011f   Thumb Code     0  startup_stm32f103xb.o(.text)
    EXTI9_5_IRQHandler                       0x0800011f   Thumb Code     0  startup_stm32f103xb.o(.text)
    FLASH_IRQHandler                         0x0800011f   Thumb Code     0  startup_stm32f103xb.o(.text)
    I2C1_ER_IRQHandler                       0x0800011f   Thumb Code     0  startup_stm32f103xb.o(.text)
    I2C1_EV_IRQHandler                       0x0800011f   Thumb Code     0  startup_stm32f103xb.o(.text)
    I2C2_ER_IRQHandler                       0x0800011f   Thumb Code     0  startup_stm32f103xb.o(.text)
    I2C2_EV_IRQHandler                       0x0800011f   Thumb Code     0  startup_stm32f103xb.o(.text)
    PVD_IRQHandler                           0x0800011f   Thumb Code     0  startup_stm32f103xb.o(.text)
    RCC_IRQHandler                           0x0800011f   Thumb Code     0  startup_stm32f103xb.o(.text)
    SPI1_IRQHandler                          0x0800011f   Thumb Code     0  startup_stm32f103xb.o(.text)
    SPI2_IRQHandler                          0x0800011f   Thumb Code     0  startup_stm32f103xb.o(.text)
    TAMPER_IRQHandler                        0x0800011f   Thumb Code     0  startup_stm32f103xb.o(.text)
    TIM1_BRK_IRQHandler                      0x0800011f   Thumb Code     0  startup_stm32f103xb.o(.text)
    TIM1_CC_IRQHandler                       0x0800011f   Thumb Code     0  startup_stm32f103xb.o(.text)
    TIM1_TRG_COM_IRQHandler                  0x0800011f   Thumb Code     0  startup_stm32f103xb.o(.text)
    TIM1_UP_IRQHandler                       0x0800011f   Thumb Code     0  startup_stm32f103xb.o(.text)
    TIM2_IRQHandler                          0x0800011f   Thumb Code     0  startup_stm32f103xb.o(.text)
    TIM3_IRQHandler                          0x0800011f   Thumb Code     0  startup_stm32f103xb.o(.text)
    TIM4_IRQHandler                          0x0800011f   Thumb Code     0  startup_stm32f103xb.o(.text)
    USART1_IRQHandler                        0x0800011f   Thumb Code     0  startup_stm32f103xb.o(.text)
    USART2_IRQHandler                        0x0800011f   Thumb Code     0  startup_stm32f103xb.o(.text)
    USART3_IRQHandler                        0x0800011f   Thumb Code     0  startup_stm32f103xb.o(.text)
    USBWakeUp_IRQHandler                     0x0800011f   Thumb Code     0  startup_stm32f103xb.o(.text)
    USB_HP_CAN1_TX_IRQHandler                0x0800011f   Thumb Code     0  startup_stm32f103xb.o(.text)
    USB_LP_CAN1_RX0_IRQHandler               0x0800011f   Thumb Code     0  startup_stm32f103xb.o(.text)
    WWDG_IRQHandler                          0x0800011f   Thumb Code     0  startup_stm32f103xb.o(.text)
    __aeabi_memset                           0x08000129   Thumb Code    14  memseta.o(.text)
    __aeabi_memset4                          0x08000129   Thumb Code     0  memseta.o(.text)
    __aeabi_memset8                          0x08000129   Thumb Code     0  memseta.o(.text)
    __aeabi_memclr                           0x08000137   Thumb Code     4  memseta.o(.text)
    __aeabi_memclr4                          0x08000137   Thumb Code     0  memseta.o(.text)
    __aeabi_memclr8                          0x08000137   Thumb Code     0  memseta.o(.text)
    _memset$wrapper                          0x0800013b   Thumb Code    18  memseta.o(.text)
    __aeabi_uidiv                            0x0800014d   Thumb Code     0  uidiv.o(.text)
    __aeabi_uidivmod                         0x0800014d   Thumb Code    44  uidiv.o(.text)
    __scatterload                            0x08000179   Thumb Code    28  init.o(.text)
    __scatterload_rt2                        0x08000179   Thumb Code     0  init.o(.text)
    BSP_LCD_Clear                            0x0800019d   Thumb Code    48  stm32_adafruit_lcd.o(i.BSP_LCD_Clear)
    BSP_LCD_DrawHLine                        0x080001d1   Thumb Code    74  stm32_adafruit_lcd.o(i.BSP_LCD_DrawHLine)
    BSP_LCD_DrawPixel                        0x08000225   Thumb Code    32  stm32_adafruit_lcd.o(i.BSP_LCD_DrawPixel)
    BSP_LCD_Init                             0x08000249   Thumb Code    44  stm32_adafruit_lcd.o(i.BSP_LCD_Init)
    BSP_LCD_SetFont                          0x08000281   Thumb Code     6  stm32_adafruit_lcd.o(i.BSP_LCD_SetFont)
    BSP_LCD_SetTextColor                     0x0800028d   Thumb Code     6  stm32_adafruit_lcd.o(i.BSP_LCD_SetTextColor)
    BSP_LED_Init                             0x08000299   Thumb Code    94  stm32f1xx_nucleo.o(i.BSP_LED_Init)
    BSP_LED_Off                              0x08000305   Thumb Code    24  stm32f1xx_nucleo.o(i.BSP_LED_Off)
    BSP_LED_On                               0x08000325   Thumb Code    24  stm32f1xx_nucleo.o(i.BSP_LED_On)
    BSP_LED_Toggle                           0x08000345   Thumb Code    22  stm32f1xx_nucleo.o(i.BSP_LED_Toggle)
    BSP_PB_Init                              0x08000365   Thumb Code   122  stm32f1xx_nucleo.o(i.BSP_PB_Init)
    BusFault_Handler                         0x080003f5   Thumb Code     4  stm32f1xx_it.o(i.BusFault_Handler)
    DebugMon_Handler                         0x080003f9   Thumb Code     2  stm32f1xx_it.o(i.DebugMon_Handler)
    EXTI0_IRQHandler                         0x080003fb   Thumb Code    10  stm32f1xx_it.o(i.EXTI0_IRQHandler)
    Error_Handler                            0x08000405   Thumb Code    18  main.o(i.Error_Handler)
    HAL_Delay                                0x08000419   Thumb Code    36  stm32f1xx_hal.o(i.HAL_Delay)
    HAL_GPIO_EXTI_Callback                   0x08000441   Thumb Code    28  main.o(i.HAL_GPIO_EXTI_Callback)
    HAL_GPIO_EXTI_IRQHandler                 0x08000461   Thumb Code    24  stm32f1xx_hal_gpio.o(i.HAL_GPIO_EXTI_IRQHandler)
    HAL_GPIO_Init                            0x0800047d   Thumb Code   766  stm32f1xx_hal_gpio.o(i.HAL_GPIO_Init)
    HAL_GPIO_TogglePin                       0x0800079d   Thumb Code    20  stm32f1xx_hal_gpio.o(i.HAL_GPIO_TogglePin)
    HAL_GPIO_WritePin                        0x080007b1   Thumb Code    12  stm32f1xx_hal_gpio.o(i.HAL_GPIO_WritePin)
    HAL_GetTick                              0x080007bd   Thumb Code     6  stm32f1xx_hal.o(i.HAL_GetTick)
    HAL_IncTick                              0x080007c9   Thumb Code    16  stm32f1xx_hal.o(i.HAL_IncTick)
    HAL_Init                                 0x080007e1   Thumb Code    34  stm32f1xx_hal.o(i.HAL_Init)
    HAL_InitTick                             0x08000809   Thumb Code    64  stm32f1xx_hal.o(i.HAL_InitTick)
    HAL_MspInit                              0x08000855   Thumb Code    76  stm32f1xx_hal_msp.o(i.HAL_MspInit)
    HAL_NVIC_EnableIRQ                       0x080008a9   Thumb Code    32  stm32f1xx_hal_cortex.o(i.HAL_NVIC_EnableIRQ)
    HAL_NVIC_SetPriority                     0x080008c9   Thumb Code   124  stm32f1xx_hal_cortex.o(i.HAL_NVIC_SetPriority)
    HAL_NVIC_SetPriorityGrouping             0x08000945   Thumb Code    32  stm32f1xx_hal_cortex.o(i.HAL_NVIC_SetPriorityGrouping)
    HAL_PWR_EnableBkUpAccess                 0x0800096d   Thumb Code     8  stm32f1xx_hal_pwr.o(i.HAL_PWR_EnableBkUpAccess)
    HAL_RCCEx_GetPeriphCLKFreq               0x08000979   Thumb Code   232  stm32f1xx_hal_rcc_ex.o(i.HAL_RCCEx_GetPeriphCLKFreq)
    HAL_RCCEx_PeriphCLKConfig                0x08000a75   Thumb Code   290  stm32f1xx_hal_rcc_ex.o(i.HAL_RCCEx_PeriphCLKConfig)
    HAL_RCC_ClockConfig                      0x08000ba5   Thumb Code   376  stm32f1xx_hal_rcc.o(i.HAL_RCC_ClockConfig)
    HAL_RCC_GetHCLKFreq                      0x08000d31   Thumb Code     6  stm32f1xx_hal_rcc.o(i.HAL_RCC_GetHCLKFreq)
    HAL_RCC_GetPCLK2Freq                     0x08000d3d   Thumb Code    22  stm32f1xx_hal_rcc.o(i.HAL_RCC_GetPCLK2Freq)
    HAL_RCC_GetSysClockFreq                  0x08000d5d   Thumb Code    92  stm32f1xx_hal_rcc.o(i.HAL_RCC_GetSysClockFreq)
    HAL_RCC_OscConfig                        0x08000dcd   Thumb Code  1114  stm32f1xx_hal_rcc.o(i.HAL_RCC_OscConfig)
    HAL_RTCEx_RTCEventCallback               0x08001231   Thumb Code    16  main.o(i.HAL_RTCEx_RTCEventCallback)
    HAL_RTCEx_RTCEventErrorCallback          0x08001245   Thumb Code     2  stm32f1xx_hal_rtc_ex.o(i.HAL_RTCEx_RTCEventErrorCallback)
    HAL_RTCEx_RTCIRQHandler                  0x08001247   Thumb Code    78  stm32f1xx_hal_rtc_ex.o(i.HAL_RTCEx_RTCIRQHandler)
    HAL_RTCEx_SetSecond_IT                   0x08001295   Thumb Code    58  stm32f1xx_hal_rtc_ex.o(i.HAL_RTCEx_SetSecond_IT)
    HAL_RTC_AlarmAEventCallback              0x080012cf   Thumb Code    12  main.o(i.HAL_RTC_AlarmAEventCallback)
    HAL_RTC_AlarmIRQHandler                  0x080012dd   Thumb Code    56  stm32f1xx_hal_rtc.o(i.HAL_RTC_AlarmIRQHandler)
    HAL_RTC_GetDate                          0x08001319   Thumb Code    82  stm32f1xx_hal_rtc.o(i.HAL_RTC_GetDate)
    HAL_RTC_GetTime                          0x0800136b   Thumb Code   260  stm32f1xx_hal_rtc.o(i.HAL_RTC_GetTime)
    HAL_RTC_Init                             0x08001471   Thumb Code   188  stm32f1xx_hal_rtc.o(i.HAL_RTC_Init)
    HAL_RTC_MspInit                          0x08001531   Thumb Code   112  stm32f1xx_hal_msp.o(i.HAL_RTC_MspInit)
    HAL_RTC_SetDate                          0x080015a9   Thumb Code   242  stm32f1xx_hal_rtc.o(i.HAL_RTC_SetDate)
    HAL_RTC_SetTime                          0x080016a1   Thumb Code   214  stm32f1xx_hal_rtc.o(i.HAL_RTC_SetTime)
    HAL_RTC_WaitForSynchro                   0x0800177d   Thumb Code    64  stm32f1xx_hal_rtc.o(i.HAL_RTC_WaitForSynchro)
    HAL_SPI_GetState                         0x080017bd   Thumb Code     8  stm32f1xx_hal_spi.o(i.HAL_SPI_GetState)
    HAL_SPI_Init                             0x080017c5   Thumb Code   212  stm32f1xx_hal_spi.o(i.HAL_SPI_Init)
    HAL_SPI_MspInit                          0x08001899   Thumb Code   124  stm32f1xx_hal_msp.o(i.HAL_SPI_MspInit)
    HAL_SPI_Transmit                         0x08001921   Thumb Code   502  stm32f1xx_hal_spi.o(i.HAL_SPI_Transmit)
    HAL_SYSTICK_Config                       0x08001b17   Thumb Code    52  stm32f1xx_hal_cortex.o(i.HAL_SYSTICK_Config)
    HardFault_Handler                        0x08001b4b   Thumb Code     4  stm32f1xx_it.o(i.HardFault_Handler)
    LCD_IO_Init                              0x08001b81   Thumb Code   162  stm32f1xx_nucleo.o(i.LCD_IO_Init)
    LCD_RESET_SET                            0x08001c2d   Thumb Code    38  main.o(i.LCD_RESET_SET)
    MemManage_Handler                        0x08001c59   Thumb Code     4  stm32f1xx_it.o(i.MemManage_Handler)
    NMI_Handler                              0x08001c5d   Thumb Code     2  stm32f1xx_it.o(i.NMI_Handler)
    PendSV_Handler                           0x08001c5f   Thumb Code     2  stm32f1xx_it.o(i.PendSV_Handler)
    RTC_Alarm_IRQHandler                     0x08001c89   Thumb Code    10  stm32f1xx_it.o(i.RTC_Alarm_IRQHandler)
    RTC_IRQHandler                           0x08001df5   Thumb Code    10  stm32f1xx_it.o(i.RTC_IRQHandler)
    ST7789_Fill_Color                        0x0800229d   Thumb Code    84  st7789.o(i.ST7789_Fill_Color)
    ST7789_Init                              0x080022f5   Thumb Code   276  st7789.o(i.ST7789_Init)
    ST7789_SetRotation                       0x080024cd   Thumb Code    64  st7789.o(i.ST7789_SetRotation)
    ST7789_WriteChar                         0x0800250d   Thumb Code   182  st7789.o(i.ST7789_WriteChar)
    ST7789_WriteString                       0x0800269d   Thumb Code   130  st7789.o(i.ST7789_WriteString)
    SVC_Handler                              0x08002725   Thumb Code     2  stm32f1xx_it.o(i.SVC_Handler)
    SysTick_Handler                          0x08002727   Thumb Code     8  stm32f1xx_it.o(i.SysTick_Handler)
    SystemClock_Config                       0x0800272f   Thumb Code   136  main.o(i.SystemClock_Config)
    SystemInit                               0x080027b7   Thumb Code     2  system_stm32f1xx.o(i.SystemInit)
    UsageFault_Handler                       0x080027b9   Thumb Code     4  stm32f1xx_it.o(i.UsageFault_Handler)
    __0printf$6                              0x080027bd   Thumb Code    22  printf6.o(i.__0printf$6)
    __1printf$6                              0x080027bd   Thumb Code     0  printf6.o(i.__0printf$6)
    __2printf                                0x080027bd   Thumb Code     0  printf6.o(i.__0printf$6)
    __0sprintf$6                             0x080027dd   Thumb Code    34  printf6.o(i.__0sprintf$6)
    __1sprintf$6                             0x080027dd   Thumb Code     0  printf6.o(i.__0sprintf$6)
    __2sprintf                               0x080027dd   Thumb Code     0  printf6.o(i.__0sprintf$6)
    __scatterload_copy                       0x0800283d   Thumb Code    14  handlers.o(i.__scatterload_copy)
    __scatterload_null                       0x0800284b   Thumb Code     2  handlers.o(i.__scatterload_null)
    __scatterload_zeroinit                   0x0800284d   Thumb Code    14  handlers.o(i.__scatterload_zeroinit)
    concat_data                              0x08002ba9   Thumb Code    86  main.o(i.concat_data)
    concat_time                              0x08002c31   Thumb Code    76  main.o(i.concat_time)
    fputc                                    0x08002ca9   Thumb Code    14  main.o(i.fputc)
    free                                     0x08002cb9   Thumb Code    76  malloc.o(i.free)
    main                                     0x08002d09   Thumb Code   150  main.o(i.main)
    malloc                                   0x08002dc5   Thumb Code    92  malloc.o(i.malloc)
    AHBPrescTable                            0x08002e54   Data          16  system_stm32f1xx.o(.constdata)
    APBPrescTable                            0x08002e64   Data           8  system_stm32f1xx.o(.constdata)
    saber                                    0x08005680   Data       32768  fonts.o(.constdata)
    LED_PIN                                  0x0800d680   Data           2  stm32f1xx_nucleo.o(.constdata)
    BUTTON_PIN                               0x0800d682   Data           2  stm32f1xx_nucleo.o(.constdata)
    BUTTON_IRQn                              0x0800d684   Data           1  stm32f1xx_nucleo.o(.constdata)
    Font24_Table                             0x0800d685   Data        6840  stm32_adafruit_lcd.o(.constdata)
    Font20_Table                             0x0800f13d   Data        3800  stm32_adafruit_lcd.o(.constdata)
    Font16_Table                             0x08010015   Data        3040  stm32_adafruit_lcd.o(.constdata)
    Font12_Table                             0x08010bf5   Data        1140  stm32_adafruit_lcd.o(.constdata)
    Font8_Table                              0x08011069   Data         760  stm32_adafruit_lcd.o(.constdata)
    Region$$Table$$Base                      0x080113b4   Number         0  anon$$obj.o(Region$$Table)
    Region$$Table$$Limit                     0x080113d4   Number         0  anon$$obj.o(Region$$Table)
    BlinkSpeed                               0x20000000   Data           1  main.o(.data)
    JoystickValue                            0x20000001   Data           1  main.o(.data)
    SD_Path                                  0x20000002   Data           4  main.o(.data)
    realdata                                 0x20000006   Data           2  main.o(.data)
    realmonth                                0x20000008   Data           2  main.o(.data)
    realyear                                 0x2000000a   Data           2  main.o(.data)
    realhours                                0x2000000c   Data           2  main.o(.data)
    reatminutes                              0x2000000e   Data           2  main.o(.data)
    reatseconds                              0x20000010   Data           2  main.o(.data)
    __stdout                                 0x20000012   Data           4  main.o(.data)
    __stdin                                  0x20000016   Data           4  main.o(.data)
    backspace_called                         0x2000001a   Data           1  main.o(.data)
    last_char_read                           0x2000001b   Data           1  main.o(.data)
    r                                        0x2000001c   Data           4  main.o(.data)
    uwTick                                   0x20000020   Data           4  stm32f1xx_hal.o(.data)
    uwTickPrio                               0x20000024   Data           4  stm32f1xx_hal.o(.data)
    uwTickFreq                               0x20000028   Data           1  stm32f1xx_hal.o(.data)
    SystemCoreClock                          0x2000002c   Data           4  system_stm32f1xx.o(.data)
    Font_7x10                                0x20000030   Data           8  fonts.o(.data)
    Font_11x18                               0x20000038   Data           8  fonts.o(.data)
    Font_16x26                               0x20000040   Data           8  fonts.o(.data)
    LED_PORT                                 0x20000048   Data           4  stm32f1xx_nucleo.o(.data)
    BUTTON_PORT                              0x2000004c   Data           4  stm32f1xx_nucleo.o(.data)
    SpixTimeout                              0x20000050   Data           4  stm32f1xx_nucleo.o(.data)
    Font24                                   0x20000054   Data           8  stm32_adafruit_lcd.o(.data)
    Font20                                   0x2000005c   Data           8  stm32_adafruit_lcd.o(.data)
    Font16                                   0x20000064   Data           8  stm32_adafruit_lcd.o(.data)
    Font12                                   0x2000006c   Data           8  stm32_adafruit_lcd.o(.data)
    Font8                                    0x20000074   Data           8  stm32_adafruit_lcd.o(.data)
    lcd_drv                                  0x2000007c   Data           4  stm32_adafruit_lcd.o(.data)
    __microlib_freelist                      0x20000080   Data           4  mvars.o(.data)
    __microlib_freelist_initialised          0x20000084   Data           4  mvars.o(.data)
    RtcHandle                                0x20000088   Data          20  main.o(.bss)
    huart1                                   0x2000009c   Data          72  main.o(.bss)
    SpiHandle                                0x200000e4   Data          88  main.o(.bss)
    aShowTime                                0x2000013c   Data          50  main.o(.bss)
    str                                      0x2000016e   Data          20  main.o(.bss)
    pDirectoryFiles                          0x20000184   Data         100  main.o(.bss)
    SD_FatFs                                 0x200001e8   Data         560  main.o(.bss)
    realdatatime                             0x20000418   Data          20  main.o(.bss)
    DrawProp                                 0x2000042c   Data          12  stm32_adafruit_lcd.o(.bss)
    hnucleo_Spi                              0x20000438   Data          88  stm32_adafruit_lcd.o(.bss)
    ST7735_SPI_PORT                          0x20000490   Data          88  stm32_adafruit_lcd.o(.bss)
    __heap_base                              0x20000850   Data           0  startup_stm32f103xb.o(HEAP)
    __heap_limit                             0x20000a50   Data           0  startup_stm32f103xb.o(HEAP)
    __initial_sp                             0x20000e50   Data           0  startup_stm32f103xb.o(STACK)



==============================================================================

Memory Map of the image

  Image Entry point : 0x080000ed

  Load Region LR_IROM1 (Base: 0x08000000, Size: 0x0001145c, Max: 0x00100000, ABSOLUTE)

    Execution Region ER_IROM1 (Exec base: 0x08000000, Load base: 0x08000000, Size: 0x000113d4, Max: 0x00100000, ABSOLUTE)

    Exec Addr    Load Addr    Size         Type   Attr      Idx    E Section Name        Object

    0x08000000   0x08000000   0x000000ec   Data   RO            3    RESET               startup_stm32f103xb.o
    0x080000ec   0x080000ec   0x00000000   Code   RO         4561  * .ARM.Collect$$$$00000000  mc_w.l(entry.o)
    0x080000ec   0x080000ec   0x00000004   Code   RO         4868    .ARM.Collect$$$$00000001  mc_w.l(entry2.o)
    0x080000f0   0x080000f0   0x00000004   Code   RO         4871    .ARM.Collect$$$$00000004  mc_w.l(entry5.o)
    0x080000f4   0x080000f4   0x00000000   Code   RO         4873    .ARM.Collect$$$$00000008  mc_w.l(entry7b.o)
    0x080000f4   0x080000f4   0x00000000   Code   RO         4875    .ARM.Collect$$$$0000000A  mc_w.l(entry8b.o)
    0x080000f4   0x080000f4   0x00000008   Code   RO         4876    .ARM.Collect$$$$0000000B  mc_w.l(entry9a.o)
    0x080000fc   0x080000fc   0x00000004   Code   RO         4883    .ARM.Collect$$$$0000000E  mc_w.l(entry12b.o)
    0x08000100   0x08000100   0x00000000   Code   RO         4878    .ARM.Collect$$$$0000000F  mc_w.l(entry10a.o)
    0x08000100   0x08000100   0x00000000   Code   RO         4880    .ARM.Collect$$$$00000011  mc_w.l(entry11a.o)
    0x08000100   0x08000100   0x00000004   Code   RO         4869    .ARM.Collect$$$$00002712  mc_w.l(entry2.o)
    0x08000104   0x08000104   0x00000024   Code   RO            4    .text               startup_stm32f103xb.o
    0x08000128   0x08000128   0x00000024   Code   RO         4571    .text               mc_w.l(memseta.o)
    0x0800014c   0x0800014c   0x0000002c   Code   RO         4884    .text               mc_w.l(uidiv.o)
    0x08000178   0x08000178   0x00000024   Code   RO         4907    .text               mc_w.l(init.o)
    0x0800019c   0x0800019c   0x00000034   Code   RO         4099    i.BSP_LCD_Clear     stm32_adafruit_lcd.o
    0x080001d0   0x080001d0   0x00000054   Code   RO         4109    i.BSP_LCD_DrawHLine  stm32_adafruit_lcd.o
    0x08000224   0x08000224   0x00000024   Code   RO         4111    i.BSP_LCD_DrawPixel  stm32_adafruit_lcd.o
    0x08000248   0x08000248   0x00000038   Code   RO         4124    i.BSP_LCD_Init      stm32_adafruit_lcd.o
    0x08000280   0x08000280   0x0000000c   Code   RO         4126    i.BSP_LCD_SetFont   stm32_adafruit_lcd.o
    0x0800028c   0x0800028c   0x0000000c   Code   RO         4127    i.BSP_LCD_SetTextColor  stm32_adafruit_lcd.o
    0x08000298   0x08000298   0x0000006c   Code   RO         3902    i.BSP_LED_Init      stm32f1xx_nucleo.o
    0x08000304   0x08000304   0x00000020   Code   RO         3903    i.BSP_LED_Off       stm32f1xx_nucleo.o
    0x08000324   0x08000324   0x00000020   Code   RO         3904    i.BSP_LED_On        stm32f1xx_nucleo.o
    0x08000344   0x08000344   0x00000020   Code   RO         3905    i.BSP_LED_Toggle    stm32f1xx_nucleo.o
    0x08000364   0x08000364   0x00000090   Code   RO         3908    i.BSP_PB_Init       stm32f1xx_nucleo.o
    0x080003f4   0x080003f4   0x00000004   Code   RO          452    i.BusFault_Handler  stm32f1xx_it.o
    0x080003f8   0x080003f8   0x00000002   Code   RO          453    i.DebugMon_Handler  stm32f1xx_it.o
    0x080003fa   0x080003fa   0x0000000a   Code   RO          454    i.EXTI0_IRQHandler  stm32f1xx_it.o
    0x08000404   0x08000404   0x00000012   Code   RO          229    i.Error_Handler     main.o
    0x08000416   0x08000416   0x00000002   PAD
    0x08000418   0x08000418   0x00000028   Code   RO          934    i.HAL_Delay         stm32f1xx_hal.o
    0x08000440   0x08000440   0x00000020   Code   RO          230    i.HAL_GPIO_EXTI_Callback  main.o
    0x08000460   0x08000460   0x0000001c   Code   RO         1248    i.HAL_GPIO_EXTI_IRQHandler  stm32f1xx_hal_gpio.o
    0x0800047c   0x0800047c   0x00000320   Code   RO         1249    i.HAL_GPIO_Init     stm32f1xx_hal_gpio.o
    0x0800079c   0x0800079c   0x00000014   Code   RO         1252    i.HAL_GPIO_TogglePin  stm32f1xx_hal_gpio.o
    0x080007b0   0x080007b0   0x0000000c   Code   RO         1253    i.HAL_GPIO_WritePin  stm32f1xx_hal_gpio.o
    0x080007bc   0x080007bc   0x0000000c   Code   RO          938    i.HAL_GetTick       stm32f1xx_hal.o
    0x080007c8   0x080007c8   0x00000018   Code   RO          944    i.HAL_IncTick       stm32f1xx_hal.o
    0x080007e0   0x080007e0   0x00000028   Code   RO          945    i.HAL_Init          stm32f1xx_hal.o
    0x08000808   0x08000808   0x0000004c   Code   RO          946    i.HAL_InitTick      stm32f1xx_hal.o
    0x08000854   0x08000854   0x00000054   Code   RO          392    i.HAL_MspInit       stm32f1xx_hal_msp.o
    0x080008a8   0x080008a8   0x00000020   Code   RO         1409    i.HAL_NVIC_EnableIRQ  stm32f1xx_hal_cortex.o
    0x080008c8   0x080008c8   0x0000007c   Code   RO         1415    i.HAL_NVIC_SetPriority  stm32f1xx_hal_cortex.o
    0x08000944   0x08000944   0x00000028   Code   RO         1416    i.HAL_NVIC_SetPriorityGrouping  stm32f1xx_hal_cortex.o
    0x0800096c   0x0800096c   0x0000000c   Code   RO         1536    i.HAL_PWR_EnableBkUpAccess  stm32f1xx_hal_pwr.o
    0x08000978   0x08000978   0x000000fc   Code   RO         1210    i.HAL_RCCEx_GetPeriphCLKFreq  stm32f1xx_hal_rcc_ex.o
    0x08000a74   0x08000a74   0x00000130   Code   RO         1211    i.HAL_RCCEx_PeriphCLKConfig  stm32f1xx_hal_rcc_ex.o
    0x08000ba4   0x08000ba4   0x0000018c   Code   RO         1102    i.HAL_RCC_ClockConfig  stm32f1xx_hal_rcc.o
    0x08000d30   0x08000d30   0x0000000c   Code   RO         1107    i.HAL_RCC_GetHCLKFreq  stm32f1xx_hal_rcc.o
    0x08000d3c   0x08000d3c   0x00000020   Code   RO         1110    i.HAL_RCC_GetPCLK2Freq  stm32f1xx_hal_rcc.o
    0x08000d5c   0x08000d5c   0x00000070   Code   RO         1111    i.HAL_RCC_GetSysClockFreq  stm32f1xx_hal_rcc.o
    0x08000dcc   0x08000dcc   0x00000464   Code   RO         1114    i.HAL_RCC_OscConfig  stm32f1xx_hal_rcc.o
    0x08001230   0x08001230   0x00000014   Code   RO          231    i.HAL_RTCEx_RTCEventCallback  main.o
    0x08001244   0x08001244   0x00000002   Code   RO          831    i.HAL_RTCEx_RTCEventErrorCallback  stm32f1xx_hal_rtc_ex.o
    0x08001246   0x08001246   0x0000004e   Code   RO          832    i.HAL_RTCEx_RTCIRQHandler  stm32f1xx_hal_rtc_ex.o
    0x08001294   0x08001294   0x0000003a   Code   RO          833    i.HAL_RTCEx_SetSecond_IT  stm32f1xx_hal_rtc_ex.o
    0x080012ce   0x080012ce   0x0000000c   Code   RO          232    i.HAL_RTC_AlarmAEventCallback  main.o
    0x080012da   0x080012da   0x00000002   PAD
    0x080012dc   0x080012dc   0x0000003c   Code   RO          651    i.HAL_RTC_AlarmIRQHandler  stm32f1xx_hal_rtc.o
    0x08001318   0x08001318   0x00000052   Code   RO          655    i.HAL_RTC_GetDate   stm32f1xx_hal_rtc.o
    0x0800136a   0x0800136a   0x00000104   Code   RO          657    i.HAL_RTC_GetTime   stm32f1xx_hal_rtc.o
    0x0800146e   0x0800146e   0x00000002   PAD
    0x08001470   0x08001470   0x000000c0   Code   RO          658    i.HAL_RTC_Init      stm32f1xx_hal_rtc.o
    0x08001530   0x08001530   0x00000078   Code   RO          394    i.HAL_RTC_MspInit   stm32f1xx_hal_msp.o
    0x080015a8   0x080015a8   0x000000f8   Code   RO          664    i.HAL_RTC_SetDate   stm32f1xx_hal_rtc.o
    0x080016a0   0x080016a0   0x000000dc   Code   RO          665    i.HAL_RTC_SetTime   stm32f1xx_hal_rtc.o
    0x0800177c   0x0800177c   0x00000040   Code   RO          666    i.HAL_RTC_WaitForSynchro  stm32f1xx_hal_rtc.o
    0x080017bc   0x080017bc   0x00000008   Code   RO         1890    i.HAL_SPI_GetState  stm32f1xx_hal_spi.o
    0x080017c4   0x080017c4   0x000000d4   Code   RO         1892    i.HAL_SPI_Init      stm32f1xx_hal_spi.o
    0x08001898   0x08001898   0x00000088   Code   RO          396    i.HAL_SPI_MspInit   stm32f1xx_hal_msp.o
    0x08001920   0x08001920   0x000001f6   Code   RO         1900    i.HAL_SPI_Transmit  stm32f1xx_hal_spi.o
    0x08001b16   0x08001b16   0x00000034   Code   RO         1420    i.HAL_SYSTICK_Config  stm32f1xx_hal_cortex.o
    0x08001b4a   0x08001b4a   0x00000004   Code   RO          455    i.HardFault_Handler  stm32f1xx_it.o
    0x08001b4e   0x08001b4e   0x00000002   PAD
    0x08001b50   0x08001b50   0x00000030   Code   RO          233    i.ITM_SendChar      main.o
    0x08001b80   0x08001b80   0x000000ac   Code   RO         3910    i.LCD_IO_Init       stm32f1xx_nucleo.o
    0x08001c2c   0x08001c2c   0x0000002c   Code   RO          234    i.LCD_RESET_SET     main.o
    0x08001c58   0x08001c58   0x00000004   Code   RO          456    i.MemManage_Handler  stm32f1xx_it.o
    0x08001c5c   0x08001c5c   0x00000002   Code   RO          457    i.NMI_Handler       stm32f1xx_it.o
    0x08001c5e   0x08001c5e   0x00000002   Code   RO          458    i.PendSV_Handler    stm32f1xx_it.o
    0x08001c60   0x08001c60   0x00000028   Code   RO         1115    i.RCC_Delay         stm32f1xx_hal_rcc.o
    0x08001c88   0x08001c88   0x00000010   Code   RO          459    i.RTC_Alarm_IRQHandler  stm32f1xx_it.o
    0x08001c98   0x08001c98   0x00000016   Code   RO          667    i.RTC_Bcd2ToByte    stm32f1xx_hal_rtc.o
    0x08001cae   0x08001cae   0x0000001a   Code   RO          668    i.RTC_ByteToBcd2    stm32f1xx_hal_rtc.o
    0x08001cc8   0x08001cc8   0x000000b6   Code   RO          669    i.RTC_DateUpdate    stm32f1xx_hal_rtc.o
    0x08001d7e   0x08001d7e   0x0000003a   Code   RO          670    i.RTC_EnterInitMode  stm32f1xx_hal_rtc.o
    0x08001db8   0x08001db8   0x0000003a   Code   RO          671    i.RTC_ExitInitMode  stm32f1xx_hal_rtc.o
    0x08001df2   0x08001df2   0x00000002   PAD
    0x08001df4   0x08001df4   0x00000010   Code   RO          460    i.RTC_IRQHandler    stm32f1xx_it.o
    0x08001e04   0x08001e04   0x00000032   Code   RO          672    i.RTC_IsLeapYear    stm32f1xx_hal_rtc.o
    0x08001e36   0x08001e36   0x00000018   Code   RO          673    i.RTC_ReadAlarmCounter  stm32f1xx_hal_rtc.o
    0x08001e4e   0x08001e4e   0x00000034   Code   RO          674    i.RTC_ReadTimeCounter  stm32f1xx_hal_rtc.o
    0x08001e82   0x08001e82   0x00000002   PAD
    0x08001e84   0x08001e84   0x00000074   Code   RO          239    i.RTC_SECConfig     main.o
    0x08001ef8   0x08001ef8   0x0000015c   Code   RO          240    i.RTC_TimeShow      main.o
    0x08002054   0x08002054   0x00000084   Code   RO          675    i.RTC_WeekDayNum    stm32f1xx_hal_rtc.o
    0x080020d8   0x080020d8   0x0000002e   Code   RO          676    i.RTC_WriteAlarmCounter  stm32f1xx_hal_rtc.o
    0x08002106   0x08002106   0x0000002e   Code   RO          677    i.RTC_WriteTimeCounter  stm32f1xx_hal_rtc.o
    0x08002134   0x08002134   0x00000044   Code   RO         1932    i.SPI_EndRxTxTransaction  stm32f1xx_hal_spi.o
    0x08002178   0x08002178   0x000000d8   Code   RO         1940    i.SPI_WaitFlagStateUntilTimeout  stm32f1xx_hal_spi.o
    0x08002250   0x08002250   0x0000004c   Code   RO         3920    i.SPIx_Init         stm32f1xx_nucleo.o
    0x0800229c   0x0800229c   0x00000058   Code   RO         3288    i.ST7789_Fill_Color  st7789.o
    0x080022f4   0x080022f4   0x0000013c   Code   RO         3289    i.ST7789_Init       st7789.o
    0x08002430   0x08002430   0x0000009c   Code   RO         3291    i.ST7789_SetAddressWindow  st7789.o
    0x080024cc   0x080024cc   0x00000040   Code   RO         3292    i.ST7789_SetRotation  st7789.o
    0x0800250c   0x0800250c   0x000000bc   Code   RO         3295    i.ST7789_WriteChar  st7789.o
    0x080025c8   0x080025c8   0x0000003c   Code   RO         3296    i.ST7789_WriteCommand  st7789.o
    0x08002604   0x08002604   0x0000005c   Code   RO         3297    i.ST7789_WriteData  st7789.o
    0x08002660   0x08002660   0x0000003c   Code   RO         3298    i.ST7789_WriteSmallData  st7789.o
    0x0800269c   0x0800269c   0x00000088   Code   RO         3299    i.ST7789_WriteString  st7789.o
    0x08002724   0x08002724   0x00000002   Code   RO          461    i.SVC_Handler       stm32f1xx_it.o
    0x08002726   0x08002726   0x00000008   Code   RO          462    i.SysTick_Handler   stm32f1xx_it.o
    0x0800272e   0x0800272e   0x00000088   Code   RO          242    i.SystemClock_Config  main.o
    0x080027b6   0x080027b6   0x00000002   Code   RO         2918    i.SystemInit        system_stm32f1xx.o
    0x080027b8   0x080027b8   0x00000004   Code   RO          463    i.UsageFault_Handler  stm32f1xx_it.o
    0x080027bc   0x080027bc   0x00000020   Code   RO         4728    i.__0printf$6       mc_w.l(printf6.o)
    0x080027dc   0x080027dc   0x00000028   Code   RO         4730    i.__0sprintf$6      mc_w.l(printf6.o)
    0x08002804   0x08002804   0x00000010   Code   RO         1422    i.__NVIC_GetPriorityGrouping  stm32f1xx_hal_cortex.o
    0x08002814   0x08002814   0x00000028   Code   RO         1423    i.__NVIC_SetPriority  stm32f1xx_hal_cortex.o
    0x0800283c   0x0800283c   0x0000000e   Code   RO         4917    i.__scatterload_copy  mc_w.l(handlers.o)
    0x0800284a   0x0800284a   0x00000002   Code   RO         4918    i.__scatterload_null  mc_w.l(handlers.o)
    0x0800284c   0x0800284c   0x0000000e   Code   RO         4919    i.__scatterload_zeroinit  mc_w.l(handlers.o)
    0x0800285a   0x0800285a   0x00000002   PAD
    0x0800285c   0x0800285c   0x000002f0   Code   RO         4735    i._printf_core      mc_w.l(printf6.o)
    0x08002b4c   0x08002b4c   0x00000024   Code   RO         4736    i._printf_post_padding  mc_w.l(printf6.o)
    0x08002b70   0x08002b70   0x0000002e   Code   RO         4737    i._printf_pre_padding  mc_w.l(printf6.o)
    0x08002b9e   0x08002b9e   0x0000000a   Code   RO         4739    i._sputc            mc_w.l(printf6.o)
    0x08002ba8   0x08002ba8   0x00000088   Code   RO          248    i.concat_data       main.o
    0x08002c30   0x08002c30   0x00000078   Code   RO          249    i.concat_time       main.o
    0x08002ca8   0x08002ca8   0x0000000e   Code   RO          251    i.fputc             main.o
    0x08002cb6   0x08002cb6   0x00000002   PAD
    0x08002cb8   0x08002cb8   0x00000050   Code   RO         4834    i.free              mc_w.l(malloc.o)
    0x08002d08   0x08002d08   0x000000bc   Code   RO          252    i.main              main.o
    0x08002dc4   0x08002dc4   0x0000006c   Code   RO         4835    i.malloc            mc_w.l(malloc.o)
    0x08002e30   0x08002e30   0x00000012   Data   RO         1116    .constdata          stm32f1xx_hal_rcc.o
    0x08002e42   0x08002e42   0x00000012   Data   RO         1212    .constdata          stm32f1xx_hal_rcc_ex.o
    0x08002e54   0x08002e54   0x00000018   Data   RO         2919    .constdata          system_stm32f1xx.o
    0x08002e6c   0x08002e6c   0x0000a814   Data   RO         3259    .constdata          fonts.o
    0x0800d680   0x0800d680   0x00000005   Data   RO         3926    .constdata          stm32f1xx_nucleo.o
    0x0800d685   0x0800d685   0x00003cdc   Data   RO         4132    .constdata          stm32_adafruit_lcd.o
    0x08011361   0x08011361   0x00000003   PAD
    0x08011364   0x08011364   0x00000050   Data   RO          254    .conststring        main.o
    0x080113b4   0x080113b4   0x00000020   Data   RO         4915    Region$$Table       anon$$obj.o


    Execution Region RW_IRAM1 (Exec base: 0x20000000, Load base: 0x080113d4, Size: 0x00000e50, Max: 0x00050000, ABSOLUTE)

    Exec Addr    Load Addr    Size         Type   Attr      Idx    E Section Name        Object

    0x20000000   0x080113d4   0x00000020   Data   RW          255    .data               main.o
    0x20000020   0x080113f4   0x00000009   Data   RW          952    .data               stm32f1xx_hal.o
    0x20000029   0x080113fd   0x00000003   PAD
    0x2000002c   0x08011400   0x00000004   Data   RW         2920    .data               system_stm32f1xx.o
    0x20000030   0x08011404   0x00000018   Data   RW         3260    .data               fonts.o
    0x20000048   0x0801141c   0x0000000c   Data   RW         3927    .data               stm32f1xx_nucleo.o
    0x20000054   0x08011428   0x0000002c   Data   RW         4133    .data               stm32_adafruit_lcd.o
    0x20000080   0x08011454   0x00000004   Data   RW         4892    .data               mc_w.l(mvars.o)
    0x20000084   0x08011458   0x00000004   Data   RW         4893    .data               mc_w.l(mvars.o)
    0x20000088        -       0x000003a4   Zero   RW          253    .bss                main.o
    0x2000042c        -       0x00000422   Zero   RW         4131    .bss                stm32_adafruit_lcd.o
    0x2000084e   0x0801145c   0x00000002   PAD
    0x20000850        -       0x00000200   Zero   RW            2    HEAP                startup_stm32f103xb.o
    0x20000a50        -       0x00000400   Zero   RW            1    STACK               startup_stm32f103xb.o


==============================================================================

Image component sizes


      Code (inc. data)   RO Data    RW Data    ZI Data      Debug   Object Name

         0          0          0          0          0     432968   fatfs_storage.o
         0          0      43028         24          0       1256   fonts.o
      1232        242         80         32        932      10606   main.o
      1160         90          0          0          0       6845   st7789.o
        36          8        236          0       1536        812   startup_stm32f103xb.o
       252         42      15580         44       1058       8505   stm32_adafruit_lcd.o
       192         36          0          9          0       5941   stm32f1xx_hal.o
       304         22          0          0          0      29463   stm32f1xx_hal_cortex.o
       860         38          0          0          0       3928   stm32f1xx_hal_gpio.o
       340         28          0          0          0       2298   stm32f1xx_hal_msp.o
        12          4          0          0          0        523   stm32f1xx_hal_pwr.o
      1716         88         18          0          0       5469   stm32f1xx_hal_rcc.o
       556         34         18          0          0       2393   stm32f1xx_hal_rcc_ex.o
      1822         20          0          0          0      13642   stm32f1xx_hal_rtc.o
       138          0          0          0          0       2265   stm32f1xx_hal_rtc_ex.o
      1006          6          0          0          0       4793   stm32f1xx_hal_spi.o
        74         12          0          0          0       5265   stm32f1xx_it.o
       596         82          5         12          0       5771   stm32f1xx_nucleo.o
         2          0         24          4          0       1119   system_stm32f1xx.o

    ----------------------------------------------------------------------
     10312        752      59024        128       3528     543862   Object Totals
         0          0         32          0          0          0   (incl. Generated)
        14          0          3          3          2          0   (incl. Padding)

    ----------------------------------------------------------------------

      Code (inc. data)   RO Data    RW Data    ZI Data      Debug   Library Member Name

         0          0          0          0          0          0   entry.o
         0          0          0          0          0          0   entry10a.o
         0          0          0          0          0          0   entry11a.o
         4          0          0          0          0          0   entry12b.o
         8          4          0          0          0          0   entry2.o
         4          0          0          0          0          0   entry5.o
         0          0          0          0          0          0   entry7b.o
         0          0          0          0          0          0   entry8b.o
         8          4          0          0          0          0   entry9a.o
        30          0          0          0          0          0   handlers.o
        36          8          0          0          0         68   init.o
       188         20          0          0          0        160   malloc.o
        36          0          0          0          0        108   memseta.o
         0          0          0          8          0          0   mvars.o
       916         20          0          0          0        504   printf6.o
        44          0          0          0          0         80   uidiv.o

    ----------------------------------------------------------------------
      1276         56          0          8          0        920   Library Totals
         2          0          0          0          0          0   (incl. Padding)

    ----------------------------------------------------------------------

      Code (inc. data)   RO Data    RW Data    ZI Data      Debug   Library Name

      1274         56          0          8          0        920   mc_w.l

    ----------------------------------------------------------------------
      1276         56          0          8          0        920   Library Totals

    ----------------------------------------------------------------------

==============================================================================


      Code (inc. data)   RO Data    RW Data    ZI Data      Debug   

     11588        808      59024        136       3528     539526   Grand Totals
     11588        808      59024        136       3528     539526   ELF Image Totals
     11588        808      59024        136          0          0   ROM Totals

==============================================================================

    Total RO  Size (Code + RO Data)                70612 (  68.96kB)
    Total RW  Size (RW Data + ZI Data)              3664 (   3.58kB)
    Total ROM Size (Code + RO Data + RW Data)      70748 (  69.09kB)

==============================================================================

