<html>
<body>
<pre>
<h1>�Vision Build Log</h1>
<h2>Tool Versions:</h2>
IDE-Version: �Vision V5.33.0.0
Copyright (C) 2020 ARM Ltd and ARM Germany GmbH. All rights reserved.
License Information: Yuriy Samartsev, KPI, LIC=QF82M-XTX1Z-FWD2N-YIHRR-EQB6Z-J50WR
 
Tool Versions:
Toolchain:       MDK-ARM Plus  Version: 5.33.0.0
Toolchain Path:  C:\Keil_v5\ARM\ARMCC\Bin
C Compiler:      Armcc.exe V5.06 update 7 (build 960)
Assembler:       Armasm.exe V5.06 update 7 (build 960)
Linker/Locator:  ArmLink.exe V5.06 update 7 (build 960)
Library Manager: ArmAr.exe V5.06 update 7 (build 960)
Hex Converter:   FromElf.exe V5.06 update 7 (build 960)
CPU DLL:         SARMCM3.DLL V5.33.0.0
Dialog DLL:      DARMSTM.DLL V1.68.0.0
Target DLL:      STLink\ST-LINKIII-KEIL_SWO.dll V3.0.8.0
Dialog DLL:      TCM.DLL V1.48.0.0
 
<h2>Project:</h2>
D:\myWork\controlers\STM32\stm32f103\STM32103_Smart\TFT_LCD\MDK-ARM\TFT_LCD.uvprojx
Project File Date:  03/05/2025

<h2>Output:</h2>
*** Using Compiler 'V5.06 update 7 (build 960)', folder: 'C:\Keil_v5\ARM\ARMCC\Bin'
Build target 'TFT_LCD'
creating preprocessor file for Retarget.c...
creating preprocessor file for main.c...
creating preprocessor file for Serial.c...
creating preprocessor file for stm32f1xx_hal.c...
creating preprocessor file for stm32f1xx_it.c...
creating preprocessor file for stm32f1xx_hal_msp.c...
creating preprocessor file for stm32f1xx_hal_spi.c...
creating preprocessor file for stm32f1xx_hal_gpio.c...
creating preprocessor file for stm32f1xx_hal_rtc.c...
creating preprocessor file for stm32f1xx_hal_rtc_ex.c...
creating preprocessor file for stm32f1xx_hal_pwr.c...
creating preprocessor file for stm32f1xx_hal_rcc.c...
creating preprocessor file for stm32f1xx_hal_gpio_ex.c...
creating preprocessor file for stm32f1xx_hal_cortex.c...
creating preprocessor file for stm32f1xx_hal_rcc_ex.c...
creating preprocessor file for diskio.c...
creating preprocessor file for stm32f1xx_hal_adc.c...
creating preprocessor file for stm32f1xx_hal_dma.c...
creating preprocessor file for stm32f1xx_hal_uart.c...
creating preprocessor file for stm32f1xx_hal_usart.c...
creating preprocessor file for system_stm32f1xx.c...
creating preprocessor file for stm32f1xx_hal_adc_ex.c...
compiling diskio.c...
creating preprocessor file for ff_gen_drv.c...
creating preprocessor file for ff.c...
compiling ff_gen_drv.c...
creating preprocessor file for stm32f1xx_nucleo.c...
creating preprocessor file for fonts.c...
compiling ff.c...
creating preprocessor file for st7789.c...
creating preprocessor file for stm32_adafruit_lcd.c...
creating preprocessor file for st7735.c...
creating preprocessor file for retarget_io.c...
compiling stm32f1xx_it.c...
compiling stm32f1xx_nucleo.c...
..\Drivers\BSP\STM32F1xx_Nucleo\stm32f1xx_nucleo.c(90): warning:  #520-D: initialization with "{...}" expected for aggregate object
  GPIO_TypeDef* LED_PORT[LEDn] = (LED0_GPIO_PORT);
..\Drivers\BSP\STM32F1xx_Nucleo\stm32f1xx_nucleo.c: 1 warning, 0 errors
compiling Serial.c...
compiling stm32f1xx_hal_msp.c...
compiling st7789.c...
..\Drivers\BSP\Components\st7789\st7789.c(305): warning:  #186-D: pointless comparison of unsigned integer with zero
  	if ((x < 0) || (x >= ST7789_WIDTH) ||
..\Drivers\BSP\Components\st7789\st7789.c(306): warning:  #186-D: pointless comparison of unsigned integer with zero
  		 (y < 0) || (y >= ST7789_HEIGHT))	return;
..\Drivers\BSP\Components\st7789\st7789.c(324): warning:  #186-D: pointless comparison of unsigned integer with zero
  	if ((xEnd < 0) || (xEnd >= ST7789_WIDTH) ||
..\Drivers\BSP\Components\st7789\st7789.c(325): warning:  #186-D: pointless comparison of unsigned integer with zero
  		 (yEnd < 0) || (yEnd >= ST7789_HEIGHT))	return;
..\Drivers\BSP\Components\st7789\st7789.c(519): warning:  #177-D: variable "b"  was declared but never referenced
  	uint32_t i, b, j;
..\Drivers\BSP\Components\st7789\st7789.c: 5 warnings, 0 errors
compiling main.c...
..\Src\main.c(486): warning:  #111-D: statement is unreachable
  					break;
..\Src\main.c(600): warning:  #111-D: statement is unreachable
  	Error_Handler();
..\Src\main.c(712): warning:  #550-D: variable "salarmstructure"  was set but never used
    RTC_AlarmTypeDef salarmstructure;
..\Src\main.c(772): warning:  #177-D: variable "salarmstructure"  was declared but never referenced
    RTC_AlarmTypeDef salarmstructure;
..\Src\main.c(818): warning:  #225-D: the format string ends before this argument
  	sprintf(realdate, "%02d", sdatestructureget.Date, 2);
..\Src\main.c(870): warning:  #177-D: variable "myspace"  was declared but never referenced
  	char myspace[1] = " ";
..\Src\main.c(888): warning:  #177-D: variable "mydate"  was declared but never referenced
  	char mydate[2] = "20";
..\Src\main.c(908): warning:  #177-D: variable "Font_Size"  was declared but never referenced
  	FontDef Font_Size = Font_11x18;
..\Src\main.c(974): warning:  #167-D: argument of type "char *" is incompatible with parameter of type "uint8_t *"
  				if(Buffercmp(aRxBuffer, (uint8_t *) myRES, COUNTmyresponseAT))  //перевірка на відповідність AT команди і відповіді
..\Src\main.c(977): warning:  #111-D: statement is unreachable
  					break;
..\Src\main.c(980): warning:  #111-D: statement is unreachable
  				break;
..\Src\main.c(986): warning:  #111-D: statement is unreachable
  				break;
..\Src\main.c(989): warning:  #111-D: statement is unreachable
  				break;
..\Src\main.c(993): warning:  #940-D: missing return statement at end of non-void function "myExchange" 
  }
..\Src\main.c(1021): warning:  #177-D: variable "mycrc"  was declared but never referenced
  			char *mycrc;
..\Src\main.c(118): warning:  #177-D: function "MX_SPI_Init"  was declared but never referenced
  static void MX_SPI_Init(void);
..\Src\main.c(126): warning:  #177-D: function "LED0_Blink"  was declared but never referenced
  static void LED0_Blink(void);
..\Src\main.c(127): warning:  #177-D: function "TFT_ShieldDetect"  was declared but never referenced
  static ShieldStatus TFT_ShieldDetect(void);
..\Src\main.c(128): warning:  #177-D: function "SDCard_Config"  was declared but never referenced
  static void SDCard_Config(void);
..\Src\main.c(129): warning:  #177-D: function "TFT_DisplayErrorMessage"  was declared but never referenced
  static void TFT_DisplayErrorMessage(uint8_t message);
..\Src\main.c(130): warning:  #177-D: function "TFT_DisplayMenu"  was declared but never referenced
  static void TFT_DisplayMenu(void);
..\Src\main.c(131): warning:  #177-D: function "TFT_DisplayImages"  was declared but never referenced
  static void TFT_DisplayImages(void);
..\Src\main.c: 22 warnings, 0 errors
compiling st7735.c...
compiling stm32_adafruit_lcd.c...
..\Drivers\BSP\Adafruit_Shield\stm32_adafruit_lcd.c(1188): warning:  #186-D: pointless comparison of unsigned integer with zero
  	if ((x < 0) || (x >= LCD_WIDTH) ||
..\Drivers\BSP\Adafruit_Shield\stm32_adafruit_lcd.c(1189): warning:  #186-D: pointless comparison of unsigned integer with zero
  		 (y < 0) || (y >= LCD_HEIGHT))	return;
..\Drivers\BSP\Adafruit_Shield\stm32_adafruit_lcd.c(1215): warning:  #186-D: pointless comparison of unsigned integer with zero
  	if ((xEnd < 0) || (xEnd >= LCD_WIDTH) ||
..\Drivers\BSP\Adafruit_Shield\stm32_adafruit_lcd.c(1216): warning:  #186-D: pointless comparison of unsigned integer with zero
  		 (yEnd < 0) || (yEnd >= LCD_HEIGHT))	return;
..\Drivers\BSP\Adafruit_Shield\stm32_adafruit_lcd.c(1425): warning:  #177-D: variable "b"  was declared but never referenced
  	uint32_t i, b, j;
..\Drivers\BSP\Adafruit_Shield\stm32_adafruit_lcd.c: 5 warnings, 0 errors
linking...
Program Size: Code=18668 RO-data=58944 RW-data=220 ZI-data=3580  
FromELF: creating hex file...
"TFT_LCD\TFT_LCD.axf" - 0 Error(s), 33 Warning(s).

<h2>Software Packages used:</h2>

Package Vendor: ARM
                http://www.keil.com/pack/ARM.CMSIS.5.7.0.pack
                ARM.CMSIS.5.7.0
                CMSIS (Cortex Microcontroller Software Interface Standard)
   * Component: CORE Version: 5.4.0

Package Vendor: Keil
                http://www.keil.com/pack/Keil.ARM_Compiler.1.6.3.pack
                Keil.ARM_Compiler.1.6.3
                Keil ARM Compiler extensions for ARM Compiler 5 and ARM Compiler 6
   * Component: STDERR Variant: ITM Version: 1.2.0
   * Component: STDIN Variant: ITM Version: 1.2.0
   * Component: STDOUT Variant: ITM Version: 1.2.0

Package Vendor: Keil
                https://www.keil.com/pack/Keil.STM32F1xx_DFP.2.4.1.pack
                Keil.STM32F1xx_DFP.2.4.1
                STMicroelectronics STM32F1 Series Device Support, Drivers and Examples

<h2>Collection of Component include folders:</h2>
  .\RTE\_TFT_LCD
  C:\Keil_v5\ARM\PACK\ARM\CMSIS\5.7.0\CMSIS\Core\Include
  C:\Keil_v5\ARM\PACK\Keil\STM32F1xx_DFP\2.4.1\Device\Include

<h2>Collection of Component Files used:</h2>

   * Component: ARM::CMSIS:CORE:5.4.0
      Include file:  CMSIS\Core\Include\tz_context.h

   * Component: Keil.ARM Compiler::Compiler:I/O:STDERR:ITM:1.2.0
      Source file:   Source\retarget_io.c

   * Component: Keil.ARM Compiler::Compiler:I/O:STDIN:ITM:1.2.0
      Source file:   Source\retarget_io.c

   * Component: Keil.ARM Compiler::Compiler:I/O:STDOUT:ITM:1.2.0
      Source file:   Source\retarget_io.c
Build Time Elapsed:  00:00:06
</pre>
</body>
</html>
